Copyright 1986-2022 Xilinx, Inc. All Rights Reserved. Copyright 2022-2026 Advanced Micro Devices, Inc. All Rights Reserved.
-------------------------------------------------------------------------------------------------------------------------------------------------------------------------
| Tool Version     : Vivado v.2026.1 (lin64) Build 6511674 Tue Jun 16 11:01:26 MDT 2026
| Date             : Sat Aug  8 21:27:59 2026
| Host             : steven-studio-System-Product-Name running 64-bit Ubuntu 24.04.3 LTS
| Command          : report_power -file systolic_uart_top_power_routed.rpt -pb systolic_uart_top_power_summary_routed.pb -rpx systolic_uart_top_power_routed.rpx
| Design           : systolic_uart_top
| Device           : xc7a200tsbg484-1
| Design State     : routed
| Grade            : commercial
| Process          : typical
| Characterization : Production
-------------------------------------------------------------------------------------------------------------------------------------------------------------------------

Power Report

Table of Contents
-----------------
1. Summary
1.1 On-Chip Components
1.2 Power Supply Summary
1.3 Confidence Level
2. Settings
2.1 Environment
2.2 Clock Constraints
3. Detailed Reports
3.1 By Hierarchy

1. Summary
----------

+--------------------------+--------------+
| Total On-Chip Power (W)  | 1.258        |
| Design Power Budget (W)  | Unspecified* |
| Power Budget Margin (W)  | NA           |
| Dynamic (W)              | 1.114        |
| Device Static (W)        | 0.144        |
| Effective TJA (C/W)      | 3.3          |
| Max Ambient (C)          | 80.8         |
| Junction Temperature (C) | 29.2         |
| Confidence Level         | Medium       |
| Setting File             | ---          |
| Simulation Activity File | ---          |
| Design Nets Matched      | NA           |
+--------------------------+--------------+
* Specify Design Power Budget using, set_operating_conditions -design_power_budget <value in Watts>


1.1 On-Chip Components
----------------------

+-------------------------+-----------+----------+-----------+-----------------+
| On-Chip                 | Power (W) | Used     | Available | Utilization (%) |
+-------------------------+-----------+----------+-----------+-----------------+
| Clocks                  |     0.271 |        3 |       --- |             --- |
| Slice Logic             |     0.209 |   191894 |       --- |             --- |
|   LUT as Logic          |     0.168 |    44074 |    133800 |           32.94 |
|   Register              |     0.022 |    99351 |    267600 |           37.13 |
|   LUT as Shift Register |     0.009 |     2280 |     46200 |            4.94 |
|   CARRY4                |     0.009 |     3496 |     33450 |           10.45 |
|   F7/F8 Muxes           |     0.001 |     8576 |    133800 |            6.41 |
|   Others                |     0.000 |    21512 |       --- |             --- |
| Signals                 |     0.398 |   132807 |       --- |             --- |
| DSPs                    |     0.235 |      384 |       740 |           51.89 |
| I/O                     |    <0.001 |        4 |       285 |            1.40 |
| Static Power            |     0.144 |          |           |                 |
| Total                   |     1.258 |          |           |                 |
+-------------------------+-----------+----------+-----------+-----------------+


1.2 Power Supply Summary
------------------------

+-----------+-------------+-----------+-------------+------------+-------------+-------------+------------+
| Source    | Voltage (V) | Total (A) | Dynamic (A) | Static (A) | Powerup (A) | Budget (A)  | Margin (A) |
+-----------+-------------+-----------+-------------+------------+-------------+-------------+------------+
| Vccint    |       1.000 |     1.149 |       1.113 |      0.035 |       NA    | Unspecified | NA         |
| Vccaux    |       1.800 |     0.031 |       0.000 |      0.031 |       NA    | Unspecified | NA         |
| Vcco33    |       3.300 |     0.005 |       0.000 |      0.005 |       NA    | Unspecified | NA         |
| Vcco25    |       2.500 |     0.000 |       0.000 |      0.000 |       NA    | Unspecified | NA         |
| Vcco18    |       1.800 |     0.000 |       0.000 |      0.000 |       NA    | Unspecified | NA         |
| Vcco15    |       1.500 |     0.000 |       0.000 |      0.000 |       NA    | Unspecified | NA         |
| Vcco135   |       1.350 |     0.000 |       0.000 |      0.000 |       NA    | Unspecified | NA         |
| Vcco12    |       1.200 |     0.000 |       0.000 |      0.000 |       NA    | Unspecified | NA         |
| Vccaux_io |       1.800 |     0.000 |       0.000 |      0.000 |       NA    | Unspecified | NA         |
| Vccbram   |       1.000 |     0.001 |       0.000 |      0.001 |       NA    | Unspecified | NA         |
| MGTAVcc   |       1.000 |     0.000 |       0.000 |      0.000 |       NA    | Unspecified | NA         |
| MGTAVtt   |       1.200 |     0.000 |       0.000 |      0.000 |       NA    | Unspecified | NA         |
| Vccadc    |       1.800 |     0.020 |       0.000 |      0.020 |       NA    | Unspecified | NA         |
+-----------+-------------+-----------+-------------+------------+-------------+-------------+------------+


1.3 Confidence Level
--------------------

+-----------------------------+------------+-------------------------------------------------------+------------------------------------------------------------------------------------------------------------+
| User Input Data             | Confidence | Details                                               | Action                                                                                                     |
+-----------------------------+------------+-------------------------------------------------------+------------------------------------------------------------------------------------------------------------+
| Design implementation state | High       | Design is routed                                      |                                                                                                            |
| Clock nodes activity        | High       | User specified more than 95% of clocks                |                                                                                                            |
| I/O nodes activity          | Medium     | More than 5% of inputs are missing user specification | Provide missing input activity with simulation results or by editing the "By Resource Type -> I/Os" view   |
| Internal nodes activity     | Medium     | User specified less than 25% of internal nodes        | Provide missing internal nodes activity with simulation results or by editing the "By Resource Type" views |
| Device models               | High       | Device models are Production                          |                                                                                                            |
|                             |            |                                                       |                                                                                                            |
| Overall confidence level    | Medium     |                                                       |                                                                                                            |
+-----------------------------+------------+-------------------------------------------------------+------------------------------------------------------------------------------------------------------------+


2. Settings
-----------

2.1 Environment
---------------

+-----------------------+--------------------------+
| Ambient Temp (C)      | 25.0                     |
| ThetaJA (C/W)         | 3.3                      |
| Airflow (LFM)         | 250                      |
| Heat Sink             | medium (Medium Profile)  |
| ThetaSA (C/W)         | 4.6                      |
| Board Selection       | medium (10"x10")         |
| # of Board Layers     | 12to15 (12 to 15 Layers) |
| Board Temperature (C) | 25.0                     |
+-----------------------+--------------------------+


2.2 Clock Constraints
---------------------

+-------+--------+-----------------+
| Clock | Domain | Constraint (ns) |
+-------+--------+-----------------+
| clk   | clk    |            10.0 |
+-------+--------+-----------------+


3. Detailed Reports
-------------------

3.1 By Hierarchy
----------------

+----------------------------+-----------+
| Name                       | Power (W) |
+----------------------------+-----------+
| systolic_uart_top          |     1.114 |
|   u_array                  |     1.083 |
|     ROW[0].COL[0].u_pe     |     0.013 |
|       u_fp_add             |     0.007 |
|       u_fp_mul             |     0.004 |
|     ROW[0].COL[0].u_reduce |     0.006 |
|       u_reduce_add         |     0.006 |
|     ROW[0].COL[1].u_pe     |     0.010 |
|       u_fp_add             |     0.006 |
|       u_fp_mul             |     0.002 |
|     ROW[0].COL[1].u_reduce |     0.006 |
|       u_reduce_add         |     0.006 |
|     ROW[0].COL[2].u_pe     |     0.010 |
|       u_fp_add             |     0.006 |
|       u_fp_mul             |     0.002 |
|     ROW[0].COL[2].u_reduce |     0.006 |
|       u_reduce_add         |     0.006 |
|     ROW[0].COL[3].u_pe     |     0.010 |
|       u_fp_add             |     0.006 |
|       u_fp_mul             |     0.002 |
|     ROW[0].COL[3].u_reduce |     0.006 |
|       u_reduce_add         |     0.006 |
|     ROW[0].COL[4].u_pe     |     0.010 |
|       u_fp_add             |     0.006 |
|       u_fp_mul             |     0.002 |
|     ROW[0].COL[4].u_reduce |     0.006 |
|       u_reduce_add         |     0.005 |
|     ROW[0].COL[5].u_pe     |     0.012 |
|       u_fp_add             |     0.007 |
|       u_fp_mul             |     0.003 |
|     ROW[0].COL[5].u_reduce |     0.006 |
|       u_reduce_add         |     0.006 |
|     ROW[0].COL[6].u_pe     |     0.012 |
|       u_fp_add             |     0.007 |
|       u_fp_mul             |     0.003 |
|     ROW[0].COL[6].u_reduce |     0.006 |
|       u_reduce_add         |     0.006 |
|     ROW[0].COL[7].u_pe     |     0.012 |
|       u_fp_add             |     0.007 |
|       u_fp_mul             |     0.004 |
|     ROW[0].COL[7].u_reduce |     0.006 |
|       u_reduce_add         |     0.006 |
|     ROW[1].COL[0].u_pe     |     0.013 |
|       u_fp_add             |     0.007 |
|       u_fp_mul             |     0.004 |
|     ROW[1].COL[0].u_reduce |     0.006 |
|       u_reduce_add         |     0.006 |
|     ROW[1].COL[1].u_pe     |     0.011 |
|       u_fp_add             |     0.006 |
|       u_fp_mul             |     0.002 |
|     ROW[1].COL[1].u_reduce |     0.006 |
|       u_reduce_add         |     0.006 |
|     ROW[1].COL[2].u_pe     |     0.012 |
|       u_fp_add             |     0.008 |
|       u_fp_mul             |     0.002 |
|     ROW[1].COL[2].u_reduce |     0.006 |
|       u_reduce_add         |     0.006 |
|     ROW[1].COL[3].u_pe     |     0.010 |
|       u_fp_add             |     0.006 |
|       u_fp_mul             |     0.002 |
|     ROW[1].COL[3].u_reduce |     0.006 |
|       u_reduce_add         |     0.005 |
|     ROW[1].COL[4].u_pe     |     0.010 |
|       u_fp_add             |     0.006 |
|       u_fp_mul             |     0.002 |
|     ROW[1].COL[4].u_reduce |     0.006 |
|       u_reduce_add         |     0.006 |
|     ROW[1].COL[5].u_pe     |     0.012 |
|       u_fp_add             |     0.006 |
|       u_fp_mul             |     0.004 |
|     ROW[1].COL[5].u_reduce |     0.006 |
|       u_reduce_add         |     0.006 |
|     ROW[1].COL[6].u_pe     |     0.012 |
|       u_fp_add             |     0.006 |
|       u_fp_mul             |     0.003 |
|     ROW[1].COL[6].u_reduce |     0.006 |
|       u_reduce_add         |     0.006 |
|     ROW[1].COL[7].u_pe     |     0.012 |
|       u_fp_add             |     0.006 |
|       u_fp_mul             |     0.004 |
|     ROW[1].COL[7].u_reduce |     0.006 |
|       u_reduce_add         |     0.005 |
|     ROW[2].COL[0].u_pe     |     0.013 |
|       u_fp_add             |     0.006 |
|       u_fp_mul             |     0.004 |
|     ROW[2].COL[0].u_reduce |     0.006 |
|       u_reduce_add         |     0.006 |
|     ROW[2].COL[1].u_pe     |     0.010 |
|       u_fp_add             |     0.006 |
|       u_fp_mul             |     0.002 |
|     ROW[2].COL[1].u_reduce |     0.006 |
|       u_reduce_add         |     0.006 |
|     ROW[2].COL[2].u_pe     |     0.010 |
|       u_fp_add             |     0.006 |
|       u_fp_mul             |     0.002 |
|     ROW[2].COL[2].u_reduce |     0.011 |
|       u_reduce_add         |     0.010 |
|     ROW[2].COL[3].u_pe     |     0.010 |
|       u_fp_add             |     0.006 |
|       u_fp_mul             |     0.002 |
|     ROW[2].COL[3].u_reduce |     0.006 |
|       u_reduce_add         |     0.005 |
|     ROW[2].COL[4].u_pe     |     0.010 |
|       u_fp_add             |     0.006 |
|       u_fp_mul             |     0.002 |
|     ROW[2].COL[4].u_reduce |     0.006 |
|       u_reduce_add         |     0.005 |
|     ROW[2].COL[5].u_pe     |     0.012 |
|       u_fp_add             |     0.006 |
|       u_fp_mul             |     0.003 |
|     ROW[2].COL[5].u_reduce |     0.006 |
|       u_reduce_add         |     0.005 |
|     ROW[2].COL[6].u_pe     |     0.012 |
|       u_fp_add             |     0.007 |
|       u_fp_mul             |     0.003 |
|     ROW[2].COL[6].u_reduce |     0.006 |
|       u_reduce_add         |     0.005 |
|     ROW[2].COL[7].u_pe     |     0.012 |
|       u_fp_add             |     0.007 |
|       u_fp_mul             |     0.003 |
|     ROW[2].COL[7].u_reduce |     0.006 |
|       u_reduce_add         |     0.005 |
|     ROW[3].COL[0].u_pe     |     0.011 |
|       u_fp_add             |     0.006 |
|       u_fp_mul             |     0.003 |
|     ROW[3].COL[0].u_reduce |     0.006 |
|       u_reduce_add         |     0.005 |
|     ROW[3].COL[1].u_pe     |     0.009 |
|       u_fp_add             |     0.006 |
|       u_fp_mul             |     0.001 |
|     ROW[3].COL[1].u_reduce |     0.006 |
|       u_reduce_add         |     0.006 |
|     ROW[3].COL[2].u_pe     |     0.009 |
|       u_fp_add             |     0.006 |
|       u_fp_mul             |     0.002 |
|     ROW[3].COL[2].u_reduce |     0.006 |
|       u_reduce_add         |     0.005 |
|     ROW[3].COL[3].u_pe     |     0.010 |
|       u_fp_add             |     0.006 |
|       u_fp_mul             |     0.001 |
|     ROW[3].COL[3].u_reduce |     0.006 |
|       u_reduce_add         |     0.005 |
|     ROW[3].COL[4].u_pe     |     0.009 |
|       u_fp_add             |     0.006 |
|       u_fp_mul             |     0.001 |
|     ROW[3].COL[4].u_reduce |     0.006 |
|       u_reduce_add         |     0.005 |
|     ROW[3].COL[5].u_pe     |     0.011 |
|       u_fp_add             |     0.006 |
|       u_fp_mul             |     0.003 |
|     ROW[3].COL[5].u_reduce |     0.006 |
|       u_reduce_add         |     0.006 |
|     ROW[3].COL[6].u_pe     |     0.011 |
|       u_fp_add             |     0.006 |
|       u_fp_mul             |     0.003 |
|     ROW[3].COL[6].u_reduce |     0.006 |
|       u_reduce_add         |     0.005 |
|     ROW[3].COL[7].u_pe     |     0.011 |
|       u_fp_add             |     0.006 |
|       u_fp_mul             |     0.003 |
|     ROW[3].COL[7].u_reduce |     0.006 |
|       u_reduce_add         |     0.005 |
|     ROW[4].COL[0].u_pe     |     0.011 |
|       u_fp_add             |     0.006 |
|       u_fp_mul             |     0.003 |
|     ROW[4].COL[0].u_reduce |     0.006 |
|       u_reduce_add         |     0.005 |
|     ROW[4].COL[1].u_pe     |     0.009 |
|       u_fp_add             |     0.006 |
|       u_fp_mul             |     0.001 |
|     ROW[4].COL[1].u_reduce |     0.006 |
|       u_reduce_add         |     0.005 |
|     ROW[4].COL[2].u_pe     |     0.009 |
|       u_fp_add             |     0.006 |
|       u_fp_mul             |     0.001 |
|     ROW[4].COL[2].u_reduce |     0.006 |
|       u_reduce_add         |     0.005 |
|     ROW[4].COL[3].u_pe     |     0.009 |
|       u_fp_add             |     0.006 |
|       u_fp_mul             |     0.001 |
|     ROW[4].COL[3].u_reduce |     0.006 |
|       u_reduce_add         |     0.005 |
|     ROW[4].COL[4].u_pe     |     0.010 |
|       u_fp_add             |     0.006 |
|       u_fp_mul             |     0.001 |
|     ROW[4].COL[4].u_reduce |     0.006 |
|       u_reduce_add         |     0.005 |
|     ROW[4].COL[5].u_pe     |     0.011 |
|       u_fp_add             |     0.006 |
|       u_fp_mul             |     0.003 |
|     ROW[4].COL[5].u_reduce |     0.006 |
|       u_reduce_add         |     0.005 |
|     ROW[4].COL[6].u_pe     |     0.011 |
|       u_fp_add             |     0.006 |
|       u_fp_mul             |     0.003 |
|     ROW[4].COL[6].u_reduce |     0.006 |
|       u_reduce_add         |     0.005 |
|     ROW[4].COL[7].u_pe     |     0.011 |
|       u_fp_add             |     0.006 |
|       u_fp_mul             |     0.003 |
|     ROW[4].COL[7].u_reduce |     0.006 |
|       u_reduce_add         |     0.005 |
|     ROW[5].COL[0].u_pe     |     0.011 |
|       u_fp_add             |     0.006 |
|       u_fp_mul             |     0.003 |
|     ROW[5].COL[0].u_reduce |     0.006 |
|       u_reduce_add         |     0.005 |
|     ROW[5].COL[1].u_pe     |     0.009 |
|       u_fp_add             |     0.006 |
|       u_fp_mul             |     0.001 |
|     ROW[5].COL[1].u_reduce |     0.006 |
|       u_reduce_add         |     0.005 |
|     ROW[5].COL[2].u_pe     |     0.009 |
|       u_fp_add             |     0.006 |
|       u_fp_mul             |     0.001 |
|     ROW[5].COL[2].u_reduce |     0.006 |
|       u_reduce_add         |     0.006 |
|     ROW[5].COL[3].u_pe     |     0.009 |
|       u_fp_add             |     0.006 |
|       u_fp_mul             |     0.001 |
|     ROW[5].COL[3].u_reduce |     0.006 |
|       u_reduce_add         |     0.006 |
|     ROW[5].COL[4].u_pe     |     0.009 |
|       u_fp_add             |     0.006 |
|       u_fp_mul             |     0.001 |
|     ROW[5].COL[4].u_reduce |     0.006 |
|       u_reduce_add         |     0.005 |
|     ROW[5].COL[5].u_pe     |     0.012 |
|       u_fp_add             |     0.006 |
|       u_fp_mul             |     0.003 |
|     ROW[5].COL[5].u_reduce |     0.006 |
|       u_reduce_add         |     0.006 |
|     ROW[5].COL[6].u_pe     |     0.011 |
|       u_fp_add             |     0.006 |
|       u_fp_mul             |     0.003 |
|     ROW[5].COL[6].u_reduce |     0.006 |
|       u_reduce_add         |     0.005 |
|     ROW[5].COL[7].u_pe     |     0.011 |
|       u_fp_add             |     0.006 |
|       u_fp_mul             |     0.003 |
|     ROW[5].COL[7].u_reduce |     0.006 |
|       u_reduce_add         |     0.006 |
|     ROW[6].COL[0].u_pe     |     0.013 |
|       u_fp_add             |     0.007 |
|       u_fp_mul             |     0.004 |
|     ROW[6].COL[0].u_reduce |     0.006 |
|       u_reduce_add         |     0.006 |
|     ROW[6].COL[1].u_pe     |     0.010 |
|       u_fp_add             |     0.006 |
|       u_fp_mul             |     0.002 |
|     ROW[6].COL[1].u_reduce |     0.006 |
|       u_reduce_add         |     0.006 |
|     ROW[6].COL[2].u_pe     |     0.010 |
|       u_fp_add             |     0.006 |
|       u_fp_mul             |     0.002 |
|     ROW[6].COL[2].u_reduce |     0.006 |
|       u_reduce_add         |     0.006 |
|     ROW[6].COL[3].u_pe     |     0.010 |
|       u_fp_add             |     0.006 |
|       u_fp_mul             |     0.002 |
|     ROW[6].COL[3].u_reduce |     0.006 |
|       u_reduce_add         |     0.006 |
|     ROW[6].COL[4].u_pe     |     0.010 |
|       u_fp_add             |     0.006 |
|       u_fp_mul             |     0.002 |
|     ROW[6].COL[4].u_reduce |     0.006 |
|       u_reduce_add         |     0.005 |
|     ROW[6].COL[5].u_pe     |     0.013 |
|       u_fp_add             |     0.007 |
|       u_fp_mul             |     0.004 |
|     ROW[6].COL[5].u_reduce |     0.006 |
|       u_reduce_add         |     0.006 |
|     ROW[6].COL[6].u_pe     |     0.013 |
|       u_fp_add             |     0.007 |
|       u_fp_mul             |     0.004 |
|     ROW[6].COL[6].u_reduce |     0.006 |
|       u_reduce_add         |     0.005 |
|     ROW[6].COL[7].u_pe     |     0.012 |
|       u_fp_add             |     0.006 |
|       u_fp_mul             |     0.004 |
|     ROW[6].COL[7].u_reduce |     0.006 |
|       u_reduce_add         |     0.005 |
|     ROW[7].COL[0].u_pe     |     0.013 |
|       u_fp_add             |     0.007 |
|       u_fp_mul             |     0.004 |
|     ROW[7].COL[0].u_reduce |     0.006 |
|       u_reduce_add         |     0.005 |
|     ROW[7].COL[1].u_pe     |     0.010 |
|       u_fp_add             |     0.006 |
|       u_fp_mul             |     0.002 |
|     ROW[7].COL[1].u_reduce |     0.006 |
|       u_reduce_add         |     0.005 |
|     ROW[7].COL[2].u_pe     |     0.010 |
|       u_fp_add             |     0.006 |
|       u_fp_mul             |     0.002 |
|     ROW[7].COL[2].u_reduce |     0.006 |
|       u_reduce_add         |     0.005 |
|     ROW[7].COL[3].u_pe     |     0.010 |
|       u_fp_add             |     0.006 |
|       u_fp_mul             |     0.002 |
|     ROW[7].COL[3].u_reduce |     0.006 |
|       u_reduce_add         |     0.005 |
|     ROW[7].COL[4].u_pe     |     0.010 |
|       u_fp_add             |     0.006 |
|       u_fp_mul             |     0.002 |
|     ROW[7].COL[4].u_reduce |     0.006 |
|       u_reduce_add         |     0.005 |
|     ROW[7].COL[5].u_pe     |     0.013 |
|       u_fp_add             |     0.007 |
|       u_fp_mul             |     0.004 |
|     ROW[7].COL[5].u_reduce |     0.006 |
|       u_reduce_add         |     0.006 |
|     ROW[7].COL[6].u_pe     |     0.012 |
|       u_fp_add             |     0.006 |
|       u_fp_mul             |     0.004 |
|     ROW[7].COL[6].u_reduce |     0.006 |
|       u_reduce_add         |     0.006 |
|     ROW[7].COL[7].u_pe     |     0.013 |
|       u_fp_add             |     0.007 |
|       u_fp_mul             |     0.004 |
|     ROW[7].COL[7].u_reduce |     0.006 |
|       u_reduce_add         |     0.006 |
|   u_gemm_controller        |     0.019 |
+----------------------------+-----------+


