

================================================================
== Vitis HLS Report for 'matmul_4x4x4'
================================================================
* Date:           Thu Jul 23 00:48:37 2026

* Version:        2026.1 (Build 6493734 on Jun 16 2026)
* Project:        work_full_precision_zynq
* Solution:       hls (Vivado IP Flow Target)
* Product family: zynq
* Target device:  xc7z020-clg400-1


================================================================
== Performance Estimates
================================================================
+ Timing: 
    * Summary: 
    +--------+----------+-----------+------------+
    |  Clock |  Target  | Estimated | Uncertainty|
    +--------+----------+-----------+------------+
    |ap_clk  |  10.00 ns|  46.744 ns|     2.70 ns|
    +--------+----------+-----------+------------+

+ Latency: 
    * Summary: 
    +---------+---------+----------+----------+-----+-----+---------+
    |  Latency (cycles) |  Latency (absolute) |  Interval | Pipeline|
    |   min   |   max   |    min   |    max   | min | max |   Type  |
    +---------+---------+----------+----------+-----+-----+---------+
    |       12|       12|  0.561 us|  0.561 us|   13|   13|       no|
    +---------+---------+----------+----------+-----+-----+---------+

    + Detail: 
        * Instance: 
        N/A

        * Loop: 
        N/A

============================================================
+ Verbose Summary: Synthesis Manager
============================================================
InlineROM: 1
ExposeGlobal: 0
============================================================
+ Verbose Summary: CDFG Model
============================================================
IsTopModel: 1
ResetActiveHigh: 1
IsCombinational: 0
IsDatapathOnly: 0
HasWiredReturn: 1
HasMFsm: 0
HasVarLatency: 1
IsPipeline: 0
IsRtlPipelined: 0
IsInstanceOverlapped: 0
IsDontTouch: 0
HasImplIP: 0
IsGatedGlobalClock: 0


============================================================
+ Verbose Summary: Schedule
============================================================
* Number of FSM states : 3
* Pipeline : 0
* Dataflow Pipeline: 0

* FSM state transitions: 
1 --> 2 
2 --> 3 
3 --> 

* FSM state operations: 

State 1 <SV = 0> <Delay = 8.77>
ST_1 : Operation 4 [1/1] (0.00ns)   --->   "%acc_46_loc = alloca i64 1"   --->   Operation 4 'alloca' 'acc_46_loc' <Predicate = true> <Delay = 0.00>
ST_1 : Operation 5 [1/1] (0.00ns)   --->   "%acc_44_loc = alloca i64 1"   --->   Operation 5 'alloca' 'acc_44_loc' <Predicate = true> <Delay = 0.00>
ST_1 : Operation 6 [1/1] (0.00ns)   --->   "%acc_41_loc = alloca i64 1"   --->   Operation 6 'alloca' 'acc_41_loc' <Predicate = true> <Delay = 0.00>
ST_1 : Operation 7 [1/1] (0.00ns)   --->   "%acc_38_loc = alloca i64 1"   --->   Operation 7 'alloca' 'acc_38_loc' <Predicate = true> <Delay = 0.00>
ST_1 : Operation 8 [1/1] (0.00ns)   --->   "%acc_35_loc = alloca i64 1"   --->   Operation 8 'alloca' 'acc_35_loc' <Predicate = true> <Delay = 0.00>
ST_1 : Operation 9 [1/1] (0.00ns)   --->   "%acc_32_loc = alloca i64 1"   --->   Operation 9 'alloca' 'acc_32_loc' <Predicate = true> <Delay = 0.00>
ST_1 : Operation 10 [1/1] (0.00ns)   --->   "%acc_29_loc = alloca i64 1"   --->   Operation 10 'alloca' 'acc_29_loc' <Predicate = true> <Delay = 0.00>
ST_1 : Operation 11 [1/1] (0.00ns)   --->   "%acc_26_loc = alloca i64 1"   --->   Operation 11 'alloca' 'acc_26_loc' <Predicate = true> <Delay = 0.00>
ST_1 : Operation 12 [1/1] (0.00ns)   --->   "%acc_23_loc = alloca i64 1"   --->   Operation 12 'alloca' 'acc_23_loc' <Predicate = true> <Delay = 0.00>
ST_1 : Operation 13 [1/1] (0.00ns)   --->   "%acc_20_loc = alloca i64 1"   --->   Operation 13 'alloca' 'acc_20_loc' <Predicate = true> <Delay = 0.00>
ST_1 : Operation 14 [1/1] (0.00ns)   --->   "%acc_17_loc = alloca i64 1"   --->   Operation 14 'alloca' 'acc_17_loc' <Predicate = true> <Delay = 0.00>
ST_1 : Operation 15 [1/1] (0.00ns)   --->   "%acc_14_loc = alloca i64 1"   --->   Operation 15 'alloca' 'acc_14_loc' <Predicate = true> <Delay = 0.00>
ST_1 : Operation 16 [1/1] (0.00ns)   --->   "%acc_11_loc = alloca i64 1"   --->   Operation 16 'alloca' 'acc_11_loc' <Predicate = true> <Delay = 0.00>
ST_1 : Operation 17 [1/1] (0.00ns)   --->   "%acc_8_loc = alloca i64 1"   --->   Operation 17 'alloca' 'acc_8_loc' <Predicate = true> <Delay = 0.00>
ST_1 : Operation 18 [1/1] (0.00ns)   --->   "%acc_5_loc = alloca i64 1"   --->   Operation 18 'alloca' 'acc_5_loc' <Predicate = true> <Delay = 0.00>
ST_1 : Operation 19 [1/1] (0.00ns)   --->   "%acc_2_loc = alloca i64 1"   --->   Operation 19 'alloca' 'acc_2_loc' <Predicate = true> <Delay = 0.00>
ST_1 : Operation 20 [1/1] (0.00ns)   --->   "%arg2_0_0_read = read i32 @_ssdm_op_Read.ap_auto.i32P0A, i32 %arg2_0_0" [design.cpp:9]   --->   Operation 20 'read' 'arg2_0_0_read' <Predicate = true> <Delay = 0.00>
ST_1 : Operation 21 [1/1] (0.00ns)   --->   "%acc = bitcast i32 %arg2_0_0_read" [design.cpp:9]   --->   Operation 21 'bitcast' 'acc' <Predicate = true> <Delay = 0.00>
ST_1 : Operation 22 [1/1] (0.00ns)   --->   "%arg0_0_0_read = read i32 @_ssdm_op_Read.ap_auto.i32P0A, i32 %arg0_0_0" [design.cpp:12]   --->   Operation 22 'read' 'arg0_0_0_read' <Predicate = true> <Delay = 0.00>
ST_1 : Operation 23 [1/1] (0.00ns)   --->   "%bitcast_ln12 = bitcast i32 %arg0_0_0_read" [design.cpp:12]   --->   Operation 23 'bitcast' 'bitcast_ln12' <Predicate = true> <Delay = 0.00>
ST_1 : Operation 24 [1/1] (0.00ns)   --->   "%arg0_0_1_read = read i32 @_ssdm_op_Read.ap_auto.i32P0A, i32 %arg0_0_1" [design.cpp:12]   --->   Operation 24 'read' 'arg0_0_1_read' <Predicate = true> <Delay = 0.00>
ST_1 : Operation 25 [1/1] (0.00ns)   --->   "%bitcast_ln12_1 = bitcast i32 %arg0_0_1_read" [design.cpp:12]   --->   Operation 25 'bitcast' 'bitcast_ln12_1' <Predicate = true> <Delay = 0.00>
ST_1 : Operation 26 [1/1] (0.00ns)   --->   "%arg0_0_2_read = read i32 @_ssdm_op_Read.ap_auto.i32P0A, i32 %arg0_0_2" [design.cpp:12]   --->   Operation 26 'read' 'arg0_0_2_read' <Predicate = true> <Delay = 0.00>
ST_1 : Operation 27 [1/1] (0.00ns)   --->   "%bitcast_ln12_2 = bitcast i32 %arg0_0_2_read" [design.cpp:12]   --->   Operation 27 'bitcast' 'bitcast_ln12_2' <Predicate = true> <Delay = 0.00>
ST_1 : Operation 28 [1/1] (0.00ns)   --->   "%arg0_0_3_read = read i32 @_ssdm_op_Read.ap_auto.i32P0A, i32 %arg0_0_3" [design.cpp:12]   --->   Operation 28 'read' 'arg0_0_3_read' <Predicate = true> <Delay = 0.00>
ST_1 : Operation 29 [1/1] (0.00ns)   --->   "%bitcast_ln12_3 = bitcast i32 %arg0_0_3_read" [design.cpp:12]   --->   Operation 29 'bitcast' 'bitcast_ln12_3' <Predicate = true> <Delay = 0.00>
ST_1 : Operation 30 [1/1] (0.00ns)   --->   "%arg1_0_0_read = read i32 @_ssdm_op_Read.ap_auto.i32P0A, i32 %arg1_0_0" [design.cpp:12]   --->   Operation 30 'read' 'arg1_0_0_read' <Predicate = true> <Delay = 0.00>
ST_1 : Operation 31 [1/1] (0.00ns)   --->   "%bitcast_ln12_4 = bitcast i32 %arg1_0_0_read" [design.cpp:12]   --->   Operation 31 'bitcast' 'bitcast_ln12_4' <Predicate = true> <Delay = 0.00>
ST_1 : Operation 32 [1/1] (0.00ns)   --->   "%arg1_1_0_read = read i32 @_ssdm_op_Read.ap_auto.i32P0A, i32 %arg1_1_0" [design.cpp:12]   --->   Operation 32 'read' 'arg1_1_0_read' <Predicate = true> <Delay = 0.00>
ST_1 : Operation 33 [1/1] (0.00ns)   --->   "%bitcast_ln12_5 = bitcast i32 %arg1_1_0_read" [design.cpp:12]   --->   Operation 33 'bitcast' 'bitcast_ln12_5' <Predicate = true> <Delay = 0.00>
ST_1 : Operation 34 [1/1] (0.00ns)   --->   "%arg1_2_0_read = read i32 @_ssdm_op_Read.ap_auto.i32P0A, i32 %arg1_2_0" [design.cpp:12]   --->   Operation 34 'read' 'arg1_2_0_read' <Predicate = true> <Delay = 0.00>
ST_1 : Operation 35 [1/1] (0.00ns)   --->   "%bitcast_ln12_6 = bitcast i32 %arg1_2_0_read" [design.cpp:12]   --->   Operation 35 'bitcast' 'bitcast_ln12_6' <Predicate = true> <Delay = 0.00>
ST_1 : Operation 36 [1/1] (0.00ns)   --->   "%arg1_3_0_read = read i32 @_ssdm_op_Read.ap_auto.i32P0A, i32 %arg1_3_0" [design.cpp:12]   --->   Operation 36 'read' 'arg1_3_0_read' <Predicate = true> <Delay = 0.00>
ST_1 : Operation 37 [1/1] (0.00ns)   --->   "%bitcast_ln12_7 = bitcast i32 %arg1_3_0_read" [design.cpp:12]   --->   Operation 37 'bitcast' 'bitcast_ln12_7' <Predicate = true> <Delay = 0.00>
ST_1 : Operation 38 [2/2] (8.77ns)   --->   "%call_ln9 = call void @matmul_4x4x4_Pipeline_VITIS_LOOP_10_3, i32 %acc, i32 %bitcast_ln12, i32 %bitcast_ln12_1, i32 %bitcast_ln12_2, i32 %bitcast_ln12_3, i32 %bitcast_ln12_4, i32 %bitcast_ln12_5, i32 %bitcast_ln12_6, i32 %bitcast_ln12_7, i32 %acc_2_loc" [design.cpp:9]   --->   Operation 38 'call' 'call_ln9' <Predicate = true> <Delay = 8.77> <CoreType = "Generic">   --->   Generic Core
ST_1 : Operation 39 [1/1] (0.00ns)   --->   "%arg2_0_1_read = read i32 @_ssdm_op_Read.ap_auto.i32P0A, i32 %arg2_0_1" [design.cpp:9]   --->   Operation 39 'read' 'arg2_0_1_read' <Predicate = true> <Delay = 0.00>
ST_1 : Operation 40 [1/1] (0.00ns)   --->   "%acc_15 = bitcast i32 %arg2_0_1_read" [design.cpp:9]   --->   Operation 40 'bitcast' 'acc_15' <Predicate = true> <Delay = 0.00>
ST_1 : Operation 41 [1/1] (0.00ns)   --->   "%arg1_0_1_read = read i32 @_ssdm_op_Read.ap_auto.i32P0A, i32 %arg1_0_1" [design.cpp:12]   --->   Operation 41 'read' 'arg1_0_1_read' <Predicate = true> <Delay = 0.00>
ST_1 : Operation 42 [1/1] (0.00ns)   --->   "%bitcast_ln12_8 = bitcast i32 %arg1_0_1_read" [design.cpp:12]   --->   Operation 42 'bitcast' 'bitcast_ln12_8' <Predicate = true> <Delay = 0.00>
ST_1 : Operation 43 [1/1] (0.00ns)   --->   "%arg1_1_1_read = read i32 @_ssdm_op_Read.ap_auto.i32P0A, i32 %arg1_1_1" [design.cpp:12]   --->   Operation 43 'read' 'arg1_1_1_read' <Predicate = true> <Delay = 0.00>
ST_1 : Operation 44 [1/1] (0.00ns)   --->   "%bitcast_ln12_9 = bitcast i32 %arg1_1_1_read" [design.cpp:12]   --->   Operation 44 'bitcast' 'bitcast_ln12_9' <Predicate = true> <Delay = 0.00>
ST_1 : Operation 45 [1/1] (0.00ns)   --->   "%arg1_2_1_read = read i32 @_ssdm_op_Read.ap_auto.i32P0A, i32 %arg1_2_1" [design.cpp:12]   --->   Operation 45 'read' 'arg1_2_1_read' <Predicate = true> <Delay = 0.00>
ST_1 : Operation 46 [1/1] (0.00ns)   --->   "%bitcast_ln12_10 = bitcast i32 %arg1_2_1_read" [design.cpp:12]   --->   Operation 46 'bitcast' 'bitcast_ln12_10' <Predicate = true> <Delay = 0.00>
ST_1 : Operation 47 [1/1] (0.00ns)   --->   "%arg1_3_1_read = read i32 @_ssdm_op_Read.ap_auto.i32P0A, i32 %arg1_3_1" [design.cpp:12]   --->   Operation 47 'read' 'arg1_3_1_read' <Predicate = true> <Delay = 0.00>
ST_1 : Operation 48 [1/1] (0.00ns)   --->   "%bitcast_ln12_11 = bitcast i32 %arg1_3_1_read" [design.cpp:12]   --->   Operation 48 'bitcast' 'bitcast_ln12_11' <Predicate = true> <Delay = 0.00>
ST_1 : Operation 49 [2/2] (8.77ns)   --->   "%call_ln9 = call void @matmul_4x4x4_Pipeline_VITIS_LOOP_10_31, i32 %acc_15, i32 %bitcast_ln12, i32 %bitcast_ln12_1, i32 %bitcast_ln12_2, i32 %bitcast_ln12_3, i32 %bitcast_ln12_8, i32 %bitcast_ln12_9, i32 %bitcast_ln12_10, i32 %bitcast_ln12_11, i32 %acc_5_loc" [design.cpp:9]   --->   Operation 49 'call' 'call_ln9' <Predicate = true> <Delay = 8.77> <CoreType = "Generic">   --->   Generic Core
ST_1 : Operation 50 [1/1] (0.00ns)   --->   "%arg2_0_2_read = read i32 @_ssdm_op_Read.ap_auto.i32P0A, i32 %arg2_0_2" [design.cpp:9]   --->   Operation 50 'read' 'arg2_0_2_read' <Predicate = true> <Delay = 0.00>
ST_1 : Operation 51 [1/1] (0.00ns)   --->   "%acc_17 = bitcast i32 %arg2_0_2_read" [design.cpp:9]   --->   Operation 51 'bitcast' 'acc_17' <Predicate = true> <Delay = 0.00>
ST_1 : Operation 52 [1/1] (0.00ns)   --->   "%arg1_0_2_read = read i32 @_ssdm_op_Read.ap_auto.i32P0A, i32 %arg1_0_2" [design.cpp:12]   --->   Operation 52 'read' 'arg1_0_2_read' <Predicate = true> <Delay = 0.00>
ST_1 : Operation 53 [1/1] (0.00ns)   --->   "%bitcast_ln12_12 = bitcast i32 %arg1_0_2_read" [design.cpp:12]   --->   Operation 53 'bitcast' 'bitcast_ln12_12' <Predicate = true> <Delay = 0.00>
ST_1 : Operation 54 [1/1] (0.00ns)   --->   "%arg1_1_2_read = read i32 @_ssdm_op_Read.ap_auto.i32P0A, i32 %arg1_1_2" [design.cpp:12]   --->   Operation 54 'read' 'arg1_1_2_read' <Predicate = true> <Delay = 0.00>
ST_1 : Operation 55 [1/1] (0.00ns)   --->   "%bitcast_ln12_13 = bitcast i32 %arg1_1_2_read" [design.cpp:12]   --->   Operation 55 'bitcast' 'bitcast_ln12_13' <Predicate = true> <Delay = 0.00>
ST_1 : Operation 56 [1/1] (0.00ns)   --->   "%arg1_2_2_read = read i32 @_ssdm_op_Read.ap_auto.i32P0A, i32 %arg1_2_2" [design.cpp:12]   --->   Operation 56 'read' 'arg1_2_2_read' <Predicate = true> <Delay = 0.00>
ST_1 : Operation 57 [1/1] (0.00ns)   --->   "%bitcast_ln12_14 = bitcast i32 %arg1_2_2_read" [design.cpp:12]   --->   Operation 57 'bitcast' 'bitcast_ln12_14' <Predicate = true> <Delay = 0.00>
ST_1 : Operation 58 [1/1] (0.00ns)   --->   "%arg1_3_2_read = read i32 @_ssdm_op_Read.ap_auto.i32P0A, i32 %arg1_3_2" [design.cpp:12]   --->   Operation 58 'read' 'arg1_3_2_read' <Predicate = true> <Delay = 0.00>
ST_1 : Operation 59 [1/1] (0.00ns)   --->   "%bitcast_ln12_15 = bitcast i32 %arg1_3_2_read" [design.cpp:12]   --->   Operation 59 'bitcast' 'bitcast_ln12_15' <Predicate = true> <Delay = 0.00>
ST_1 : Operation 60 [2/2] (8.77ns)   --->   "%call_ln9 = call void @matmul_4x4x4_Pipeline_VITIS_LOOP_10_32, i32 %acc_17, i32 %bitcast_ln12, i32 %bitcast_ln12_1, i32 %bitcast_ln12_2, i32 %bitcast_ln12_3, i32 %bitcast_ln12_12, i32 %bitcast_ln12_13, i32 %bitcast_ln12_14, i32 %bitcast_ln12_15, i32 %acc_8_loc" [design.cpp:9]   --->   Operation 60 'call' 'call_ln9' <Predicate = true> <Delay = 8.77> <CoreType = "Generic">   --->   Generic Core
ST_1 : Operation 61 [1/1] (0.00ns)   --->   "%arg2_0_3_read = read i32 @_ssdm_op_Read.ap_auto.i32P0A, i32 %arg2_0_3" [design.cpp:9]   --->   Operation 61 'read' 'arg2_0_3_read' <Predicate = true> <Delay = 0.00>
ST_1 : Operation 62 [1/1] (0.00ns)   --->   "%acc_18 = bitcast i32 %arg2_0_3_read" [design.cpp:9]   --->   Operation 62 'bitcast' 'acc_18' <Predicate = true> <Delay = 0.00>
ST_1 : Operation 63 [1/1] (0.00ns)   --->   "%arg1_0_3_read = read i32 @_ssdm_op_Read.ap_auto.i32P0A, i32 %arg1_0_3" [design.cpp:12]   --->   Operation 63 'read' 'arg1_0_3_read' <Predicate = true> <Delay = 0.00>
ST_1 : Operation 64 [1/1] (0.00ns)   --->   "%bitcast_ln12_16 = bitcast i32 %arg1_0_3_read" [design.cpp:12]   --->   Operation 64 'bitcast' 'bitcast_ln12_16' <Predicate = true> <Delay = 0.00>
ST_1 : Operation 65 [1/1] (0.00ns)   --->   "%arg1_1_3_read = read i32 @_ssdm_op_Read.ap_auto.i32P0A, i32 %arg1_1_3" [design.cpp:12]   --->   Operation 65 'read' 'arg1_1_3_read' <Predicate = true> <Delay = 0.00>
ST_1 : Operation 66 [1/1] (0.00ns)   --->   "%bitcast_ln12_17 = bitcast i32 %arg1_1_3_read" [design.cpp:12]   --->   Operation 66 'bitcast' 'bitcast_ln12_17' <Predicate = true> <Delay = 0.00>
ST_1 : Operation 67 [1/1] (0.00ns)   --->   "%arg1_2_3_read = read i32 @_ssdm_op_Read.ap_auto.i32P0A, i32 %arg1_2_3" [design.cpp:12]   --->   Operation 67 'read' 'arg1_2_3_read' <Predicate = true> <Delay = 0.00>
ST_1 : Operation 68 [1/1] (0.00ns)   --->   "%bitcast_ln12_18 = bitcast i32 %arg1_2_3_read" [design.cpp:12]   --->   Operation 68 'bitcast' 'bitcast_ln12_18' <Predicate = true> <Delay = 0.00>
ST_1 : Operation 69 [1/1] (0.00ns)   --->   "%arg1_3_3_read = read i32 @_ssdm_op_Read.ap_auto.i32P0A, i32 %arg1_3_3" [design.cpp:12]   --->   Operation 69 'read' 'arg1_3_3_read' <Predicate = true> <Delay = 0.00>
ST_1 : Operation 70 [1/1] (0.00ns)   --->   "%bitcast_ln12_19 = bitcast i32 %arg1_3_3_read" [design.cpp:12]   --->   Operation 70 'bitcast' 'bitcast_ln12_19' <Predicate = true> <Delay = 0.00>
ST_1 : Operation 71 [2/2] (8.77ns)   --->   "%call_ln9 = call void @matmul_4x4x4_Pipeline_VITIS_LOOP_10_33, i32 %acc_18, i32 %bitcast_ln12, i32 %bitcast_ln12_1, i32 %bitcast_ln12_2, i32 %bitcast_ln12_3, i32 %bitcast_ln12_16, i32 %bitcast_ln12_17, i32 %bitcast_ln12_18, i32 %bitcast_ln12_19, i32 %acc_11_loc" [design.cpp:9]   --->   Operation 71 'call' 'call_ln9' <Predicate = true> <Delay = 8.77> <CoreType = "Generic">   --->   Generic Core
ST_1 : Operation 72 [1/1] (0.00ns)   --->   "%arg2_1_0_read = read i32 @_ssdm_op_Read.ap_auto.i32P0A, i32 %arg2_1_0" [design.cpp:9]   --->   Operation 72 'read' 'arg2_1_0_read' <Predicate = true> <Delay = 0.00>
ST_1 : Operation 73 [1/1] (0.00ns)   --->   "%acc_20 = bitcast i32 %arg2_1_0_read" [design.cpp:9]   --->   Operation 73 'bitcast' 'acc_20' <Predicate = true> <Delay = 0.00>
ST_1 : Operation 74 [1/1] (0.00ns)   --->   "%arg0_1_0_read = read i32 @_ssdm_op_Read.ap_auto.i32P0A, i32 %arg0_1_0" [design.cpp:12]   --->   Operation 74 'read' 'arg0_1_0_read' <Predicate = true> <Delay = 0.00>
ST_1 : Operation 75 [1/1] (0.00ns)   --->   "%bitcast_ln12_20 = bitcast i32 %arg0_1_0_read" [design.cpp:12]   --->   Operation 75 'bitcast' 'bitcast_ln12_20' <Predicate = true> <Delay = 0.00>
ST_1 : Operation 76 [1/1] (0.00ns)   --->   "%arg0_1_1_read = read i32 @_ssdm_op_Read.ap_auto.i32P0A, i32 %arg0_1_1" [design.cpp:12]   --->   Operation 76 'read' 'arg0_1_1_read' <Predicate = true> <Delay = 0.00>
ST_1 : Operation 77 [1/1] (0.00ns)   --->   "%bitcast_ln12_21 = bitcast i32 %arg0_1_1_read" [design.cpp:12]   --->   Operation 77 'bitcast' 'bitcast_ln12_21' <Predicate = true> <Delay = 0.00>
ST_1 : Operation 78 [1/1] (0.00ns)   --->   "%arg0_1_2_read = read i32 @_ssdm_op_Read.ap_auto.i32P0A, i32 %arg0_1_2" [design.cpp:12]   --->   Operation 78 'read' 'arg0_1_2_read' <Predicate = true> <Delay = 0.00>
ST_1 : Operation 79 [1/1] (0.00ns)   --->   "%bitcast_ln12_22 = bitcast i32 %arg0_1_2_read" [design.cpp:12]   --->   Operation 79 'bitcast' 'bitcast_ln12_22' <Predicate = true> <Delay = 0.00>
ST_1 : Operation 80 [1/1] (0.00ns)   --->   "%arg0_1_3_read = read i32 @_ssdm_op_Read.ap_auto.i32P0A, i32 %arg0_1_3" [design.cpp:12]   --->   Operation 80 'read' 'arg0_1_3_read' <Predicate = true> <Delay = 0.00>
ST_1 : Operation 81 [1/1] (0.00ns)   --->   "%bitcast_ln12_23 = bitcast i32 %arg0_1_3_read" [design.cpp:12]   --->   Operation 81 'bitcast' 'bitcast_ln12_23' <Predicate = true> <Delay = 0.00>
ST_1 : Operation 82 [2/2] (8.77ns)   --->   "%call_ln9 = call void @matmul_4x4x4_Pipeline_VITIS_LOOP_10_34, i32 %acc_20, i32 %bitcast_ln12_20, i32 %bitcast_ln12_21, i32 %bitcast_ln12_22, i32 %bitcast_ln12_23, i32 %bitcast_ln12_4, i32 %bitcast_ln12_5, i32 %bitcast_ln12_6, i32 %bitcast_ln12_7, i32 %acc_14_loc" [design.cpp:9]   --->   Operation 82 'call' 'call_ln9' <Predicate = true> <Delay = 8.77> <CoreType = "Generic">   --->   Generic Core
ST_1 : Operation 83 [1/1] (0.00ns)   --->   "%arg2_1_1_read = read i32 @_ssdm_op_Read.ap_auto.i32P0A, i32 %arg2_1_1" [design.cpp:9]   --->   Operation 83 'read' 'arg2_1_1_read' <Predicate = true> <Delay = 0.00>
ST_1 : Operation 84 [1/1] (0.00ns)   --->   "%acc_21 = bitcast i32 %arg2_1_1_read" [design.cpp:9]   --->   Operation 84 'bitcast' 'acc_21' <Predicate = true> <Delay = 0.00>
ST_1 : Operation 85 [2/2] (8.77ns)   --->   "%call_ln9 = call void @matmul_4x4x4_Pipeline_VITIS_LOOP_10_35, i32 %acc_21, i32 %bitcast_ln12_20, i32 %bitcast_ln12_21, i32 %bitcast_ln12_22, i32 %bitcast_ln12_23, i32 %bitcast_ln12_8, i32 %bitcast_ln12_9, i32 %bitcast_ln12_10, i32 %bitcast_ln12_11, i32 %acc_17_loc" [design.cpp:9]   --->   Operation 85 'call' 'call_ln9' <Predicate = true> <Delay = 8.77> <CoreType = "Generic">   --->   Generic Core
ST_1 : Operation 86 [1/1] (0.00ns)   --->   "%arg2_1_2_read = read i32 @_ssdm_op_Read.ap_auto.i32P0A, i32 %arg2_1_2" [design.cpp:9]   --->   Operation 86 'read' 'arg2_1_2_read' <Predicate = true> <Delay = 0.00>
ST_1 : Operation 87 [1/1] (0.00ns)   --->   "%acc_23 = bitcast i32 %arg2_1_2_read" [design.cpp:9]   --->   Operation 87 'bitcast' 'acc_23' <Predicate = true> <Delay = 0.00>
ST_1 : Operation 88 [2/2] (8.77ns)   --->   "%call_ln9 = call void @matmul_4x4x4_Pipeline_VITIS_LOOP_10_36, i32 %acc_23, i32 %bitcast_ln12_20, i32 %bitcast_ln12_21, i32 %bitcast_ln12_22, i32 %bitcast_ln12_23, i32 %bitcast_ln12_12, i32 %bitcast_ln12_13, i32 %bitcast_ln12_14, i32 %bitcast_ln12_15, i32 %acc_20_loc" [design.cpp:9]   --->   Operation 88 'call' 'call_ln9' <Predicate = true> <Delay = 8.77> <CoreType = "Generic">   --->   Generic Core
ST_1 : Operation 89 [1/1] (0.00ns)   --->   "%arg2_1_3_read = read i32 @_ssdm_op_Read.ap_auto.i32P0A, i32 %arg2_1_3" [design.cpp:9]   --->   Operation 89 'read' 'arg2_1_3_read' <Predicate = true> <Delay = 0.00>
ST_1 : Operation 90 [1/1] (0.00ns)   --->   "%acc_24 = bitcast i32 %arg2_1_3_read" [design.cpp:9]   --->   Operation 90 'bitcast' 'acc_24' <Predicate = true> <Delay = 0.00>
ST_1 : Operation 91 [2/2] (8.77ns)   --->   "%call_ln9 = call void @matmul_4x4x4_Pipeline_VITIS_LOOP_10_37, i32 %acc_24, i32 %bitcast_ln12_20, i32 %bitcast_ln12_21, i32 %bitcast_ln12_22, i32 %bitcast_ln12_23, i32 %bitcast_ln12_16, i32 %bitcast_ln12_17, i32 %bitcast_ln12_18, i32 %bitcast_ln12_19, i32 %acc_23_loc" [design.cpp:9]   --->   Operation 91 'call' 'call_ln9' <Predicate = true> <Delay = 8.77> <CoreType = "Generic">   --->   Generic Core
ST_1 : Operation 92 [1/1] (0.00ns)   --->   "%arg2_2_0_read = read i32 @_ssdm_op_Read.ap_auto.i32P0A, i32 %arg2_2_0" [design.cpp:9]   --->   Operation 92 'read' 'arg2_2_0_read' <Predicate = true> <Delay = 0.00>
ST_1 : Operation 93 [1/1] (0.00ns)   --->   "%acc_26 = bitcast i32 %arg2_2_0_read" [design.cpp:9]   --->   Operation 93 'bitcast' 'acc_26' <Predicate = true> <Delay = 0.00>
ST_1 : Operation 94 [1/1] (0.00ns)   --->   "%arg0_2_0_read = read i32 @_ssdm_op_Read.ap_auto.i32P0A, i32 %arg0_2_0" [design.cpp:12]   --->   Operation 94 'read' 'arg0_2_0_read' <Predicate = true> <Delay = 0.00>
ST_1 : Operation 95 [1/1] (0.00ns)   --->   "%bitcast_ln12_24 = bitcast i32 %arg0_2_0_read" [design.cpp:12]   --->   Operation 95 'bitcast' 'bitcast_ln12_24' <Predicate = true> <Delay = 0.00>
ST_1 : Operation 96 [1/1] (0.00ns)   --->   "%arg0_2_1_read = read i32 @_ssdm_op_Read.ap_auto.i32P0A, i32 %arg0_2_1" [design.cpp:12]   --->   Operation 96 'read' 'arg0_2_1_read' <Predicate = true> <Delay = 0.00>
ST_1 : Operation 97 [1/1] (0.00ns)   --->   "%bitcast_ln12_25 = bitcast i32 %arg0_2_1_read" [design.cpp:12]   --->   Operation 97 'bitcast' 'bitcast_ln12_25' <Predicate = true> <Delay = 0.00>
ST_1 : Operation 98 [1/1] (0.00ns)   --->   "%arg0_2_2_read = read i32 @_ssdm_op_Read.ap_auto.i32P0A, i32 %arg0_2_2" [design.cpp:12]   --->   Operation 98 'read' 'arg0_2_2_read' <Predicate = true> <Delay = 0.00>
ST_1 : Operation 99 [1/1] (0.00ns)   --->   "%bitcast_ln12_26 = bitcast i32 %arg0_2_2_read" [design.cpp:12]   --->   Operation 99 'bitcast' 'bitcast_ln12_26' <Predicate = true> <Delay = 0.00>
ST_1 : Operation 100 [1/1] (0.00ns)   --->   "%arg0_2_3_read = read i32 @_ssdm_op_Read.ap_auto.i32P0A, i32 %arg0_2_3" [design.cpp:12]   --->   Operation 100 'read' 'arg0_2_3_read' <Predicate = true> <Delay = 0.00>
ST_1 : Operation 101 [1/1] (0.00ns)   --->   "%bitcast_ln12_27 = bitcast i32 %arg0_2_3_read" [design.cpp:12]   --->   Operation 101 'bitcast' 'bitcast_ln12_27' <Predicate = true> <Delay = 0.00>
ST_1 : Operation 102 [2/2] (8.77ns)   --->   "%call_ln9 = call void @matmul_4x4x4_Pipeline_VITIS_LOOP_10_38, i32 %acc_26, i32 %bitcast_ln12_24, i32 %bitcast_ln12_25, i32 %bitcast_ln12_26, i32 %bitcast_ln12_27, i32 %bitcast_ln12_4, i32 %bitcast_ln12_5, i32 %bitcast_ln12_6, i32 %bitcast_ln12_7, i32 %acc_26_loc" [design.cpp:9]   --->   Operation 102 'call' 'call_ln9' <Predicate = true> <Delay = 8.77> <CoreType = "Generic">   --->   Generic Core
ST_1 : Operation 103 [1/1] (0.00ns)   --->   "%arg2_2_1_read = read i32 @_ssdm_op_Read.ap_auto.i32P0A, i32 %arg2_2_1" [design.cpp:9]   --->   Operation 103 'read' 'arg2_2_1_read' <Predicate = true> <Delay = 0.00>
ST_1 : Operation 104 [1/1] (0.00ns)   --->   "%acc_27 = bitcast i32 %arg2_2_1_read" [design.cpp:9]   --->   Operation 104 'bitcast' 'acc_27' <Predicate = true> <Delay = 0.00>
ST_1 : Operation 105 [2/2] (8.77ns)   --->   "%call_ln9 = call void @matmul_4x4x4_Pipeline_VITIS_LOOP_10_39, i32 %acc_27, i32 %bitcast_ln12_24, i32 %bitcast_ln12_25, i32 %bitcast_ln12_26, i32 %bitcast_ln12_27, i32 %bitcast_ln12_8, i32 %bitcast_ln12_9, i32 %bitcast_ln12_10, i32 %bitcast_ln12_11, i32 %acc_29_loc" [design.cpp:9]   --->   Operation 105 'call' 'call_ln9' <Predicate = true> <Delay = 8.77> <CoreType = "Generic">   --->   Generic Core
ST_1 : Operation 106 [1/1] (0.00ns)   --->   "%arg2_2_2_read = read i32 @_ssdm_op_Read.ap_auto.i32P0A, i32 %arg2_2_2" [design.cpp:9]   --->   Operation 106 'read' 'arg2_2_2_read' <Predicate = true> <Delay = 0.00>
ST_1 : Operation 107 [1/1] (0.00ns)   --->   "%acc_28 = bitcast i32 %arg2_2_2_read" [design.cpp:9]   --->   Operation 107 'bitcast' 'acc_28' <Predicate = true> <Delay = 0.00>
ST_1 : Operation 108 [2/2] (8.77ns)   --->   "%call_ln9 = call void @matmul_4x4x4_Pipeline_VITIS_LOOP_10_310, i32 %acc_28, i32 %bitcast_ln12_24, i32 %bitcast_ln12_25, i32 %bitcast_ln12_26, i32 %bitcast_ln12_27, i32 %bitcast_ln12_12, i32 %bitcast_ln12_13, i32 %bitcast_ln12_14, i32 %bitcast_ln12_15, i32 %acc_32_loc" [design.cpp:9]   --->   Operation 108 'call' 'call_ln9' <Predicate = true> <Delay = 8.77> <CoreType = "Generic">   --->   Generic Core
ST_1 : Operation 109 [1/1] (0.00ns)   --->   "%arg2_2_3_read = read i32 @_ssdm_op_Read.ap_auto.i32P0A, i32 %arg2_2_3" [design.cpp:9]   --->   Operation 109 'read' 'arg2_2_3_read' <Predicate = true> <Delay = 0.00>
ST_1 : Operation 110 [1/1] (0.00ns)   --->   "%acc_29 = bitcast i32 %arg2_2_3_read" [design.cpp:9]   --->   Operation 110 'bitcast' 'acc_29' <Predicate = true> <Delay = 0.00>
ST_1 : Operation 111 [2/2] (8.77ns)   --->   "%call_ln9 = call void @matmul_4x4x4_Pipeline_VITIS_LOOP_10_311, i32 %acc_29, i32 %bitcast_ln12_24, i32 %bitcast_ln12_25, i32 %bitcast_ln12_26, i32 %bitcast_ln12_27, i32 %bitcast_ln12_16, i32 %bitcast_ln12_17, i32 %bitcast_ln12_18, i32 %bitcast_ln12_19, i32 %acc_35_loc" [design.cpp:9]   --->   Operation 111 'call' 'call_ln9' <Predicate = true> <Delay = 8.77> <CoreType = "Generic">   --->   Generic Core
ST_1 : Operation 112 [1/1] (0.00ns)   --->   "%arg2_3_0_read = read i32 @_ssdm_op_Read.ap_auto.i32P0A, i32 %arg2_3_0" [design.cpp:9]   --->   Operation 112 'read' 'arg2_3_0_read' <Predicate = true> <Delay = 0.00>
ST_1 : Operation 113 [1/1] (0.00ns)   --->   "%acc_30 = bitcast i32 %arg2_3_0_read" [design.cpp:9]   --->   Operation 113 'bitcast' 'acc_30' <Predicate = true> <Delay = 0.00>
ST_1 : Operation 114 [1/1] (0.00ns)   --->   "%arg0_3_0_read = read i32 @_ssdm_op_Read.ap_auto.i32P0A, i32 %arg0_3_0" [design.cpp:12]   --->   Operation 114 'read' 'arg0_3_0_read' <Predicate = true> <Delay = 0.00>
ST_1 : Operation 115 [1/1] (0.00ns)   --->   "%bitcast_ln12_28 = bitcast i32 %arg0_3_0_read" [design.cpp:12]   --->   Operation 115 'bitcast' 'bitcast_ln12_28' <Predicate = true> <Delay = 0.00>
ST_1 : Operation 116 [1/1] (0.00ns)   --->   "%arg0_3_1_read = read i32 @_ssdm_op_Read.ap_auto.i32P0A, i32 %arg0_3_1" [design.cpp:12]   --->   Operation 116 'read' 'arg0_3_1_read' <Predicate = true> <Delay = 0.00>
ST_1 : Operation 117 [1/1] (0.00ns)   --->   "%bitcast_ln12_29 = bitcast i32 %arg0_3_1_read" [design.cpp:12]   --->   Operation 117 'bitcast' 'bitcast_ln12_29' <Predicate = true> <Delay = 0.00>
ST_1 : Operation 118 [1/1] (0.00ns)   --->   "%arg0_3_2_read = read i32 @_ssdm_op_Read.ap_auto.i32P0A, i32 %arg0_3_2" [design.cpp:12]   --->   Operation 118 'read' 'arg0_3_2_read' <Predicate = true> <Delay = 0.00>
ST_1 : Operation 119 [1/1] (0.00ns)   --->   "%bitcast_ln12_30 = bitcast i32 %arg0_3_2_read" [design.cpp:12]   --->   Operation 119 'bitcast' 'bitcast_ln12_30' <Predicate = true> <Delay = 0.00>
ST_1 : Operation 120 [1/1] (0.00ns)   --->   "%arg0_3_3_read = read i32 @_ssdm_op_Read.ap_auto.i32P0A, i32 %arg0_3_3" [design.cpp:12]   --->   Operation 120 'read' 'arg0_3_3_read' <Predicate = true> <Delay = 0.00>
ST_1 : Operation 121 [1/1] (0.00ns)   --->   "%bitcast_ln12_31 = bitcast i32 %arg0_3_3_read" [design.cpp:12]   --->   Operation 121 'bitcast' 'bitcast_ln12_31' <Predicate = true> <Delay = 0.00>
ST_1 : Operation 122 [2/2] (8.77ns)   --->   "%call_ln9 = call void @matmul_4x4x4_Pipeline_VITIS_LOOP_10_312, i32 %acc_30, i32 %bitcast_ln12_28, i32 %bitcast_ln12_29, i32 %bitcast_ln12_30, i32 %bitcast_ln12_31, i32 %bitcast_ln12_4, i32 %bitcast_ln12_5, i32 %bitcast_ln12_6, i32 %bitcast_ln12_7, i32 %acc_38_loc" [design.cpp:9]   --->   Operation 122 'call' 'call_ln9' <Predicate = true> <Delay = 8.77> <CoreType = "Generic">   --->   Generic Core
ST_1 : Operation 123 [1/1] (0.00ns)   --->   "%arg2_3_1_read = read i32 @_ssdm_op_Read.ap_auto.i32P0A, i32 %arg2_3_1" [design.cpp:9]   --->   Operation 123 'read' 'arg2_3_1_read' <Predicate = true> <Delay = 0.00>
ST_1 : Operation 124 [1/1] (0.00ns)   --->   "%acc_31 = bitcast i32 %arg2_3_1_read" [design.cpp:9]   --->   Operation 124 'bitcast' 'acc_31' <Predicate = true> <Delay = 0.00>
ST_1 : Operation 125 [2/2] (8.77ns)   --->   "%call_ln9 = call void @matmul_4x4x4_Pipeline_VITIS_LOOP_10_313, i32 %acc_31, i32 %bitcast_ln12_28, i32 %bitcast_ln12_29, i32 %bitcast_ln12_30, i32 %bitcast_ln12_31, i32 %bitcast_ln12_8, i32 %bitcast_ln12_9, i32 %bitcast_ln12_10, i32 %bitcast_ln12_11, i32 %acc_41_loc" [design.cpp:9]   --->   Operation 125 'call' 'call_ln9' <Predicate = true> <Delay = 8.77> <CoreType = "Generic">   --->   Generic Core
ST_1 : Operation 126 [1/1] (0.00ns)   --->   "%arg2_3_2_read = read i32 @_ssdm_op_Read.ap_auto.i32P0A, i32 %arg2_3_2" [design.cpp:9]   --->   Operation 126 'read' 'arg2_3_2_read' <Predicate = true> <Delay = 0.00>
ST_1 : Operation 127 [1/1] (0.00ns)   --->   "%acc_32 = bitcast i32 %arg2_3_2_read" [design.cpp:9]   --->   Operation 127 'bitcast' 'acc_32' <Predicate = true> <Delay = 0.00>
ST_1 : Operation 128 [2/2] (8.77ns)   --->   "%call_ln9 = call void @matmul_4x4x4_Pipeline_VITIS_LOOP_10_314, i32 %acc_32, i32 %bitcast_ln12_28, i32 %bitcast_ln12_29, i32 %bitcast_ln12_30, i32 %bitcast_ln12_31, i32 %bitcast_ln12_12, i32 %bitcast_ln12_13, i32 %bitcast_ln12_14, i32 %bitcast_ln12_15, i32 %acc_44_loc" [design.cpp:9]   --->   Operation 128 'call' 'call_ln9' <Predicate = true> <Delay = 8.77> <CoreType = "Generic">   --->   Generic Core
ST_1 : Operation 129 [1/1] (0.00ns)   --->   "%arg2_3_3_read = read i32 @_ssdm_op_Read.ap_auto.i32P0A, i32 %arg2_3_3" [design.cpp:9]   --->   Operation 129 'read' 'arg2_3_3_read' <Predicate = true> <Delay = 0.00>
ST_1 : Operation 130 [1/1] (0.00ns)   --->   "%acc_33 = bitcast i32 %arg2_3_3_read" [design.cpp:9]   --->   Operation 130 'bitcast' 'acc_33' <Predicate = true> <Delay = 0.00>
ST_1 : Operation 131 [2/2] (8.77ns)   --->   "%call_ln9 = call void @matmul_4x4x4_Pipeline_VITIS_LOOP_10_315, i32 %acc_33, i32 %bitcast_ln12_28, i32 %bitcast_ln12_29, i32 %bitcast_ln12_30, i32 %bitcast_ln12_31, i32 %bitcast_ln12_16, i32 %bitcast_ln12_17, i32 %bitcast_ln12_18, i32 %bitcast_ln12_19, i32 %acc_46_loc" [design.cpp:9]   --->   Operation 131 'call' 'call_ln9' <Predicate = true> <Delay = 8.77> <CoreType = "Generic">   --->   Generic Core

State 2 <SV = 1> <Delay = 0.00>
ST_2 : Operation 132 [1/2] (0.00ns)   --->   "%call_ln9 = call void @matmul_4x4x4_Pipeline_VITIS_LOOP_10_3, i32 %acc, i32 %bitcast_ln12, i32 %bitcast_ln12_1, i32 %bitcast_ln12_2, i32 %bitcast_ln12_3, i32 %bitcast_ln12_4, i32 %bitcast_ln12_5, i32 %bitcast_ln12_6, i32 %bitcast_ln12_7, i32 %acc_2_loc" [design.cpp:9]   --->   Operation 132 'call' 'call_ln9' <Predicate = true> <Delay = 0.00> <CoreType = "Generic">   --->   Generic Core
ST_2 : Operation 133 [1/2] (0.00ns)   --->   "%call_ln9 = call void @matmul_4x4x4_Pipeline_VITIS_LOOP_10_31, i32 %acc_15, i32 %bitcast_ln12, i32 %bitcast_ln12_1, i32 %bitcast_ln12_2, i32 %bitcast_ln12_3, i32 %bitcast_ln12_8, i32 %bitcast_ln12_9, i32 %bitcast_ln12_10, i32 %bitcast_ln12_11, i32 %acc_5_loc" [design.cpp:9]   --->   Operation 133 'call' 'call_ln9' <Predicate = true> <Delay = 0.00> <CoreType = "Generic">   --->   Generic Core
ST_2 : Operation 134 [1/2] (0.00ns)   --->   "%call_ln9 = call void @matmul_4x4x4_Pipeline_VITIS_LOOP_10_32, i32 %acc_17, i32 %bitcast_ln12, i32 %bitcast_ln12_1, i32 %bitcast_ln12_2, i32 %bitcast_ln12_3, i32 %bitcast_ln12_12, i32 %bitcast_ln12_13, i32 %bitcast_ln12_14, i32 %bitcast_ln12_15, i32 %acc_8_loc" [design.cpp:9]   --->   Operation 134 'call' 'call_ln9' <Predicate = true> <Delay = 0.00> <CoreType = "Generic">   --->   Generic Core
ST_2 : Operation 135 [1/2] (0.00ns)   --->   "%call_ln9 = call void @matmul_4x4x4_Pipeline_VITIS_LOOP_10_33, i32 %acc_18, i32 %bitcast_ln12, i32 %bitcast_ln12_1, i32 %bitcast_ln12_2, i32 %bitcast_ln12_3, i32 %bitcast_ln12_16, i32 %bitcast_ln12_17, i32 %bitcast_ln12_18, i32 %bitcast_ln12_19, i32 %acc_11_loc" [design.cpp:9]   --->   Operation 135 'call' 'call_ln9' <Predicate = true> <Delay = 0.00> <CoreType = "Generic">   --->   Generic Core
ST_2 : Operation 136 [1/2] (0.00ns)   --->   "%call_ln9 = call void @matmul_4x4x4_Pipeline_VITIS_LOOP_10_34, i32 %acc_20, i32 %bitcast_ln12_20, i32 %bitcast_ln12_21, i32 %bitcast_ln12_22, i32 %bitcast_ln12_23, i32 %bitcast_ln12_4, i32 %bitcast_ln12_5, i32 %bitcast_ln12_6, i32 %bitcast_ln12_7, i32 %acc_14_loc" [design.cpp:9]   --->   Operation 136 'call' 'call_ln9' <Predicate = true> <Delay = 0.00> <CoreType = "Generic">   --->   Generic Core
ST_2 : Operation 137 [1/2] (0.00ns)   --->   "%call_ln9 = call void @matmul_4x4x4_Pipeline_VITIS_LOOP_10_35, i32 %acc_21, i32 %bitcast_ln12_20, i32 %bitcast_ln12_21, i32 %bitcast_ln12_22, i32 %bitcast_ln12_23, i32 %bitcast_ln12_8, i32 %bitcast_ln12_9, i32 %bitcast_ln12_10, i32 %bitcast_ln12_11, i32 %acc_17_loc" [design.cpp:9]   --->   Operation 137 'call' 'call_ln9' <Predicate = true> <Delay = 0.00> <CoreType = "Generic">   --->   Generic Core
ST_2 : Operation 138 [1/2] (0.00ns)   --->   "%call_ln9 = call void @matmul_4x4x4_Pipeline_VITIS_LOOP_10_36, i32 %acc_23, i32 %bitcast_ln12_20, i32 %bitcast_ln12_21, i32 %bitcast_ln12_22, i32 %bitcast_ln12_23, i32 %bitcast_ln12_12, i32 %bitcast_ln12_13, i32 %bitcast_ln12_14, i32 %bitcast_ln12_15, i32 %acc_20_loc" [design.cpp:9]   --->   Operation 138 'call' 'call_ln9' <Predicate = true> <Delay = 0.00> <CoreType = "Generic">   --->   Generic Core
ST_2 : Operation 139 [1/2] (0.00ns)   --->   "%call_ln9 = call void @matmul_4x4x4_Pipeline_VITIS_LOOP_10_37, i32 %acc_24, i32 %bitcast_ln12_20, i32 %bitcast_ln12_21, i32 %bitcast_ln12_22, i32 %bitcast_ln12_23, i32 %bitcast_ln12_16, i32 %bitcast_ln12_17, i32 %bitcast_ln12_18, i32 %bitcast_ln12_19, i32 %acc_23_loc" [design.cpp:9]   --->   Operation 139 'call' 'call_ln9' <Predicate = true> <Delay = 0.00> <CoreType = "Generic">   --->   Generic Core
ST_2 : Operation 140 [1/2] (0.00ns)   --->   "%call_ln9 = call void @matmul_4x4x4_Pipeline_VITIS_LOOP_10_38, i32 %acc_26, i32 %bitcast_ln12_24, i32 %bitcast_ln12_25, i32 %bitcast_ln12_26, i32 %bitcast_ln12_27, i32 %bitcast_ln12_4, i32 %bitcast_ln12_5, i32 %bitcast_ln12_6, i32 %bitcast_ln12_7, i32 %acc_26_loc" [design.cpp:9]   --->   Operation 140 'call' 'call_ln9' <Predicate = true> <Delay = 0.00> <CoreType = "Generic">   --->   Generic Core
ST_2 : Operation 141 [1/2] (0.00ns)   --->   "%call_ln9 = call void @matmul_4x4x4_Pipeline_VITIS_LOOP_10_39, i32 %acc_27, i32 %bitcast_ln12_24, i32 %bitcast_ln12_25, i32 %bitcast_ln12_26, i32 %bitcast_ln12_27, i32 %bitcast_ln12_8, i32 %bitcast_ln12_9, i32 %bitcast_ln12_10, i32 %bitcast_ln12_11, i32 %acc_29_loc" [design.cpp:9]   --->   Operation 141 'call' 'call_ln9' <Predicate = true> <Delay = 0.00> <CoreType = "Generic">   --->   Generic Core
ST_2 : Operation 142 [1/2] (0.00ns)   --->   "%call_ln9 = call void @matmul_4x4x4_Pipeline_VITIS_LOOP_10_310, i32 %acc_28, i32 %bitcast_ln12_24, i32 %bitcast_ln12_25, i32 %bitcast_ln12_26, i32 %bitcast_ln12_27, i32 %bitcast_ln12_12, i32 %bitcast_ln12_13, i32 %bitcast_ln12_14, i32 %bitcast_ln12_15, i32 %acc_32_loc" [design.cpp:9]   --->   Operation 142 'call' 'call_ln9' <Predicate = true> <Delay = 0.00> <CoreType = "Generic">   --->   Generic Core
ST_2 : Operation 143 [1/2] (0.00ns)   --->   "%call_ln9 = call void @matmul_4x4x4_Pipeline_VITIS_LOOP_10_311, i32 %acc_29, i32 %bitcast_ln12_24, i32 %bitcast_ln12_25, i32 %bitcast_ln12_26, i32 %bitcast_ln12_27, i32 %bitcast_ln12_16, i32 %bitcast_ln12_17, i32 %bitcast_ln12_18, i32 %bitcast_ln12_19, i32 %acc_35_loc" [design.cpp:9]   --->   Operation 143 'call' 'call_ln9' <Predicate = true> <Delay = 0.00> <CoreType = "Generic">   --->   Generic Core
ST_2 : Operation 144 [1/2] (0.00ns)   --->   "%call_ln9 = call void @matmul_4x4x4_Pipeline_VITIS_LOOP_10_312, i32 %acc_30, i32 %bitcast_ln12_28, i32 %bitcast_ln12_29, i32 %bitcast_ln12_30, i32 %bitcast_ln12_31, i32 %bitcast_ln12_4, i32 %bitcast_ln12_5, i32 %bitcast_ln12_6, i32 %bitcast_ln12_7, i32 %acc_38_loc" [design.cpp:9]   --->   Operation 144 'call' 'call_ln9' <Predicate = true> <Delay = 0.00> <CoreType = "Generic">   --->   Generic Core
ST_2 : Operation 145 [1/2] (0.00ns)   --->   "%call_ln9 = call void @matmul_4x4x4_Pipeline_VITIS_LOOP_10_313, i32 %acc_31, i32 %bitcast_ln12_28, i32 %bitcast_ln12_29, i32 %bitcast_ln12_30, i32 %bitcast_ln12_31, i32 %bitcast_ln12_8, i32 %bitcast_ln12_9, i32 %bitcast_ln12_10, i32 %bitcast_ln12_11, i32 %acc_41_loc" [design.cpp:9]   --->   Operation 145 'call' 'call_ln9' <Predicate = true> <Delay = 0.00> <CoreType = "Generic">   --->   Generic Core
ST_2 : Operation 146 [1/2] (0.00ns)   --->   "%call_ln9 = call void @matmul_4x4x4_Pipeline_VITIS_LOOP_10_314, i32 %acc_32, i32 %bitcast_ln12_28, i32 %bitcast_ln12_29, i32 %bitcast_ln12_30, i32 %bitcast_ln12_31, i32 %bitcast_ln12_12, i32 %bitcast_ln12_13, i32 %bitcast_ln12_14, i32 %bitcast_ln12_15, i32 %acc_44_loc" [design.cpp:9]   --->   Operation 146 'call' 'call_ln9' <Predicate = true> <Delay = 0.00> <CoreType = "Generic">   --->   Generic Core
ST_2 : Operation 147 [1/2] (0.00ns)   --->   "%call_ln9 = call void @matmul_4x4x4_Pipeline_VITIS_LOOP_10_315, i32 %acc_33, i32 %bitcast_ln12_28, i32 %bitcast_ln12_29, i32 %bitcast_ln12_30, i32 %bitcast_ln12_31, i32 %bitcast_ln12_16, i32 %bitcast_ln12_17, i32 %bitcast_ln12_18, i32 %bitcast_ln12_19, i32 %acc_46_loc" [design.cpp:9]   --->   Operation 147 'call' 'call_ln9' <Predicate = true> <Delay = 0.00> <CoreType = "Generic">   --->   Generic Core

State 3 <SV = 2> <Delay = 0.00>
ST_3 : Operation 148 [1/1] (0.00ns)   --->   "%spectopmodule_ln1 = spectopmodule void @_ssdm_op_SpecTopModule, void @empty_1" [design.cpp:1]   --->   Operation 148 'spectopmodule' 'spectopmodule_ln1' <Predicate = true> <Delay = 0.00>
ST_3 : Operation 149 [1/1] (0.00ns)   --->   "%specbitsmap_ln0 = specbitsmap void @_ssdm_op_SpecBitsMap, i32 %arg0_0_0"   --->   Operation 149 'specbitsmap' 'specbitsmap_ln0' <Predicate = true> <Delay = 0.00>
ST_3 : Operation 150 [1/1] (0.00ns)   --->   "%specinterface_ln0 = specinterface void @_ssdm_op_SpecInterface, i32 %arg0_0_0, void @empty, i32 0, i32 0, void @empty_0, i32 0, i32 0, void @empty_0, void @empty_0, void @empty_0, i32 0, i32 0, i32 0, i32 0, void @empty_0, void @empty_0, i32 4294967295, i32 0, i32 0, i32 0"   --->   Operation 150 'specinterface' 'specinterface_ln0' <Predicate = true> <Delay = 0.00>
ST_3 : Operation 151 [1/1] (0.00ns)   --->   "%specbitsmap_ln0 = specbitsmap void @_ssdm_op_SpecBitsMap, i32 %arg0_0_1"   --->   Operation 151 'specbitsmap' 'specbitsmap_ln0' <Predicate = true> <Delay = 0.00>
ST_3 : Operation 152 [1/1] (0.00ns)   --->   "%specinterface_ln0 = specinterface void @_ssdm_op_SpecInterface, i32 %arg0_0_1, void @empty, i32 0, i32 0, void @empty_0, i32 0, i32 0, void @empty_0, void @empty_0, void @empty_0, i32 0, i32 0, i32 0, i32 0, void @empty_0, void @empty_0, i32 4294967295, i32 0, i32 0, i32 0"   --->   Operation 152 'specinterface' 'specinterface_ln0' <Predicate = true> <Delay = 0.00>
ST_3 : Operation 153 [1/1] (0.00ns)   --->   "%specbitsmap_ln0 = specbitsmap void @_ssdm_op_SpecBitsMap, i32 %arg0_0_2"   --->   Operation 153 'specbitsmap' 'specbitsmap_ln0' <Predicate = true> <Delay = 0.00>
ST_3 : Operation 154 [1/1] (0.00ns)   --->   "%specinterface_ln0 = specinterface void @_ssdm_op_SpecInterface, i32 %arg0_0_2, void @empty, i32 0, i32 0, void @empty_0, i32 0, i32 0, void @empty_0, void @empty_0, void @empty_0, i32 0, i32 0, i32 0, i32 0, void @empty_0, void @empty_0, i32 4294967295, i32 0, i32 0, i32 0"   --->   Operation 154 'specinterface' 'specinterface_ln0' <Predicate = true> <Delay = 0.00>
ST_3 : Operation 155 [1/1] (0.00ns)   --->   "%specbitsmap_ln0 = specbitsmap void @_ssdm_op_SpecBitsMap, i32 %arg0_0_3"   --->   Operation 155 'specbitsmap' 'specbitsmap_ln0' <Predicate = true> <Delay = 0.00>
ST_3 : Operation 156 [1/1] (0.00ns)   --->   "%specinterface_ln0 = specinterface void @_ssdm_op_SpecInterface, i32 %arg0_0_3, void @empty, i32 0, i32 0, void @empty_0, i32 0, i32 0, void @empty_0, void @empty_0, void @empty_0, i32 0, i32 0, i32 0, i32 0, void @empty_0, void @empty_0, i32 4294967295, i32 0, i32 0, i32 0"   --->   Operation 156 'specinterface' 'specinterface_ln0' <Predicate = true> <Delay = 0.00>
ST_3 : Operation 157 [1/1] (0.00ns)   --->   "%specbitsmap_ln0 = specbitsmap void @_ssdm_op_SpecBitsMap, i32 %arg0_1_0"   --->   Operation 157 'specbitsmap' 'specbitsmap_ln0' <Predicate = true> <Delay = 0.00>
ST_3 : Operation 158 [1/1] (0.00ns)   --->   "%specinterface_ln0 = specinterface void @_ssdm_op_SpecInterface, i32 %arg0_1_0, void @empty, i32 0, i32 0, void @empty_0, i32 0, i32 0, void @empty_0, void @empty_0, void @empty_0, i32 0, i32 0, i32 0, i32 0, void @empty_0, void @empty_0, i32 4294967295, i32 0, i32 0, i32 0"   --->   Operation 158 'specinterface' 'specinterface_ln0' <Predicate = true> <Delay = 0.00>
ST_3 : Operation 159 [1/1] (0.00ns)   --->   "%specbitsmap_ln0 = specbitsmap void @_ssdm_op_SpecBitsMap, i32 %arg0_1_1"   --->   Operation 159 'specbitsmap' 'specbitsmap_ln0' <Predicate = true> <Delay = 0.00>
ST_3 : Operation 160 [1/1] (0.00ns)   --->   "%specinterface_ln0 = specinterface void @_ssdm_op_SpecInterface, i32 %arg0_1_1, void @empty, i32 0, i32 0, void @empty_0, i32 0, i32 0, void @empty_0, void @empty_0, void @empty_0, i32 0, i32 0, i32 0, i32 0, void @empty_0, void @empty_0, i32 4294967295, i32 0, i32 0, i32 0"   --->   Operation 160 'specinterface' 'specinterface_ln0' <Predicate = true> <Delay = 0.00>
ST_3 : Operation 161 [1/1] (0.00ns)   --->   "%specbitsmap_ln0 = specbitsmap void @_ssdm_op_SpecBitsMap, i32 %arg0_1_2"   --->   Operation 161 'specbitsmap' 'specbitsmap_ln0' <Predicate = true> <Delay = 0.00>
ST_3 : Operation 162 [1/1] (0.00ns)   --->   "%specinterface_ln0 = specinterface void @_ssdm_op_SpecInterface, i32 %arg0_1_2, void @empty, i32 0, i32 0, void @empty_0, i32 0, i32 0, void @empty_0, void @empty_0, void @empty_0, i32 0, i32 0, i32 0, i32 0, void @empty_0, void @empty_0, i32 4294967295, i32 0, i32 0, i32 0"   --->   Operation 162 'specinterface' 'specinterface_ln0' <Predicate = true> <Delay = 0.00>
ST_3 : Operation 163 [1/1] (0.00ns)   --->   "%specbitsmap_ln0 = specbitsmap void @_ssdm_op_SpecBitsMap, i32 %arg0_1_3"   --->   Operation 163 'specbitsmap' 'specbitsmap_ln0' <Predicate = true> <Delay = 0.00>
ST_3 : Operation 164 [1/1] (0.00ns)   --->   "%specinterface_ln0 = specinterface void @_ssdm_op_SpecInterface, i32 %arg0_1_3, void @empty, i32 0, i32 0, void @empty_0, i32 0, i32 0, void @empty_0, void @empty_0, void @empty_0, i32 0, i32 0, i32 0, i32 0, void @empty_0, void @empty_0, i32 4294967295, i32 0, i32 0, i32 0"   --->   Operation 164 'specinterface' 'specinterface_ln0' <Predicate = true> <Delay = 0.00>
ST_3 : Operation 165 [1/1] (0.00ns)   --->   "%specbitsmap_ln0 = specbitsmap void @_ssdm_op_SpecBitsMap, i32 %arg0_2_0"   --->   Operation 165 'specbitsmap' 'specbitsmap_ln0' <Predicate = true> <Delay = 0.00>
ST_3 : Operation 166 [1/1] (0.00ns)   --->   "%specinterface_ln0 = specinterface void @_ssdm_op_SpecInterface, i32 %arg0_2_0, void @empty, i32 0, i32 0, void @empty_0, i32 0, i32 0, void @empty_0, void @empty_0, void @empty_0, i32 0, i32 0, i32 0, i32 0, void @empty_0, void @empty_0, i32 4294967295, i32 0, i32 0, i32 0"   --->   Operation 166 'specinterface' 'specinterface_ln0' <Predicate = true> <Delay = 0.00>
ST_3 : Operation 167 [1/1] (0.00ns)   --->   "%specbitsmap_ln0 = specbitsmap void @_ssdm_op_SpecBitsMap, i32 %arg0_2_1"   --->   Operation 167 'specbitsmap' 'specbitsmap_ln0' <Predicate = true> <Delay = 0.00>
ST_3 : Operation 168 [1/1] (0.00ns)   --->   "%specinterface_ln0 = specinterface void @_ssdm_op_SpecInterface, i32 %arg0_2_1, void @empty, i32 0, i32 0, void @empty_0, i32 0, i32 0, void @empty_0, void @empty_0, void @empty_0, i32 0, i32 0, i32 0, i32 0, void @empty_0, void @empty_0, i32 4294967295, i32 0, i32 0, i32 0"   --->   Operation 168 'specinterface' 'specinterface_ln0' <Predicate = true> <Delay = 0.00>
ST_3 : Operation 169 [1/1] (0.00ns)   --->   "%specbitsmap_ln0 = specbitsmap void @_ssdm_op_SpecBitsMap, i32 %arg0_2_2"   --->   Operation 169 'specbitsmap' 'specbitsmap_ln0' <Predicate = true> <Delay = 0.00>
ST_3 : Operation 170 [1/1] (0.00ns)   --->   "%specinterface_ln0 = specinterface void @_ssdm_op_SpecInterface, i32 %arg0_2_2, void @empty, i32 0, i32 0, void @empty_0, i32 0, i32 0, void @empty_0, void @empty_0, void @empty_0, i32 0, i32 0, i32 0, i32 0, void @empty_0, void @empty_0, i32 4294967295, i32 0, i32 0, i32 0"   --->   Operation 170 'specinterface' 'specinterface_ln0' <Predicate = true> <Delay = 0.00>
ST_3 : Operation 171 [1/1] (0.00ns)   --->   "%specbitsmap_ln0 = specbitsmap void @_ssdm_op_SpecBitsMap, i32 %arg0_2_3"   --->   Operation 171 'specbitsmap' 'specbitsmap_ln0' <Predicate = true> <Delay = 0.00>
ST_3 : Operation 172 [1/1] (0.00ns)   --->   "%specinterface_ln0 = specinterface void @_ssdm_op_SpecInterface, i32 %arg0_2_3, void @empty, i32 0, i32 0, void @empty_0, i32 0, i32 0, void @empty_0, void @empty_0, void @empty_0, i32 0, i32 0, i32 0, i32 0, void @empty_0, void @empty_0, i32 4294967295, i32 0, i32 0, i32 0"   --->   Operation 172 'specinterface' 'specinterface_ln0' <Predicate = true> <Delay = 0.00>
ST_3 : Operation 173 [1/1] (0.00ns)   --->   "%specbitsmap_ln0 = specbitsmap void @_ssdm_op_SpecBitsMap, i32 %arg0_3_0"   --->   Operation 173 'specbitsmap' 'specbitsmap_ln0' <Predicate = true> <Delay = 0.00>
ST_3 : Operation 174 [1/1] (0.00ns)   --->   "%specinterface_ln0 = specinterface void @_ssdm_op_SpecInterface, i32 %arg0_3_0, void @empty, i32 0, i32 0, void @empty_0, i32 0, i32 0, void @empty_0, void @empty_0, void @empty_0, i32 0, i32 0, i32 0, i32 0, void @empty_0, void @empty_0, i32 4294967295, i32 0, i32 0, i32 0"   --->   Operation 174 'specinterface' 'specinterface_ln0' <Predicate = true> <Delay = 0.00>
ST_3 : Operation 175 [1/1] (0.00ns)   --->   "%specbitsmap_ln0 = specbitsmap void @_ssdm_op_SpecBitsMap, i32 %arg0_3_1"   --->   Operation 175 'specbitsmap' 'specbitsmap_ln0' <Predicate = true> <Delay = 0.00>
ST_3 : Operation 176 [1/1] (0.00ns)   --->   "%specinterface_ln0 = specinterface void @_ssdm_op_SpecInterface, i32 %arg0_3_1, void @empty, i32 0, i32 0, void @empty_0, i32 0, i32 0, void @empty_0, void @empty_0, void @empty_0, i32 0, i32 0, i32 0, i32 0, void @empty_0, void @empty_0, i32 4294967295, i32 0, i32 0, i32 0"   --->   Operation 176 'specinterface' 'specinterface_ln0' <Predicate = true> <Delay = 0.00>
ST_3 : Operation 177 [1/1] (0.00ns)   --->   "%specbitsmap_ln0 = specbitsmap void @_ssdm_op_SpecBitsMap, i32 %arg0_3_2"   --->   Operation 177 'specbitsmap' 'specbitsmap_ln0' <Predicate = true> <Delay = 0.00>
ST_3 : Operation 178 [1/1] (0.00ns)   --->   "%specinterface_ln0 = specinterface void @_ssdm_op_SpecInterface, i32 %arg0_3_2, void @empty, i32 0, i32 0, void @empty_0, i32 0, i32 0, void @empty_0, void @empty_0, void @empty_0, i32 0, i32 0, i32 0, i32 0, void @empty_0, void @empty_0, i32 4294967295, i32 0, i32 0, i32 0"   --->   Operation 178 'specinterface' 'specinterface_ln0' <Predicate = true> <Delay = 0.00>
ST_3 : Operation 179 [1/1] (0.00ns)   --->   "%specbitsmap_ln0 = specbitsmap void @_ssdm_op_SpecBitsMap, i32 %arg0_3_3"   --->   Operation 179 'specbitsmap' 'specbitsmap_ln0' <Predicate = true> <Delay = 0.00>
ST_3 : Operation 180 [1/1] (0.00ns)   --->   "%specinterface_ln0 = specinterface void @_ssdm_op_SpecInterface, i32 %arg0_3_3, void @empty, i32 0, i32 0, void @empty_0, i32 0, i32 0, void @empty_0, void @empty_0, void @empty_0, i32 0, i32 0, i32 0, i32 0, void @empty_0, void @empty_0, i32 4294967295, i32 0, i32 0, i32 0"   --->   Operation 180 'specinterface' 'specinterface_ln0' <Predicate = true> <Delay = 0.00>
ST_3 : Operation 181 [1/1] (0.00ns)   --->   "%specbitsmap_ln0 = specbitsmap void @_ssdm_op_SpecBitsMap, i32 %arg1_0_0"   --->   Operation 181 'specbitsmap' 'specbitsmap_ln0' <Predicate = true> <Delay = 0.00>
ST_3 : Operation 182 [1/1] (0.00ns)   --->   "%specinterface_ln0 = specinterface void @_ssdm_op_SpecInterface, i32 %arg1_0_0, void @empty, i32 0, i32 0, void @empty_0, i32 0, i32 0, void @empty_0, void @empty_0, void @empty_0, i32 0, i32 0, i32 0, i32 0, void @empty_0, void @empty_0, i32 4294967295, i32 0, i32 0, i32 0"   --->   Operation 182 'specinterface' 'specinterface_ln0' <Predicate = true> <Delay = 0.00>
ST_3 : Operation 183 [1/1] (0.00ns)   --->   "%specbitsmap_ln0 = specbitsmap void @_ssdm_op_SpecBitsMap, i32 %arg1_0_1"   --->   Operation 183 'specbitsmap' 'specbitsmap_ln0' <Predicate = true> <Delay = 0.00>
ST_3 : Operation 184 [1/1] (0.00ns)   --->   "%specinterface_ln0 = specinterface void @_ssdm_op_SpecInterface, i32 %arg1_0_1, void @empty, i32 0, i32 0, void @empty_0, i32 0, i32 0, void @empty_0, void @empty_0, void @empty_0, i32 0, i32 0, i32 0, i32 0, void @empty_0, void @empty_0, i32 4294967295, i32 0, i32 0, i32 0"   --->   Operation 184 'specinterface' 'specinterface_ln0' <Predicate = true> <Delay = 0.00>
ST_3 : Operation 185 [1/1] (0.00ns)   --->   "%specbitsmap_ln0 = specbitsmap void @_ssdm_op_SpecBitsMap, i32 %arg1_0_2"   --->   Operation 185 'specbitsmap' 'specbitsmap_ln0' <Predicate = true> <Delay = 0.00>
ST_3 : Operation 186 [1/1] (0.00ns)   --->   "%specinterface_ln0 = specinterface void @_ssdm_op_SpecInterface, i32 %arg1_0_2, void @empty, i32 0, i32 0, void @empty_0, i32 0, i32 0, void @empty_0, void @empty_0, void @empty_0, i32 0, i32 0, i32 0, i32 0, void @empty_0, void @empty_0, i32 4294967295, i32 0, i32 0, i32 0"   --->   Operation 186 'specinterface' 'specinterface_ln0' <Predicate = true> <Delay = 0.00>
ST_3 : Operation 187 [1/1] (0.00ns)   --->   "%specbitsmap_ln0 = specbitsmap void @_ssdm_op_SpecBitsMap, i32 %arg1_0_3"   --->   Operation 187 'specbitsmap' 'specbitsmap_ln0' <Predicate = true> <Delay = 0.00>
ST_3 : Operation 188 [1/1] (0.00ns)   --->   "%specinterface_ln0 = specinterface void @_ssdm_op_SpecInterface, i32 %arg1_0_3, void @empty, i32 0, i32 0, void @empty_0, i32 0, i32 0, void @empty_0, void @empty_0, void @empty_0, i32 0, i32 0, i32 0, i32 0, void @empty_0, void @empty_0, i32 4294967295, i32 0, i32 0, i32 0"   --->   Operation 188 'specinterface' 'specinterface_ln0' <Predicate = true> <Delay = 0.00>
ST_3 : Operation 189 [1/1] (0.00ns)   --->   "%specbitsmap_ln0 = specbitsmap void @_ssdm_op_SpecBitsMap, i32 %arg1_1_0"   --->   Operation 189 'specbitsmap' 'specbitsmap_ln0' <Predicate = true> <Delay = 0.00>
ST_3 : Operation 190 [1/1] (0.00ns)   --->   "%specinterface_ln0 = specinterface void @_ssdm_op_SpecInterface, i32 %arg1_1_0, void @empty, i32 0, i32 0, void @empty_0, i32 0, i32 0, void @empty_0, void @empty_0, void @empty_0, i32 0, i32 0, i32 0, i32 0, void @empty_0, void @empty_0, i32 4294967295, i32 0, i32 0, i32 0"   --->   Operation 190 'specinterface' 'specinterface_ln0' <Predicate = true> <Delay = 0.00>
ST_3 : Operation 191 [1/1] (0.00ns)   --->   "%specbitsmap_ln0 = specbitsmap void @_ssdm_op_SpecBitsMap, i32 %arg1_1_1"   --->   Operation 191 'specbitsmap' 'specbitsmap_ln0' <Predicate = true> <Delay = 0.00>
ST_3 : Operation 192 [1/1] (0.00ns)   --->   "%specinterface_ln0 = specinterface void @_ssdm_op_SpecInterface, i32 %arg1_1_1, void @empty, i32 0, i32 0, void @empty_0, i32 0, i32 0, void @empty_0, void @empty_0, void @empty_0, i32 0, i32 0, i32 0, i32 0, void @empty_0, void @empty_0, i32 4294967295, i32 0, i32 0, i32 0"   --->   Operation 192 'specinterface' 'specinterface_ln0' <Predicate = true> <Delay = 0.00>
ST_3 : Operation 193 [1/1] (0.00ns)   --->   "%specbitsmap_ln0 = specbitsmap void @_ssdm_op_SpecBitsMap, i32 %arg1_1_2"   --->   Operation 193 'specbitsmap' 'specbitsmap_ln0' <Predicate = true> <Delay = 0.00>
ST_3 : Operation 194 [1/1] (0.00ns)   --->   "%specinterface_ln0 = specinterface void @_ssdm_op_SpecInterface, i32 %arg1_1_2, void @empty, i32 0, i32 0, void @empty_0, i32 0, i32 0, void @empty_0, void @empty_0, void @empty_0, i32 0, i32 0, i32 0, i32 0, void @empty_0, void @empty_0, i32 4294967295, i32 0, i32 0, i32 0"   --->   Operation 194 'specinterface' 'specinterface_ln0' <Predicate = true> <Delay = 0.00>
ST_3 : Operation 195 [1/1] (0.00ns)   --->   "%specbitsmap_ln0 = specbitsmap void @_ssdm_op_SpecBitsMap, i32 %arg1_1_3"   --->   Operation 195 'specbitsmap' 'specbitsmap_ln0' <Predicate = true> <Delay = 0.00>
ST_3 : Operation 196 [1/1] (0.00ns)   --->   "%specinterface_ln0 = specinterface void @_ssdm_op_SpecInterface, i32 %arg1_1_3, void @empty, i32 0, i32 0, void @empty_0, i32 0, i32 0, void @empty_0, void @empty_0, void @empty_0, i32 0, i32 0, i32 0, i32 0, void @empty_0, void @empty_0, i32 4294967295, i32 0, i32 0, i32 0"   --->   Operation 196 'specinterface' 'specinterface_ln0' <Predicate = true> <Delay = 0.00>
ST_3 : Operation 197 [1/1] (0.00ns)   --->   "%specbitsmap_ln0 = specbitsmap void @_ssdm_op_SpecBitsMap, i32 %arg1_2_0"   --->   Operation 197 'specbitsmap' 'specbitsmap_ln0' <Predicate = true> <Delay = 0.00>
ST_3 : Operation 198 [1/1] (0.00ns)   --->   "%specinterface_ln0 = specinterface void @_ssdm_op_SpecInterface, i32 %arg1_2_0, void @empty, i32 0, i32 0, void @empty_0, i32 0, i32 0, void @empty_0, void @empty_0, void @empty_0, i32 0, i32 0, i32 0, i32 0, void @empty_0, void @empty_0, i32 4294967295, i32 0, i32 0, i32 0"   --->   Operation 198 'specinterface' 'specinterface_ln0' <Predicate = true> <Delay = 0.00>
ST_3 : Operation 199 [1/1] (0.00ns)   --->   "%specbitsmap_ln0 = specbitsmap void @_ssdm_op_SpecBitsMap, i32 %arg1_2_1"   --->   Operation 199 'specbitsmap' 'specbitsmap_ln0' <Predicate = true> <Delay = 0.00>
ST_3 : Operation 200 [1/1] (0.00ns)   --->   "%specinterface_ln0 = specinterface void @_ssdm_op_SpecInterface, i32 %arg1_2_1, void @empty, i32 0, i32 0, void @empty_0, i32 0, i32 0, void @empty_0, void @empty_0, void @empty_0, i32 0, i32 0, i32 0, i32 0, void @empty_0, void @empty_0, i32 4294967295, i32 0, i32 0, i32 0"   --->   Operation 200 'specinterface' 'specinterface_ln0' <Predicate = true> <Delay = 0.00>
ST_3 : Operation 201 [1/1] (0.00ns)   --->   "%specbitsmap_ln0 = specbitsmap void @_ssdm_op_SpecBitsMap, i32 %arg1_2_2"   --->   Operation 201 'specbitsmap' 'specbitsmap_ln0' <Predicate = true> <Delay = 0.00>
ST_3 : Operation 202 [1/1] (0.00ns)   --->   "%specinterface_ln0 = specinterface void @_ssdm_op_SpecInterface, i32 %arg1_2_2, void @empty, i32 0, i32 0, void @empty_0, i32 0, i32 0, void @empty_0, void @empty_0, void @empty_0, i32 0, i32 0, i32 0, i32 0, void @empty_0, void @empty_0, i32 4294967295, i32 0, i32 0, i32 0"   --->   Operation 202 'specinterface' 'specinterface_ln0' <Predicate = true> <Delay = 0.00>
ST_3 : Operation 203 [1/1] (0.00ns)   --->   "%specbitsmap_ln0 = specbitsmap void @_ssdm_op_SpecBitsMap, i32 %arg1_2_3"   --->   Operation 203 'specbitsmap' 'specbitsmap_ln0' <Predicate = true> <Delay = 0.00>
ST_3 : Operation 204 [1/1] (0.00ns)   --->   "%specinterface_ln0 = specinterface void @_ssdm_op_SpecInterface, i32 %arg1_2_3, void @empty, i32 0, i32 0, void @empty_0, i32 0, i32 0, void @empty_0, void @empty_0, void @empty_0, i32 0, i32 0, i32 0, i32 0, void @empty_0, void @empty_0, i32 4294967295, i32 0, i32 0, i32 0"   --->   Operation 204 'specinterface' 'specinterface_ln0' <Predicate = true> <Delay = 0.00>
ST_3 : Operation 205 [1/1] (0.00ns)   --->   "%specbitsmap_ln0 = specbitsmap void @_ssdm_op_SpecBitsMap, i32 %arg1_3_0"   --->   Operation 205 'specbitsmap' 'specbitsmap_ln0' <Predicate = true> <Delay = 0.00>
ST_3 : Operation 206 [1/1] (0.00ns)   --->   "%specinterface_ln0 = specinterface void @_ssdm_op_SpecInterface, i32 %arg1_3_0, void @empty, i32 0, i32 0, void @empty_0, i32 0, i32 0, void @empty_0, void @empty_0, void @empty_0, i32 0, i32 0, i32 0, i32 0, void @empty_0, void @empty_0, i32 4294967295, i32 0, i32 0, i32 0"   --->   Operation 206 'specinterface' 'specinterface_ln0' <Predicate = true> <Delay = 0.00>
ST_3 : Operation 207 [1/1] (0.00ns)   --->   "%specbitsmap_ln0 = specbitsmap void @_ssdm_op_SpecBitsMap, i32 %arg1_3_1"   --->   Operation 207 'specbitsmap' 'specbitsmap_ln0' <Predicate = true> <Delay = 0.00>
ST_3 : Operation 208 [1/1] (0.00ns)   --->   "%specinterface_ln0 = specinterface void @_ssdm_op_SpecInterface, i32 %arg1_3_1, void @empty, i32 0, i32 0, void @empty_0, i32 0, i32 0, void @empty_0, void @empty_0, void @empty_0, i32 0, i32 0, i32 0, i32 0, void @empty_0, void @empty_0, i32 4294967295, i32 0, i32 0, i32 0"   --->   Operation 208 'specinterface' 'specinterface_ln0' <Predicate = true> <Delay = 0.00>
ST_3 : Operation 209 [1/1] (0.00ns)   --->   "%specbitsmap_ln0 = specbitsmap void @_ssdm_op_SpecBitsMap, i32 %arg1_3_2"   --->   Operation 209 'specbitsmap' 'specbitsmap_ln0' <Predicate = true> <Delay = 0.00>
ST_3 : Operation 210 [1/1] (0.00ns)   --->   "%specinterface_ln0 = specinterface void @_ssdm_op_SpecInterface, i32 %arg1_3_2, void @empty, i32 0, i32 0, void @empty_0, i32 0, i32 0, void @empty_0, void @empty_0, void @empty_0, i32 0, i32 0, i32 0, i32 0, void @empty_0, void @empty_0, i32 4294967295, i32 0, i32 0, i32 0"   --->   Operation 210 'specinterface' 'specinterface_ln0' <Predicate = true> <Delay = 0.00>
ST_3 : Operation 211 [1/1] (0.00ns)   --->   "%specbitsmap_ln0 = specbitsmap void @_ssdm_op_SpecBitsMap, i32 %arg1_3_3"   --->   Operation 211 'specbitsmap' 'specbitsmap_ln0' <Predicate = true> <Delay = 0.00>
ST_3 : Operation 212 [1/1] (0.00ns)   --->   "%specinterface_ln0 = specinterface void @_ssdm_op_SpecInterface, i32 %arg1_3_3, void @empty, i32 0, i32 0, void @empty_0, i32 0, i32 0, void @empty_0, void @empty_0, void @empty_0, i32 0, i32 0, i32 0, i32 0, void @empty_0, void @empty_0, i32 4294967295, i32 0, i32 0, i32 0"   --->   Operation 212 'specinterface' 'specinterface_ln0' <Predicate = true> <Delay = 0.00>
ST_3 : Operation 213 [1/1] (0.00ns)   --->   "%specbitsmap_ln0 = specbitsmap void @_ssdm_op_SpecBitsMap, i32 %arg2_0_0"   --->   Operation 213 'specbitsmap' 'specbitsmap_ln0' <Predicate = true> <Delay = 0.00>
ST_3 : Operation 214 [1/1] (0.00ns)   --->   "%specinterface_ln0 = specinterface void @_ssdm_op_SpecInterface, i32 %arg2_0_0, void @empty, i32 0, i32 0, void @empty_0, i32 0, i32 0, void @empty_0, void @empty_0, void @empty_0, i32 0, i32 0, i32 0, i32 0, void @empty_0, void @empty_0, i32 4294967295, i32 0, i32 0, i32 0"   --->   Operation 214 'specinterface' 'specinterface_ln0' <Predicate = true> <Delay = 0.00>
ST_3 : Operation 215 [1/1] (0.00ns)   --->   "%specbitsmap_ln0 = specbitsmap void @_ssdm_op_SpecBitsMap, i32 %arg2_0_1"   --->   Operation 215 'specbitsmap' 'specbitsmap_ln0' <Predicate = true> <Delay = 0.00>
ST_3 : Operation 216 [1/1] (0.00ns)   --->   "%specinterface_ln0 = specinterface void @_ssdm_op_SpecInterface, i32 %arg2_0_1, void @empty, i32 0, i32 0, void @empty_0, i32 0, i32 0, void @empty_0, void @empty_0, void @empty_0, i32 0, i32 0, i32 0, i32 0, void @empty_0, void @empty_0, i32 4294967295, i32 0, i32 0, i32 0"   --->   Operation 216 'specinterface' 'specinterface_ln0' <Predicate = true> <Delay = 0.00>
ST_3 : Operation 217 [1/1] (0.00ns)   --->   "%specbitsmap_ln0 = specbitsmap void @_ssdm_op_SpecBitsMap, i32 %arg2_0_2"   --->   Operation 217 'specbitsmap' 'specbitsmap_ln0' <Predicate = true> <Delay = 0.00>
ST_3 : Operation 218 [1/1] (0.00ns)   --->   "%specinterface_ln0 = specinterface void @_ssdm_op_SpecInterface, i32 %arg2_0_2, void @empty, i32 0, i32 0, void @empty_0, i32 0, i32 0, void @empty_0, void @empty_0, void @empty_0, i32 0, i32 0, i32 0, i32 0, void @empty_0, void @empty_0, i32 4294967295, i32 0, i32 0, i32 0"   --->   Operation 218 'specinterface' 'specinterface_ln0' <Predicate = true> <Delay = 0.00>
ST_3 : Operation 219 [1/1] (0.00ns)   --->   "%specbitsmap_ln0 = specbitsmap void @_ssdm_op_SpecBitsMap, i32 %arg2_0_3"   --->   Operation 219 'specbitsmap' 'specbitsmap_ln0' <Predicate = true> <Delay = 0.00>
ST_3 : Operation 220 [1/1] (0.00ns)   --->   "%specinterface_ln0 = specinterface void @_ssdm_op_SpecInterface, i32 %arg2_0_3, void @empty, i32 0, i32 0, void @empty_0, i32 0, i32 0, void @empty_0, void @empty_0, void @empty_0, i32 0, i32 0, i32 0, i32 0, void @empty_0, void @empty_0, i32 4294967295, i32 0, i32 0, i32 0"   --->   Operation 220 'specinterface' 'specinterface_ln0' <Predicate = true> <Delay = 0.00>
ST_3 : Operation 221 [1/1] (0.00ns)   --->   "%specbitsmap_ln0 = specbitsmap void @_ssdm_op_SpecBitsMap, i32 %arg2_1_0"   --->   Operation 221 'specbitsmap' 'specbitsmap_ln0' <Predicate = true> <Delay = 0.00>
ST_3 : Operation 222 [1/1] (0.00ns)   --->   "%specinterface_ln0 = specinterface void @_ssdm_op_SpecInterface, i32 %arg2_1_0, void @empty, i32 0, i32 0, void @empty_0, i32 0, i32 0, void @empty_0, void @empty_0, void @empty_0, i32 0, i32 0, i32 0, i32 0, void @empty_0, void @empty_0, i32 4294967295, i32 0, i32 0, i32 0"   --->   Operation 222 'specinterface' 'specinterface_ln0' <Predicate = true> <Delay = 0.00>
ST_3 : Operation 223 [1/1] (0.00ns)   --->   "%specbitsmap_ln0 = specbitsmap void @_ssdm_op_SpecBitsMap, i32 %arg2_1_1"   --->   Operation 223 'specbitsmap' 'specbitsmap_ln0' <Predicate = true> <Delay = 0.00>
ST_3 : Operation 224 [1/1] (0.00ns)   --->   "%specinterface_ln0 = specinterface void @_ssdm_op_SpecInterface, i32 %arg2_1_1, void @empty, i32 0, i32 0, void @empty_0, i32 0, i32 0, void @empty_0, void @empty_0, void @empty_0, i32 0, i32 0, i32 0, i32 0, void @empty_0, void @empty_0, i32 4294967295, i32 0, i32 0, i32 0"   --->   Operation 224 'specinterface' 'specinterface_ln0' <Predicate = true> <Delay = 0.00>
ST_3 : Operation 225 [1/1] (0.00ns)   --->   "%specbitsmap_ln0 = specbitsmap void @_ssdm_op_SpecBitsMap, i32 %arg2_1_2"   --->   Operation 225 'specbitsmap' 'specbitsmap_ln0' <Predicate = true> <Delay = 0.00>
ST_3 : Operation 226 [1/1] (0.00ns)   --->   "%specinterface_ln0 = specinterface void @_ssdm_op_SpecInterface, i32 %arg2_1_2, void @empty, i32 0, i32 0, void @empty_0, i32 0, i32 0, void @empty_0, void @empty_0, void @empty_0, i32 0, i32 0, i32 0, i32 0, void @empty_0, void @empty_0, i32 4294967295, i32 0, i32 0, i32 0"   --->   Operation 226 'specinterface' 'specinterface_ln0' <Predicate = true> <Delay = 0.00>
ST_3 : Operation 227 [1/1] (0.00ns)   --->   "%specbitsmap_ln0 = specbitsmap void @_ssdm_op_SpecBitsMap, i32 %arg2_1_3"   --->   Operation 227 'specbitsmap' 'specbitsmap_ln0' <Predicate = true> <Delay = 0.00>
ST_3 : Operation 228 [1/1] (0.00ns)   --->   "%specinterface_ln0 = specinterface void @_ssdm_op_SpecInterface, i32 %arg2_1_3, void @empty, i32 0, i32 0, void @empty_0, i32 0, i32 0, void @empty_0, void @empty_0, void @empty_0, i32 0, i32 0, i32 0, i32 0, void @empty_0, void @empty_0, i32 4294967295, i32 0, i32 0, i32 0"   --->   Operation 228 'specinterface' 'specinterface_ln0' <Predicate = true> <Delay = 0.00>
ST_3 : Operation 229 [1/1] (0.00ns)   --->   "%specbitsmap_ln0 = specbitsmap void @_ssdm_op_SpecBitsMap, i32 %arg2_2_0"   --->   Operation 229 'specbitsmap' 'specbitsmap_ln0' <Predicate = true> <Delay = 0.00>
ST_3 : Operation 230 [1/1] (0.00ns)   --->   "%specinterface_ln0 = specinterface void @_ssdm_op_SpecInterface, i32 %arg2_2_0, void @empty, i32 0, i32 0, void @empty_0, i32 0, i32 0, void @empty_0, void @empty_0, void @empty_0, i32 0, i32 0, i32 0, i32 0, void @empty_0, void @empty_0, i32 4294967295, i32 0, i32 0, i32 0"   --->   Operation 230 'specinterface' 'specinterface_ln0' <Predicate = true> <Delay = 0.00>
ST_3 : Operation 231 [1/1] (0.00ns)   --->   "%specbitsmap_ln0 = specbitsmap void @_ssdm_op_SpecBitsMap, i32 %arg2_2_1"   --->   Operation 231 'specbitsmap' 'specbitsmap_ln0' <Predicate = true> <Delay = 0.00>
ST_3 : Operation 232 [1/1] (0.00ns)   --->   "%specinterface_ln0 = specinterface void @_ssdm_op_SpecInterface, i32 %arg2_2_1, void @empty, i32 0, i32 0, void @empty_0, i32 0, i32 0, void @empty_0, void @empty_0, void @empty_0, i32 0, i32 0, i32 0, i32 0, void @empty_0, void @empty_0, i32 4294967295, i32 0, i32 0, i32 0"   --->   Operation 232 'specinterface' 'specinterface_ln0' <Predicate = true> <Delay = 0.00>
ST_3 : Operation 233 [1/1] (0.00ns)   --->   "%specbitsmap_ln0 = specbitsmap void @_ssdm_op_SpecBitsMap, i32 %arg2_2_2"   --->   Operation 233 'specbitsmap' 'specbitsmap_ln0' <Predicate = true> <Delay = 0.00>
ST_3 : Operation 234 [1/1] (0.00ns)   --->   "%specinterface_ln0 = specinterface void @_ssdm_op_SpecInterface, i32 %arg2_2_2, void @empty, i32 0, i32 0, void @empty_0, i32 0, i32 0, void @empty_0, void @empty_0, void @empty_0, i32 0, i32 0, i32 0, i32 0, void @empty_0, void @empty_0, i32 4294967295, i32 0, i32 0, i32 0"   --->   Operation 234 'specinterface' 'specinterface_ln0' <Predicate = true> <Delay = 0.00>
ST_3 : Operation 235 [1/1] (0.00ns)   --->   "%specbitsmap_ln0 = specbitsmap void @_ssdm_op_SpecBitsMap, i32 %arg2_2_3"   --->   Operation 235 'specbitsmap' 'specbitsmap_ln0' <Predicate = true> <Delay = 0.00>
ST_3 : Operation 236 [1/1] (0.00ns)   --->   "%specinterface_ln0 = specinterface void @_ssdm_op_SpecInterface, i32 %arg2_2_3, void @empty, i32 0, i32 0, void @empty_0, i32 0, i32 0, void @empty_0, void @empty_0, void @empty_0, i32 0, i32 0, i32 0, i32 0, void @empty_0, void @empty_0, i32 4294967295, i32 0, i32 0, i32 0"   --->   Operation 236 'specinterface' 'specinterface_ln0' <Predicate = true> <Delay = 0.00>
ST_3 : Operation 237 [1/1] (0.00ns)   --->   "%specbitsmap_ln0 = specbitsmap void @_ssdm_op_SpecBitsMap, i32 %arg2_3_0"   --->   Operation 237 'specbitsmap' 'specbitsmap_ln0' <Predicate = true> <Delay = 0.00>
ST_3 : Operation 238 [1/1] (0.00ns)   --->   "%specinterface_ln0 = specinterface void @_ssdm_op_SpecInterface, i32 %arg2_3_0, void @empty, i32 0, i32 0, void @empty_0, i32 0, i32 0, void @empty_0, void @empty_0, void @empty_0, i32 0, i32 0, i32 0, i32 0, void @empty_0, void @empty_0, i32 4294967295, i32 0, i32 0, i32 0"   --->   Operation 238 'specinterface' 'specinterface_ln0' <Predicate = true> <Delay = 0.00>
ST_3 : Operation 239 [1/1] (0.00ns)   --->   "%specbitsmap_ln0 = specbitsmap void @_ssdm_op_SpecBitsMap, i32 %arg2_3_1"   --->   Operation 239 'specbitsmap' 'specbitsmap_ln0' <Predicate = true> <Delay = 0.00>
ST_3 : Operation 240 [1/1] (0.00ns)   --->   "%specinterface_ln0 = specinterface void @_ssdm_op_SpecInterface, i32 %arg2_3_1, void @empty, i32 0, i32 0, void @empty_0, i32 0, i32 0, void @empty_0, void @empty_0, void @empty_0, i32 0, i32 0, i32 0, i32 0, void @empty_0, void @empty_0, i32 4294967295, i32 0, i32 0, i32 0"   --->   Operation 240 'specinterface' 'specinterface_ln0' <Predicate = true> <Delay = 0.00>
ST_3 : Operation 241 [1/1] (0.00ns)   --->   "%specbitsmap_ln0 = specbitsmap void @_ssdm_op_SpecBitsMap, i32 %arg2_3_2"   --->   Operation 241 'specbitsmap' 'specbitsmap_ln0' <Predicate = true> <Delay = 0.00>
ST_3 : Operation 242 [1/1] (0.00ns)   --->   "%specinterface_ln0 = specinterface void @_ssdm_op_SpecInterface, i32 %arg2_3_2, void @empty, i32 0, i32 0, void @empty_0, i32 0, i32 0, void @empty_0, void @empty_0, void @empty_0, i32 0, i32 0, i32 0, i32 0, void @empty_0, void @empty_0, i32 4294967295, i32 0, i32 0, i32 0"   --->   Operation 242 'specinterface' 'specinterface_ln0' <Predicate = true> <Delay = 0.00>
ST_3 : Operation 243 [1/1] (0.00ns)   --->   "%specbitsmap_ln0 = specbitsmap void @_ssdm_op_SpecBitsMap, i32 %arg2_3_3"   --->   Operation 243 'specbitsmap' 'specbitsmap_ln0' <Predicate = true> <Delay = 0.00>
ST_3 : Operation 244 [1/1] (0.00ns)   --->   "%specinterface_ln0 = specinterface void @_ssdm_op_SpecInterface, i32 %arg2_3_3, void @empty, i32 0, i32 0, void @empty_0, i32 0, i32 0, void @empty_0, void @empty_0, void @empty_0, i32 0, i32 0, i32 0, i32 0, void @empty_0, void @empty_0, i32 4294967295, i32 0, i32 0, i32 0"   --->   Operation 244 'specinterface' 'specinterface_ln0' <Predicate = true> <Delay = 0.00>
ST_3 : Operation 245 [1/1] (0.00ns)   --->   "%acc_2_loc_load = load i32 %acc_2_loc"   --->   Operation 245 'load' 'acc_2_loc_load' <Predicate = true> <Delay = 0.00>
ST_3 : Operation 246 [1/1] (0.00ns)   --->   "%bitcast_ln14 = bitcast i32 %acc_2_loc_load" [design.cpp:14]   --->   Operation 246 'bitcast' 'bitcast_ln14' <Predicate = true> <Delay = 0.00>
ST_3 : Operation 247 [1/1] (0.00ns)   --->   "%write_ln14 = write void @_ssdm_op_Write.ap_auto.i32P0A, i32 %arg2_0_0, i32 %bitcast_ln14" [design.cpp:14]   --->   Operation 247 'write' 'write_ln14' <Predicate = true> <Delay = 0.00>
ST_3 : Operation 248 [1/1] (0.00ns)   --->   "%acc_5_loc_load = load i32 %acc_5_loc"   --->   Operation 248 'load' 'acc_5_loc_load' <Predicate = true> <Delay = 0.00>
ST_3 : Operation 249 [1/1] (0.00ns)   --->   "%bitcast_ln14_1 = bitcast i32 %acc_5_loc_load" [design.cpp:14]   --->   Operation 249 'bitcast' 'bitcast_ln14_1' <Predicate = true> <Delay = 0.00>
ST_3 : Operation 250 [1/1] (0.00ns)   --->   "%write_ln14 = write void @_ssdm_op_Write.ap_auto.i32P0A, i32 %arg2_0_1, i32 %bitcast_ln14_1" [design.cpp:14]   --->   Operation 250 'write' 'write_ln14' <Predicate = true> <Delay = 0.00>
ST_3 : Operation 251 [1/1] (0.00ns)   --->   "%acc_8_loc_load = load i32 %acc_8_loc"   --->   Operation 251 'load' 'acc_8_loc_load' <Predicate = true> <Delay = 0.00>
ST_3 : Operation 252 [1/1] (0.00ns)   --->   "%bitcast_ln14_2 = bitcast i32 %acc_8_loc_load" [design.cpp:14]   --->   Operation 252 'bitcast' 'bitcast_ln14_2' <Predicate = true> <Delay = 0.00>
ST_3 : Operation 253 [1/1] (0.00ns)   --->   "%write_ln14 = write void @_ssdm_op_Write.ap_auto.i32P0A, i32 %arg2_0_2, i32 %bitcast_ln14_2" [design.cpp:14]   --->   Operation 253 'write' 'write_ln14' <Predicate = true> <Delay = 0.00>
ST_3 : Operation 254 [1/1] (0.00ns)   --->   "%acc_11_loc_load = load i32 %acc_11_loc"   --->   Operation 254 'load' 'acc_11_loc_load' <Predicate = true> <Delay = 0.00>
ST_3 : Operation 255 [1/1] (0.00ns)   --->   "%bitcast_ln14_3 = bitcast i32 %acc_11_loc_load" [design.cpp:14]   --->   Operation 255 'bitcast' 'bitcast_ln14_3' <Predicate = true> <Delay = 0.00>
ST_3 : Operation 256 [1/1] (0.00ns)   --->   "%write_ln14 = write void @_ssdm_op_Write.ap_auto.i32P0A, i32 %arg2_0_3, i32 %bitcast_ln14_3" [design.cpp:14]   --->   Operation 256 'write' 'write_ln14' <Predicate = true> <Delay = 0.00>
ST_3 : Operation 257 [1/1] (0.00ns)   --->   "%acc_14_loc_load = load i32 %acc_14_loc"   --->   Operation 257 'load' 'acc_14_loc_load' <Predicate = true> <Delay = 0.00>
ST_3 : Operation 258 [1/1] (0.00ns)   --->   "%bitcast_ln14_4 = bitcast i32 %acc_14_loc_load" [design.cpp:14]   --->   Operation 258 'bitcast' 'bitcast_ln14_4' <Predicate = true> <Delay = 0.00>
ST_3 : Operation 259 [1/1] (0.00ns)   --->   "%write_ln14 = write void @_ssdm_op_Write.ap_auto.i32P0A, i32 %arg2_1_0, i32 %bitcast_ln14_4" [design.cpp:14]   --->   Operation 259 'write' 'write_ln14' <Predicate = true> <Delay = 0.00>
ST_3 : Operation 260 [1/1] (0.00ns)   --->   "%acc_17_loc_load = load i32 %acc_17_loc"   --->   Operation 260 'load' 'acc_17_loc_load' <Predicate = true> <Delay = 0.00>
ST_3 : Operation 261 [1/1] (0.00ns)   --->   "%bitcast_ln14_5 = bitcast i32 %acc_17_loc_load" [design.cpp:14]   --->   Operation 261 'bitcast' 'bitcast_ln14_5' <Predicate = true> <Delay = 0.00>
ST_3 : Operation 262 [1/1] (0.00ns)   --->   "%write_ln14 = write void @_ssdm_op_Write.ap_auto.i32P0A, i32 %arg2_1_1, i32 %bitcast_ln14_5" [design.cpp:14]   --->   Operation 262 'write' 'write_ln14' <Predicate = true> <Delay = 0.00>
ST_3 : Operation 263 [1/1] (0.00ns)   --->   "%acc_20_loc_load = load i32 %acc_20_loc"   --->   Operation 263 'load' 'acc_20_loc_load' <Predicate = true> <Delay = 0.00>
ST_3 : Operation 264 [1/1] (0.00ns)   --->   "%bitcast_ln14_6 = bitcast i32 %acc_20_loc_load" [design.cpp:14]   --->   Operation 264 'bitcast' 'bitcast_ln14_6' <Predicate = true> <Delay = 0.00>
ST_3 : Operation 265 [1/1] (0.00ns)   --->   "%write_ln14 = write void @_ssdm_op_Write.ap_auto.i32P0A, i32 %arg2_1_2, i32 %bitcast_ln14_6" [design.cpp:14]   --->   Operation 265 'write' 'write_ln14' <Predicate = true> <Delay = 0.00>
ST_3 : Operation 266 [1/1] (0.00ns)   --->   "%acc_23_loc_load = load i32 %acc_23_loc"   --->   Operation 266 'load' 'acc_23_loc_load' <Predicate = true> <Delay = 0.00>
ST_3 : Operation 267 [1/1] (0.00ns)   --->   "%bitcast_ln14_7 = bitcast i32 %acc_23_loc_load" [design.cpp:14]   --->   Operation 267 'bitcast' 'bitcast_ln14_7' <Predicate = true> <Delay = 0.00>
ST_3 : Operation 268 [1/1] (0.00ns)   --->   "%write_ln14 = write void @_ssdm_op_Write.ap_auto.i32P0A, i32 %arg2_1_3, i32 %bitcast_ln14_7" [design.cpp:14]   --->   Operation 268 'write' 'write_ln14' <Predicate = true> <Delay = 0.00>
ST_3 : Operation 269 [1/1] (0.00ns)   --->   "%acc_26_loc_load = load i32 %acc_26_loc"   --->   Operation 269 'load' 'acc_26_loc_load' <Predicate = true> <Delay = 0.00>
ST_3 : Operation 270 [1/1] (0.00ns)   --->   "%bitcast_ln14_8 = bitcast i32 %acc_26_loc_load" [design.cpp:14]   --->   Operation 270 'bitcast' 'bitcast_ln14_8' <Predicate = true> <Delay = 0.00>
ST_3 : Operation 271 [1/1] (0.00ns)   --->   "%write_ln14 = write void @_ssdm_op_Write.ap_auto.i32P0A, i32 %arg2_2_0, i32 %bitcast_ln14_8" [design.cpp:14]   --->   Operation 271 'write' 'write_ln14' <Predicate = true> <Delay = 0.00>
ST_3 : Operation 272 [1/1] (0.00ns)   --->   "%acc_29_loc_load = load i32 %acc_29_loc"   --->   Operation 272 'load' 'acc_29_loc_load' <Predicate = true> <Delay = 0.00>
ST_3 : Operation 273 [1/1] (0.00ns)   --->   "%bitcast_ln14_9 = bitcast i32 %acc_29_loc_load" [design.cpp:14]   --->   Operation 273 'bitcast' 'bitcast_ln14_9' <Predicate = true> <Delay = 0.00>
ST_3 : Operation 274 [1/1] (0.00ns)   --->   "%write_ln14 = write void @_ssdm_op_Write.ap_auto.i32P0A, i32 %arg2_2_1, i32 %bitcast_ln14_9" [design.cpp:14]   --->   Operation 274 'write' 'write_ln14' <Predicate = true> <Delay = 0.00>
ST_3 : Operation 275 [1/1] (0.00ns)   --->   "%acc_32_loc_load = load i32 %acc_32_loc"   --->   Operation 275 'load' 'acc_32_loc_load' <Predicate = true> <Delay = 0.00>
ST_3 : Operation 276 [1/1] (0.00ns)   --->   "%bitcast_ln14_10 = bitcast i32 %acc_32_loc_load" [design.cpp:14]   --->   Operation 276 'bitcast' 'bitcast_ln14_10' <Predicate = true> <Delay = 0.00>
ST_3 : Operation 277 [1/1] (0.00ns)   --->   "%write_ln14 = write void @_ssdm_op_Write.ap_auto.i32P0A, i32 %arg2_2_2, i32 %bitcast_ln14_10" [design.cpp:14]   --->   Operation 277 'write' 'write_ln14' <Predicate = true> <Delay = 0.00>
ST_3 : Operation 278 [1/1] (0.00ns)   --->   "%acc_35_loc_load = load i32 %acc_35_loc"   --->   Operation 278 'load' 'acc_35_loc_load' <Predicate = true> <Delay = 0.00>
ST_3 : Operation 279 [1/1] (0.00ns)   --->   "%bitcast_ln14_11 = bitcast i32 %acc_35_loc_load" [design.cpp:14]   --->   Operation 279 'bitcast' 'bitcast_ln14_11' <Predicate = true> <Delay = 0.00>
ST_3 : Operation 280 [1/1] (0.00ns)   --->   "%write_ln14 = write void @_ssdm_op_Write.ap_auto.i32P0A, i32 %arg2_2_3, i32 %bitcast_ln14_11" [design.cpp:14]   --->   Operation 280 'write' 'write_ln14' <Predicate = true> <Delay = 0.00>
ST_3 : Operation 281 [1/1] (0.00ns)   --->   "%acc_38_loc_load = load i32 %acc_38_loc"   --->   Operation 281 'load' 'acc_38_loc_load' <Predicate = true> <Delay = 0.00>
ST_3 : Operation 282 [1/1] (0.00ns)   --->   "%bitcast_ln14_12 = bitcast i32 %acc_38_loc_load" [design.cpp:14]   --->   Operation 282 'bitcast' 'bitcast_ln14_12' <Predicate = true> <Delay = 0.00>
ST_3 : Operation 283 [1/1] (0.00ns)   --->   "%write_ln14 = write void @_ssdm_op_Write.ap_auto.i32P0A, i32 %arg2_3_0, i32 %bitcast_ln14_12" [design.cpp:14]   --->   Operation 283 'write' 'write_ln14' <Predicate = true> <Delay = 0.00>
ST_3 : Operation 284 [1/1] (0.00ns)   --->   "%acc_41_loc_load = load i32 %acc_41_loc"   --->   Operation 284 'load' 'acc_41_loc_load' <Predicate = true> <Delay = 0.00>
ST_3 : Operation 285 [1/1] (0.00ns)   --->   "%bitcast_ln14_13 = bitcast i32 %acc_41_loc_load" [design.cpp:14]   --->   Operation 285 'bitcast' 'bitcast_ln14_13' <Predicate = true> <Delay = 0.00>
ST_3 : Operation 286 [1/1] (0.00ns)   --->   "%write_ln14 = write void @_ssdm_op_Write.ap_auto.i32P0A, i32 %arg2_3_1, i32 %bitcast_ln14_13" [design.cpp:14]   --->   Operation 286 'write' 'write_ln14' <Predicate = true> <Delay = 0.00>
ST_3 : Operation 287 [1/1] (0.00ns)   --->   "%acc_44_loc_load = load i32 %acc_44_loc"   --->   Operation 287 'load' 'acc_44_loc_load' <Predicate = true> <Delay = 0.00>
ST_3 : Operation 288 [1/1] (0.00ns)   --->   "%bitcast_ln14_14 = bitcast i32 %acc_44_loc_load" [design.cpp:14]   --->   Operation 288 'bitcast' 'bitcast_ln14_14' <Predicate = true> <Delay = 0.00>
ST_3 : Operation 289 [1/1] (0.00ns)   --->   "%write_ln14 = write void @_ssdm_op_Write.ap_auto.i32P0A, i32 %arg2_3_2, i32 %bitcast_ln14_14" [design.cpp:14]   --->   Operation 289 'write' 'write_ln14' <Predicate = true> <Delay = 0.00>
ST_3 : Operation 290 [1/1] (0.00ns)   --->   "%acc_46_loc_load = load i32 %acc_46_loc"   --->   Operation 290 'load' 'acc_46_loc_load' <Predicate = true> <Delay = 0.00>
ST_3 : Operation 291 [1/1] (0.00ns)   --->   "%bitcast_ln14_15 = bitcast i32 %acc_46_loc_load" [design.cpp:14]   --->   Operation 291 'bitcast' 'bitcast_ln14_15' <Predicate = true> <Delay = 0.00>
ST_3 : Operation 292 [1/1] (0.00ns)   --->   "%write_ln14 = write void @_ssdm_op_Write.ap_auto.i32P0A, i32 %arg2_3_3, i32 %bitcast_ln14_15" [design.cpp:14]   --->   Operation 292 'write' 'write_ln14' <Predicate = true> <Delay = 0.00>
ST_3 : Operation 293 [1/1] (0.00ns)   --->   "%ret_ln17 = ret" [design.cpp:17]   --->   Operation 293 'ret' 'ret_ln17' <Predicate = true> <Delay = 0.00>


============================================================
+ Verbose Summary: Timing violations
============================================================
Target clock period: 10.000ns, clock uncertainty: 2.700ns.

 <State 1>: 8.775ns
The critical path consists of the following:
	'alloca' operation 32 bit ('acc_2_loc') [64]  (0.000 ns)
	'call' operation ('call_ln9', design.cpp:9) to 'matmul_4x4x4_Pipeline_VITIS_LOOP_10_3' [180]  (8.775 ns)

 <State 2>: 0.000ns
The critical path consists of the following:

 <State 3>: 0.000ns
The critical path consists of the following:


============================================================
+ Verbose Summary: Binding
============================================================
N/A
* FSMD analyzer results:
  - Output states:
 - Input state : 
  - Chain level:
	State 1
	State 2
	State 3


============================================================
+ Verbose Summary: Datapath Resource usage 
============================================================
N/A
