Copyright 1986-2022 Xilinx, Inc. All Rights Reserved. Copyright 2022-2026 Advanced Micro Devices, Inc. All Rights Reserved.
---------------------------------------------------------------------------------------------------------------------------------------------
| Tool Version : Vivado v.2026.1 (lin64) Build 6511674 Tue Jun 16 11:01:26 MDT 2026
| Date         : Thu Aug  6 02:00:41 2026
| Host         : steven-studio-System-Product-Name running 64-bit Ubuntu 24.04.3 LTS
| Command      : report_timing_summary -file explore_45mhz_timing.rpt
| Design       : matmul_top_dual
| Device       : 7a200t-sbg484
| Speed File   : -1  PRODUCTION 1.23 2018-06-13
| Design State : Physopt postRoute
---------------------------------------------------------------------------------------------------------------------------------------------

Timing Summary Report

------------------------------------------------------------------------------------------------
| Timer Settings
| --------------
------------------------------------------------------------------------------------------------

  Enable Multi Corner Analysis               :  Yes
  Enable Pessimism Removal                   :  Yes
  Pessimism Removal Resolution               :  Nearest Common Node
  Enable Input Delay Default Clock           :  No
  Enable Preset / Clear Arcs                 :  No
  Disable Flight Delays                      :  No
  Ignore I/O Paths                           :  No
  Timing Early Launch at Borrowing Latches   :  No
  Borrow Time for Max Delay Exceptions       :  Yes
  Merge Timing Exceptions                    :  Yes
  Inter-SLR Compensation                     :  Conservative

  Corner  Analyze    Analyze    
  Name    Max Paths  Min Paths  
  ------  ---------  ---------  
  Slow    Yes        Yes        
  Fast    Yes        Yes        


------------------------------------------------------------------------------------------------
| Report Methodology
| ------------------
------------------------------------------------------------------------------------------------

No report available as report_methodology has not been run prior. Run report_methodology on the current design for the summary of methodology violations.



check_timing report

Table of Contents
-----------------
1. checking no_clock (0)
2. checking constant_clock (0)
3. checking pulse_width_clock (0)
4. checking unconstrained_internal_endpoints (0)
5. checking no_input_delay (2)
6. checking no_output_delay (2)
7. checking multiple_clock (0)
8. checking generated_clocks (0)
9. checking loops (0)
10. checking partial_input_delay (0)
11. checking partial_output_delay (0)
12. checking latch_loops (0)

1. checking no_clock (0)
------------------------
 There are 0 register/latch pins with no clock.


2. checking constant_clock (0)
------------------------------
 There are 0 register/latch pins with constant_clock.


3. checking pulse_width_clock (0)
---------------------------------
 There are 0 register/latch pins which need pulse_width check


4. checking unconstrained_internal_endpoints (0)
------------------------------------------------
 There are 0 pins that are not constrained for maximum delay.

 There are 0 pins that are not constrained for maximum delay due to constant clock.


5. checking no_input_delay (2)
------------------------------
 There are 2 input ports with no input delay specified. (HIGH)

 There are 0 input ports with no input delay but user has a false path constraint.


6. checking no_output_delay (2)
-------------------------------
 There are 2 ports with no output delay specified. (HIGH)

 There are 0 ports with no output delay but user has a false path constraint

 There are 0 ports with no output delay but with a timing clock defined on it or propagating through it


7. checking multiple_clock (0)
------------------------------
 There are 0 register/latch pins with multiple clocks.


8. checking generated_clocks (0)
--------------------------------
 There are 0 generated clocks that are not connected to a clock source.


9. checking loops (0)
---------------------
 There are 0 combinational loops in the design.


10. checking partial_input_delay (0)
------------------------------------
 There are 0 input ports with partial input delay specified.


11. checking partial_output_delay (0)
-------------------------------------
 There are 0 ports with partial output delay specified.


12. checking latch_loops (0)
----------------------------
 There are 0 combinational latch loops in the design through latch input



------------------------------------------------------------------------------------------------
| Design Timing Summary
| ---------------------
------------------------------------------------------------------------------------------------

    WNS(ns)      TNS(ns)  TNS Failing Endpoints  TNS Total Endpoints      WHS(ns)      THS(ns)  THS Failing Endpoints  THS Total Endpoints     WPWS(ns)     TPWS(ns)  TPWS Failing Endpoints  TPWS Total Endpoints  
    -------      -------  ---------------------  -------------------      -------      -------  ---------------------  -------------------     --------     --------  ----------------------  --------------------  
      0.000        0.000                      0               111730        0.015        0.000                      0               111730        3.000        0.000                       0                 60647  


All user specified timing constraints are met.


------------------------------------------------------------------------------------------------
| Clock Summary
| -------------
------------------------------------------------------------------------------------------------

Clock                 Waveform(ns)       Period(ns)      Frequency(MHz)
-----                 ------------       ----------      --------------
sys_clk_pin           {0.000 5.000}      10.000          100.000         
  clk_kernel_explore  {0.000 11.000}     22.000          45.455          
  clkfb               {0.000 5.000}      10.000          100.000         


------------------------------------------------------------------------------------------------
| Intra Clock Table
| -----------------
------------------------------------------------------------------------------------------------

Clock                     WNS(ns)      TNS(ns)  TNS Failing Endpoints  TNS Total Endpoints      WHS(ns)      THS(ns)  THS Failing Endpoints  THS Total Endpoints     WPWS(ns)     TPWS(ns)  TPWS Failing Endpoints  TPWS Total Endpoints  
-----                     -------      -------  ---------------------  -------------------      -------      -------  ---------------------  -------------------     --------     --------  ----------------------  --------------------  
sys_clk_pin                                                                                                                                                             3.000        0.000                       0                     1  
  clk_kernel_explore        0.000        0.000                      0               111730        0.015        0.000                      0               111730       10.020        0.000                       0                 60644  
  clkfb                                                                                                                                                                 8.751        0.000                       0                     2  


------------------------------------------------------------------------------------------------
| Inter Clock Table
| -----------------
------------------------------------------------------------------------------------------------

From Clock    To Clock          WNS(ns)      TNS(ns)  TNS Failing Endpoints  TNS Total Endpoints      WHS(ns)      THS(ns)  THS Failing Endpoints  THS Total Endpoints  
----------    --------          -------      -------  ---------------------  -------------------      -------      -------  ---------------------  -------------------  


------------------------------------------------------------------------------------------------
| Other Path Groups Table
| -----------------------
------------------------------------------------------------------------------------------------

Path Group    From Clock    To Clock          WNS(ns)      TNS(ns)  TNS Failing Endpoints  TNS Total Endpoints      WHS(ns)      THS(ns)  THS Failing Endpoints  THS Total Endpoints  
----------    ----------    --------          -------      -------  ---------------------  -------------------      -------      -------  ---------------------  -------------------  


------------------------------------------------------------------------------------------------
| Timing Details
| --------------
------------------------------------------------------------------------------------------------


---------------------------------------------------------------------------------------------------
From Clock:  sys_clk_pin
  To Clock:  sys_clk_pin

Setup :           NA  Failing Endpoints,  Worst Slack           NA  ,  Total Violation           NA
Hold  :           NA  Failing Endpoints,  Worst Slack           NA  ,  Total Violation           NA
PW    :            0  Failing Endpoints,  Worst Slack        3.000ns,  Total Violation        0.000ns
---------------------------------------------------------------------------------------------------


Pulse Width Checks
--------------------------------------------------------------------------------------
Clock Name:         sys_clk_pin
Waveform(ns):       { 0.000 5.000 }
Period(ns):         10.000
Sources:            { clk_pin100 }

Check Type        Corner  Lib Pin            Reference Pin  Required(ns)  Actual(ns)  Slack(ns)  Location         Pin
Min Period        n/a     MMCME2_ADV/CLKIN1  n/a            1.249         10.000      8.751      MMCME2_ADV_X1Y2  u_clk_gen/u_mmcm/CLKIN1
Max Period        n/a     MMCME2_ADV/CLKIN1  n/a            100.000       10.000      90.000     MMCME2_ADV_X1Y2  u_clk_gen/u_mmcm/CLKIN1
Low Pulse Width   Slow    MMCME2_ADV/CLKIN1  n/a            2.000         5.000       3.000      MMCME2_ADV_X1Y2  u_clk_gen/u_mmcm/CLKIN1
High Pulse Width  Slow    MMCME2_ADV/CLKIN1  n/a            2.000         5.000       3.000      MMCME2_ADV_X1Y2  u_clk_gen/u_mmcm/CLKIN1



---------------------------------------------------------------------------------------------------
From Clock:  clk_kernel_explore
  To Clock:  clk_kernel_explore

Setup :            0  Failing Endpoints,  Worst Slack        0.000ns,  Total Violation        0.000ns
Hold  :            0  Failing Endpoints,  Worst Slack        0.015ns,  Total Violation        0.000ns
PW    :            0  Failing Endpoints,  Worst Slack       10.020ns,  Total Violation        0.000ns
---------------------------------------------------------------------------------------------------


Max Delay Paths
--------------------------------------------------------------------------------------
Slack (MET) :             0.000ns  (required time - arrival time)
  Source:                 u_iface1/u_matmul/fadd_32ns_32ns_32_2_full_dsp_1_U12/din1_buf1_reg[26]/C
                            (rising edge-triggered cell FDRE clocked by clk_kernel_explore  {rise@0.000ns fall@11.000ns period=22.000ns})
  Destination:            u_iface1/u_matmul/fadd_32ns_32ns_32_2_full_dsp_1_U12/din0_buf1_reg[7]/D
                            (rising edge-triggered cell FDRE clocked by clk_kernel_explore  {rise@0.000ns fall@11.000ns period=22.000ns})
  Path Group:             clk_kernel_explore
  Path Type:              Setup (Max at Slow Process Corner)
  Requirement:            22.000ns  (clk_kernel_explore rise@22.000ns - clk_kernel_explore rise@0.000ns)
  Data Path Delay:        21.801ns  (logic 11.541ns (52.937%)  route 10.260ns (47.063%))
  Logic Levels:           14  (CARRY4=4 DSP48E1=2 LUT2=2 LUT4=2 LUT6=4)
  Clock Path Skew:        -0.037ns (DCD - SCD + CPR)
    Destination Clock Delay (DCD):    6.031ns = ( 28.031 - 22.000 ) 
    Source Clock Delay      (SCD):    6.385ns
    Clock Pessimism Removal (CPR):    0.317ns
  Clock Uncertainty:      0.094ns  ((TSJ^2 + DJ^2)^1/2) / 2 + PE
    Total System Jitter     (TSJ):    0.071ns
    Discrete Jitter          (DJ):    0.175ns
    Phase Error              (PE):    0.000ns

    Location             Delay type                Incr(ns)  Path(ns)    Netlist Resource(s)
  -------------------------------------------------------------------    -------------------
                         (clock clk_kernel_explore rise edge)
                                                      0.000     0.000 r  <hidden>
    R4                                                0.000     0.000 r  clk_pin100
                         net (fo=0)                   0.000     0.000    clk_pin100
    R4                   IBUF (Prop_ibuf_I_O)         1.475     1.475 r  clk_pin100_IBUF_inst/O
                         net (fo=1, routed)           1.233     2.708    u_clk_gen/clk_in100
    MMCME2_ADV_X1Y2      MMCME2_ADV (Prop_mmcme2_adv_CLKIN1_CLKOUT0)
                                                      0.088     2.796 r  u_clk_gen/u_mmcm/CLKOUT0
                         net (fo=1, routed)           1.808     4.605    u_clk_gen/clk_out20_unbuf
    BUFGCTRL_X0Y0        BUFG (Prop_bufg_I_O)         0.096     4.701 r  u_clk_gen/u_bufg/O
                         net (fo=60898, routed)       1.684     6.385    u_iface1/u_matmul/fadd_32ns_32ns_32_2_full_dsp_1_U12/clk_out20
    SLICE_X106Y101       FDRE                                         r  u_iface1/u_matmul/fadd_32ns_32ns_32_2_full_dsp_1_U12/din1_buf1_reg[26]/C
  -------------------------------------------------------------------    -------------------
    SLICE_X106Y101       FDRE (Prop_fdre_C_Q)         0.456     6.841 r  u_iface1/u_matmul/fadd_32ns_32ns_32_2_full_dsp_1_U12/din1_buf1_reg[26]/Q
                         net (fo=7, routed)           0.859     7.701    u_iface1/u_matmul/fadd_32ns_32ns_32_2_full_dsp_1_U12/matmul_4x4x4_fadd_32ns_32ns_32_2_full_dsp_1_ip_u/U0/<hidden>/<hidden>/<hidden>/<hidden>/<hidden>
    SLICE_X104Y101       LUT2 (Prop_lut2_I0_O)        0.156     7.857 r  u_iface1/u_matmul/fadd_32ns_32ns_32_2_full_dsp_1_U12/matmul_4x4x4_fadd_32ns_32ns_32_2_full_dsp_1_ip_u/U0/<hidden>/<hidden>/<hidden>/<hidden>/<hidden>/<hidden>
                         net (fo=1, routed)           0.639     8.495    u_iface1/u_matmul/fadd_32ns_32ns_32_2_full_dsp_1_U12/matmul_4x4x4_fadd_32ns_32ns_32_2_full_dsp_1_ip_u/U0/<hidden>/<hidden>/<hidden>/<hidden>/<hidden>/<hidden>
    SLICE_X105Y101       CARRY4 (Prop_carry4_S[3]_CO[3])
                                                      0.756     9.251 r  u_iface1/u_matmul/fadd_32ns_32ns_32_2_full_dsp_1_U12/matmul_4x4x4_fadd_32ns_32ns_32_2_full_dsp_1_ip_u/U0/<hidden>/<hidden>/<hidden>/<hidden>/<hidden>/<hidden>/<hidden>
                         net (fo=1, routed)           0.000     9.251    u_iface1/u_matmul/fadd_32ns_32ns_32_2_full_dsp_1_U12/matmul_4x4x4_fadd_32ns_32ns_32_2_full_dsp_1_ip_u/U0/<hidden>/<hidden>/<hidden>/<hidden>/<hidden>/<hidden>
    SLICE_X105Y102       CARRY4 (Prop_carry4_CI_O[0])
                                                      0.222     9.473 r  u_iface1/u_matmul/fadd_32ns_32ns_32_2_full_dsp_1_U12/matmul_4x4x4_fadd_32ns_32ns_32_2_full_dsp_1_ip_u/U0/<hidden>/<hidden>/<hidden>/<hidden>/<hidden>/<hidden>/<hidden>
                         net (fo=19, routed)          1.145    10.619    u_iface1/u_matmul/fadd_32ns_32ns_32_2_full_dsp_1_U12/matmul_4x4x4_fadd_32ns_32ns_32_2_full_dsp_1_ip_u/U0/<hidden>/<hidden>/<hidden>/<hidden>/<hidden>/<hidden>
    SLICE_X103Y101       LUT6 (Prop_lut6_I5_O)        0.299    10.918 r  u_iface1/u_matmul/fadd_32ns_32ns_32_2_full_dsp_1_U12/matmul_4x4x4_fadd_32ns_32ns_32_2_full_dsp_1_ip_u/U0/<hidden>/<hidden>/<hidden>/<hidden>/<hidden>/<hidden>/<hidden>
                         net (fo=2, routed)           0.894    11.812    u_iface1/u_matmul/fadd_32ns_32ns_32_2_full_dsp_1_U12/matmul_4x4x4_fadd_32ns_32ns_32_2_full_dsp_1_ip_u/U0/<hidden>/<hidden>/<hidden>/<hidden>/<hidden>/<hidden>
    DSP48_X6Y40          DSP48E1 (Prop_dsp48e1_INMODE[2]_PATTERNDETECT)
                                                      5.849    17.661 f  u_iface1/u_matmul/fadd_32ns_32ns_32_2_full_dsp_1_U12/matmul_4x4x4_fadd_32ns_32ns_32_2_full_dsp_1_ip_u/U0/<hidden>/<hidden>/<hidden>/<hidden>/<hidden>/<hidden>/<hidden>
                         net (fo=54, routed)          1.071    18.731    u_iface1/u_matmul/fadd_32ns_32ns_32_2_full_dsp_1_U12/matmul_4x4x4_fadd_32ns_32ns_32_2_full_dsp_1_ip_u/U0/<hidden>/<hidden>/<hidden>/<hidden>/<hidden>/<hidden>
    SLICE_X101Y102       LUT2 (Prop_lut2_I1_O)        0.124    18.855 r  u_iface1/u_matmul/fadd_32ns_32ns_32_2_full_dsp_1_U12/matmul_4x4x4_fadd_32ns_32ns_32_2_full_dsp_1_ip_u/U0/<hidden>/<hidden>/<hidden>/<hidden>/<hidden>/<hidden>/<hidden>
                         net (fo=3, routed)           1.119    19.974    u_iface1/u_matmul/fadd_32ns_32ns_32_2_full_dsp_1_U12/matmul_4x4x4_fadd_32ns_32ns_32_2_full_dsp_1_ip_u/U0/<hidden>/<hidden>/<hidden>/<hidden>/<hidden>/<hidden>
    SLICE_X101Y102       LUT4 (Prop_lut4_I0_O)        0.117    20.091 r  u_iface1/u_matmul/fadd_32ns_32ns_32_2_full_dsp_1_U12/matmul_4x4x4_fadd_32ns_32ns_32_2_full_dsp_1_ip_u/U0/<hidden>/<hidden>/<hidden>/<hidden>/<hidden>/<hidden>/<hidden>
                         net (fo=1, routed)           1.000    21.091    u_iface1/u_matmul/fadd_32ns_32ns_32_2_full_dsp_1_U12/matmul_4x4x4_fadd_32ns_32ns_32_2_full_dsp_1_ip_u/U0/<hidden>/<hidden>/<hidden>/<hidden>/<hidden>/<hidden>
    SLICE_X101Y102       LUT4 (Prop_lut4_I0_O)        0.332    21.423 r  u_iface1/u_matmul/fadd_32ns_32ns_32_2_full_dsp_1_U12/matmul_4x4x4_fadd_32ns_32ns_32_2_full_dsp_1_ip_u/U0/<hidden>/<hidden>/<hidden>/<hidden>/<hidden>/<hidden>/<hidden>
                         net (fo=1, routed)           0.680    22.103    u_iface1/u_matmul/fadd_32ns_32ns_32_2_full_dsp_1_U12/matmul_4x4x4_fadd_32ns_32ns_32_2_full_dsp_1_ip_u/U0/<hidden>/<hidden>/<hidden>/<hidden>/<hidden>/<hidden>
    SLICE_X102Y101       LUT6 (Prop_lut6_I1_O)        0.124    22.227 r  u_iface1/u_matmul/fadd_32ns_32ns_32_2_full_dsp_1_U12/matmul_4x4x4_fadd_32ns_32ns_32_2_full_dsp_1_ip_u/U0/<hidden>/<hidden>/<hidden>/<hidden>/<hidden>/<hidden>/<hidden>
                         net (fo=1, routed)           0.000    22.227    u_iface1/u_matmul/fadd_32ns_32ns_32_2_full_dsp_1_U12/matmul_4x4x4_fadd_32ns_32ns_32_2_full_dsp_1_ip_u/U0/<hidden>/<hidden>/<hidden>/<hidden>/<hidden>
    SLICE_X102Y101       CARRY4 (Prop_carry4_S[1]_CO[3])
                                                      0.533    22.760 r  u_iface1/u_matmul/fadd_32ns_32ns_32_2_full_dsp_1_U12/matmul_4x4x4_fadd_32ns_32ns_32_2_full_dsp_1_ip_u/U0/<hidden>/<hidden>/<hidden>/<hidden>/<hidden>/<hidden>
                         net (fo=1, routed)           0.000    22.760    u_iface1/u_matmul/fadd_32ns_32ns_32_2_full_dsp_1_U12/matmul_4x4x4_fadd_32ns_32ns_32_2_full_dsp_1_ip_u/U0/<hidden>/<hidden>/<hidden>/<hidden>/<hidden>
    SLICE_X102Y102       CARRY4 (Prop_carry4_CI_O[1])
                                                      0.323    23.083 r  u_iface1/u_matmul/fadd_32ns_32ns_32_2_full_dsp_1_U12/matmul_4x4x4_fadd_32ns_32ns_32_2_full_dsp_1_ip_u/U0/<hidden>/<hidden>/<hidden>/<hidden>/<hidden>/<hidden>
                         net (fo=3, routed)           0.578    23.661    u_iface1/u_matmul/fadd_32ns_32ns_32_2_full_dsp_1_U12/matmul_4x4x4_fadd_32ns_32ns_32_2_full_dsp_1_ip_u/U0/<hidden>/<hidden>/<hidden>/<hidden>/<hidden>/<hidden>
    DSP48_X6Y41          DSP48E1 (Prop_dsp48e1_C[32]_P[9])
                                                      2.002    25.663 r  u_iface1/u_matmul/fadd_32ns_32ns_32_2_full_dsp_1_U12/matmul_4x4x4_fadd_32ns_32ns_32_2_full_dsp_1_ip_u/U0/<hidden>/<hidden>/<hidden>/<hidden>/<hidden>/<hidden>/<hidden>
                         net (fo=1, routed)           1.152    26.815    u_iface1/u_matmul/fadd_32ns_32ns_32_2_full_dsp_1_U12/matmul_4x4x4_fadd_32ns_32ns_32_2_full_dsp_1_ip_u/U0/<hidden>/<hidden>/<hidden>/<hidden>/<hidden>/<hidden>
    SLICE_X110Y101       LUT6 (Prop_lut6_I0_O)        0.124    26.939 r  u_iface1/u_matmul/fadd_32ns_32ns_32_2_full_dsp_1_U12/matmul_4x4x4_fadd_32ns_32ns_32_2_full_dsp_1_ip_u/U0/<hidden>/<hidden>/<hidden>/<hidden>/<hidden>/<hidden>/<hidden>
                         net (fo=2, routed)           0.592    27.531    u_iface1/u_matmul/fadd_32ns_32ns_32_2_full_dsp_1_U12/dout[7]
    SLICE_X117Y100       LUT6 (Prop_lut6_I3_O)        0.124    27.655 r  u_iface1/u_matmul/fadd_32ns_32ns_32_2_full_dsp_1_U12/din0_buf1[7]_i_1__83/O
                         net (fo=2, routed)           0.531    28.186    u_iface1/u_matmul/fadd_32ns_32ns_32_2_full_dsp_1_U12/D[7]
    SLICE_X115Y100       FDRE                                         r  u_iface1/u_matmul/fadd_32ns_32ns_32_2_full_dsp_1_U12/din0_buf1_reg[7]/D
  -------------------------------------------------------------------    -------------------

                         (clock clk_kernel_explore rise edge)
                                                     22.000    22.000 r  <hidden>
    R4                                                0.000    22.000 r  clk_pin100
                         net (fo=0)                   0.000    22.000    clk_pin100
    R4                   IBUF (Prop_ibuf_I_O)         1.405    23.405 r  clk_pin100_IBUF_inst/O
                         net (fo=1, routed)           1.162    24.567    u_clk_gen/clk_in100
    MMCME2_ADV_X1Y2      MMCME2_ADV (Prop_mmcme2_adv_CLKIN1_CLKOUT0)
                                                      0.083    24.650 r  u_clk_gen/u_mmcm/CLKOUT0
                         net (fo=1, routed)           1.723    26.373    u_clk_gen/clk_out20_unbuf
    BUFGCTRL_X0Y0        BUFG (Prop_bufg_I_O)         0.091    26.464 r  u_clk_gen/u_bufg/O
                         net (fo=60898, routed)       1.567    28.031    u_iface1/u_matmul/fadd_32ns_32ns_32_2_full_dsp_1_U12/clk_out20
    SLICE_X115Y100       FDRE                                         r  u_iface1/u_matmul/fadd_32ns_32ns_32_2_full_dsp_1_U12/din0_buf1_reg[7]/C
                         clock pessimism              0.317    28.348    <hidden>
                         clock uncertainty           -0.094    28.254    <hidden>
    SLICE_X115Y100       FDRE (Setup_fdre_C_D)       -0.067    28.187    u_iface1/u_matmul/fadd_32ns_32ns_32_2_full_dsp_1_U12/din0_buf1_reg[7]
  -------------------------------------------------------------------
                         required time                         28.187    <hidden>
                         arrival time                         -28.186    <hidden>
  -------------------------------------------------------------------
                         slack                                  0.000    <hidden>





Min Delay Paths
--------------------------------------------------------------------------------------
Slack (MET) :             0.015ns  (arrival time - required time)
  Source:                 u_iface1/u_matmul/a_in_60_fu_1188_reg[31]/C
                            (rising edge-triggered cell FDRE clocked by clk_kernel_explore  {rise@0.000ns fall@11.000ns period=22.000ns})
  Destination:            u_iface1/u_matmul/fmul_32ns_32ns_32_4_max_dsp_1_U68/din0_buf1_reg[31]/D
                            (rising edge-triggered cell FDRE clocked by clk_kernel_explore  {rise@0.000ns fall@11.000ns period=22.000ns})
  Path Group:             clk_kernel_explore
  Path Type:              Hold (Min at Fast Process Corner)
  Requirement:            0.000ns  (clk_kernel_explore rise@0.000ns - clk_kernel_explore rise@0.000ns)
  Data Path Delay:        0.351ns  (logic 0.141ns (40.129%)  route 0.210ns (59.871%))
  Logic Levels:           0  
  Clock Path Skew:        0.266ns (DCD - SCD - CPR)
    Destination Clock Delay (DCD):    2.477ns
    Source Clock Delay      (SCD):    1.921ns
    Clock Pessimism Removal (CPR):    0.290ns

    Location             Delay type                Incr(ns)  Path(ns)    Netlist Resource(s)
  -------------------------------------------------------------------    -------------------
                         (clock clk_kernel_explore rise edge)
                                                      0.000     0.000 r  <hidden>
    R4                                                0.000     0.000 r  clk_pin100
                         net (fo=0)                   0.000     0.000    clk_pin100
    R4                   IBUF (Prop_ibuf_I_O)         0.243     0.243 r  clk_pin100_IBUF_inst/O
                         net (fo=1, routed)           0.440     0.683    u_clk_gen/clk_in100
    MMCME2_ADV_X1Y2      MMCME2_ADV (Prop_mmcme2_adv_CLKIN1_CLKOUT0)
                                                      0.050     0.733 r  u_clk_gen/u_mmcm/CLKOUT0
                         net (fo=1, routed)           0.531     1.264    u_clk_gen/clk_out20_unbuf
    BUFGCTRL_X0Y0        BUFG (Prop_bufg_I_O)         0.026     1.290 r  u_clk_gen/u_bufg/O
                         net (fo=60898, routed)       0.631     1.921    u_iface1/u_matmul/clk_out20
    SLICE_X83Y56         FDRE                                         r  u_iface1/u_matmul/a_in_60_fu_1188_reg[31]/C
  -------------------------------------------------------------------    -------------------
    SLICE_X83Y56         FDRE (Prop_fdre_C_Q)         0.141     2.062 r  u_iface1/u_matmul/a_in_60_fu_1188_reg[31]/Q
                         net (fo=2, routed)           0.210     2.273    u_iface1/u_matmul/fmul_32ns_32ns_32_4_max_dsp_1_U68/Q[31]
    SLICE_X87Y56         FDRE                                         r  u_iface1/u_matmul/fmul_32ns_32ns_32_4_max_dsp_1_U68/din0_buf1_reg[31]/D
  -------------------------------------------------------------------    -------------------

                         (clock clk_kernel_explore rise edge)
                                                      0.000     0.000 r  <hidden>
    R4                                                0.000     0.000 r  clk_pin100
                         net (fo=0)                   0.000     0.000    clk_pin100
    R4                   IBUF (Prop_ibuf_I_O)         0.431     0.431 r  clk_pin100_IBUF_inst/O
                         net (fo=1, routed)           0.480     0.911    u_clk_gen/clk_in100
    MMCME2_ADV_X1Y2      MMCME2_ADV (Prop_mmcme2_adv_CLKIN1_CLKOUT0)
                                                      0.053     0.964 r  u_clk_gen/u_mmcm/CLKOUT0
                         net (fo=1, routed)           0.579     1.543    u_clk_gen/clk_out20_unbuf
    BUFGCTRL_X0Y0        BUFG (Prop_bufg_I_O)         0.029     1.572 r  u_clk_gen/u_bufg/O
                         net (fo=60898, routed)       0.906     2.477    u_iface1/u_matmul/fmul_32ns_32ns_32_4_max_dsp_1_U68/clk_out20
    SLICE_X87Y56         FDRE                                         r  u_iface1/u_matmul/fmul_32ns_32ns_32_4_max_dsp_1_U68/din0_buf1_reg[31]/C
                         clock pessimism             -0.290     2.187    <hidden>
    SLICE_X87Y56         FDRE (Hold_fdre_C_D)         0.070     2.257    u_iface1/u_matmul/fmul_32ns_32ns_32_4_max_dsp_1_U68/din0_buf1_reg[31]
  -------------------------------------------------------------------
                         required time                         -2.257    <hidden>
                         arrival time                           2.273    <hidden>
  -------------------------------------------------------------------
                         slack                                  0.015    <hidden>





Pulse Width Checks
--------------------------------------------------------------------------------------
Clock Name:         clk_kernel_explore
Waveform(ns):       { 0.000 11.000 }
Period(ns):         22.000
Sources:            { u_clk_gen/u_mmcm/CLKOUT0 }

Check Type        Corner  Lib Pin             Reference Pin  Required(ns)  Actual(ns)  Slack(ns)  Location         Pin
Min Period        n/a     DSP48E1/CLK         n/a            2.545         22.000      19.455     DSP48_X6Y55      u_iface0/u_matmul/fmul_32ns_32ns_32_4_max_dsp_1_U100/matmul_4x4x4_fmul_32ns_32ns_32_4_max_dsp_1_ip_u/U0/<hidden>/<hidden>/<hidden>/<hidden>/<hidden>/<hidden>/<hidden>
Max Period        n/a     MMCME2_ADV/CLKOUT0  n/a            213.360       22.000      191.360    MMCME2_ADV_X1Y2  u_clk_gen/u_mmcm/CLKOUT0
Low Pulse Width   Slow    SRL16E/CLK          n/a            0.980         11.000      10.020     SLICE_X108Y113   u_iface0/u_matmul/ap_enable_reg_pp0_iter2_reg_srl2___u_iface1_u_matmul_ap_enable_reg_pp0_iter2_reg_r/CLK
High Pulse Width  Slow    SRL16E/CLK          n/a            0.980         11.000      10.020     SLICE_X108Y113   u_iface0/u_matmul/ap_enable_reg_pp0_iter2_reg_srl2___u_iface1_u_matmul_ap_enable_reg_pp0_iter2_reg_r/CLK



---------------------------------------------------------------------------------------------------
From Clock:  clkfb
  To Clock:  clkfb

Setup :           NA  Failing Endpoints,  Worst Slack           NA  ,  Total Violation           NA
Hold  :           NA  Failing Endpoints,  Worst Slack           NA  ,  Total Violation           NA
PW    :            0  Failing Endpoints,  Worst Slack        8.751ns,  Total Violation        0.000ns
---------------------------------------------------------------------------------------------------


Pulse Width Checks
--------------------------------------------------------------------------------------
Clock Name:         clkfb
Waveform(ns):       { 0.000 5.000 }
Period(ns):         10.000
Sources:            { u_clk_gen/u_mmcm/CLKFBOUT }

Check Type  Corner  Lib Pin              Reference Pin  Required(ns)  Actual(ns)  Slack(ns)  Location         Pin
Min Period  n/a     MMCME2_ADV/CLKFBOUT  n/a            1.249         10.000      8.751      MMCME2_ADV_X1Y2  u_clk_gen/u_mmcm/CLKFBOUT
Max Period  n/a     MMCME2_ADV/CLKFBIN   n/a            100.000       10.000      90.000     MMCME2_ADV_X1Y2  u_clk_gen/u_mmcm/CLKFBIN



