Copyright 1986-2022 Xilinx, Inc. All Rights Reserved. Copyright 2022-2026 Advanced Micro Devices, Inc. All Rights Reserved.
---------------------------------------------------------------------------------------------------------------------------------------------
| Tool Version : Vivado v.2026.1 (lin64) Build 6511674 Tue Jun 16 11:01:26 MDT 2026
| Date         : Thu Aug  6 02:00:43 2026
| Host         : steven-studio-System-Product-Name running 64-bit Ubuntu 24.04.3 LTS
| Command      : report_timing -max_paths 3 -file explore_45mhz_worst_paths.rpt
| Design       : matmul_top_dual
| Device       : 7a200t-sbg484
| Speed File   : -1  PRODUCTION 1.23 2018-06-13
| Design State : Physopt postRoute
---------------------------------------------------------------------------------------------------------------------------------------------

Timing Report

Slack (MET) :             0.000ns  (required time - arrival time)
  Source:                 u_iface1/u_matmul/fadd_32ns_32ns_32_2_full_dsp_1_U12/din1_buf1_reg[26]/C
                            (rising edge-triggered cell FDRE clocked by clk_kernel_explore  {rise@0.000ns fall@11.000ns period=22.000ns})
  Destination:            u_iface1/u_matmul/fadd_32ns_32ns_32_2_full_dsp_1_U12/din0_buf1_reg[7]/D
                            (rising edge-triggered cell FDRE clocked by clk_kernel_explore  {rise@0.000ns fall@11.000ns period=22.000ns})
  Path Group:             clk_kernel_explore
  Path Type:              Setup (Max at Slow Process Corner)
  Requirement:            22.000ns  (clk_kernel_explore rise@22.000ns - clk_kernel_explore rise@0.000ns)
  Data Path Delay:        21.801ns  (logic 11.541ns (52.937%)  route 10.260ns (47.063%))
  Logic Levels:           14  (CARRY4=4 DSP48E1=2 LUT2=2 LUT4=2 LUT6=4)
  Clock Path Skew:        -0.037ns (DCD - SCD + CPR)
    Destination Clock Delay (DCD):    6.031ns = ( 28.031 - 22.000 ) 
    Source Clock Delay      (SCD):    6.385ns
    Clock Pessimism Removal (CPR):    0.317ns
  Clock Uncertainty:      0.094ns  ((TSJ^2 + DJ^2)^1/2) / 2 + PE
    Total System Jitter     (TSJ):    0.071ns
    Discrete Jitter          (DJ):    0.175ns
    Phase Error              (PE):    0.000ns

    Location             Delay type                Incr(ns)  Path(ns)    Netlist Resource(s)
  -------------------------------------------------------------------    -------------------
                         (clock clk_kernel_explore rise edge)
                                                      0.000     0.000 r  <hidden>
    R4                                                0.000     0.000 r  clk_pin100
                         net (fo=0)                   0.000     0.000    clk_pin100
    R4                   IBUF (Prop_ibuf_I_O)         1.475     1.475 r  clk_pin100_IBUF_inst/O
                         net (fo=1, routed)           1.233     2.708    u_clk_gen/clk_in100
    MMCME2_ADV_X1Y2      MMCME2_ADV (Prop_mmcme2_adv_CLKIN1_CLKOUT0)
                                                      0.088     2.796 r  u_clk_gen/u_mmcm/CLKOUT0
                         net (fo=1, routed)           1.808     4.605    u_clk_gen/clk_out20_unbuf
    BUFGCTRL_X0Y0        BUFG (Prop_bufg_I_O)         0.096     4.701 r  u_clk_gen/u_bufg/O
                         net (fo=60898, routed)       1.684     6.385    u_iface1/u_matmul/fadd_32ns_32ns_32_2_full_dsp_1_U12/clk_out20
    SLICE_X106Y101       FDRE                                         r  u_iface1/u_matmul/fadd_32ns_32ns_32_2_full_dsp_1_U12/din1_buf1_reg[26]/C
  -------------------------------------------------------------------    -------------------
    SLICE_X106Y101       FDRE (Prop_fdre_C_Q)         0.456     6.841 r  u_iface1/u_matmul/fadd_32ns_32ns_32_2_full_dsp_1_U12/din1_buf1_reg[26]/Q
                         net (fo=7, routed)           0.859     7.701    u_iface1/u_matmul/fadd_32ns_32ns_32_2_full_dsp_1_U12/matmul_4x4x4_fadd_32ns_32ns_32_2_full_dsp_1_ip_u/U0/<hidden>/<hidden>/<hidden>/<hidden>/<hidden>
    SLICE_X104Y101       LUT2 (Prop_lut2_I0_O)        0.156     7.857 r  u_iface1/u_matmul/fadd_32ns_32ns_32_2_full_dsp_1_U12/matmul_4x4x4_fadd_32ns_32ns_32_2_full_dsp_1_ip_u/U0/<hidden>/<hidden>/<hidden>/<hidden>/<hidden>/<hidden>
                         net (fo=1, routed)           0.639     8.495    u_iface1/u_matmul/fadd_32ns_32ns_32_2_full_dsp_1_U12/matmul_4x4x4_fadd_32ns_32ns_32_2_full_dsp_1_ip_u/U0/<hidden>/<hidden>/<hidden>/<hidden>/<hidden>/<hidden>
    SLICE_X105Y101       CARRY4 (Prop_carry4_S[3]_CO[3])
                                                      0.756     9.251 r  u_iface1/u_matmul/fadd_32ns_32ns_32_2_full_dsp_1_U12/matmul_4x4x4_fadd_32ns_32ns_32_2_full_dsp_1_ip_u/U0/<hidden>/<hidden>/<hidden>/<hidden>/<hidden>/<hidden>/<hidden>
                         net (fo=1, routed)           0.000     9.251    u_iface1/u_matmul/fadd_32ns_32ns_32_2_full_dsp_1_U12/matmul_4x4x4_fadd_32ns_32ns_32_2_full_dsp_1_ip_u/U0/<hidden>/<hidden>/<hidden>/<hidden>/<hidden>/<hidden>
    SLICE_X105Y102       CARRY4 (Prop_carry4_CI_O[0])
                                                      0.222     9.473 r  u_iface1/u_matmul/fadd_32ns_32ns_32_2_full_dsp_1_U12/matmul_4x4x4_fadd_32ns_32ns_32_2_full_dsp_1_ip_u/U0/<hidden>/<hidden>/<hidden>/<hidden>/<hidden>/<hidden>/<hidden>
                         net (fo=19, routed)          1.145    10.619    u_iface1/u_matmul/fadd_32ns_32ns_32_2_full_dsp_1_U12/matmul_4x4x4_fadd_32ns_32ns_32_2_full_dsp_1_ip_u/U0/<hidden>/<hidden>/<hidden>/<hidden>/<hidden>/<hidden>
    SLICE_X103Y101       LUT6 (Prop_lut6_I5_O)        0.299    10.918 r  u_iface1/u_matmul/fadd_32ns_32ns_32_2_full_dsp_1_U12/matmul_4x4x4_fadd_32ns_32ns_32_2_full_dsp_1_ip_u/U0/<hidden>/<hidden>/<hidden>/<hidden>/<hidden>/<hidden>/<hidden>
                         net (fo=2, routed)           0.894    11.812    u_iface1/u_matmul/fadd_32ns_32ns_32_2_full_dsp_1_U12/matmul_4x4x4_fadd_32ns_32ns_32_2_full_dsp_1_ip_u/U0/<hidden>/<hidden>/<hidden>/<hidden>/<hidden>/<hidden>
    DSP48_X6Y40          DSP48E1 (Prop_dsp48e1_INMODE[2]_PATTERNDETECT)
                                                      5.849    17.661 f  u_iface1/u_matmul/fadd_32ns_32ns_32_2_full_dsp_1_U12/matmul_4x4x4_fadd_32ns_32ns_32_2_full_dsp_1_ip_u/U0/<hidden>/<hidden>/<hidden>/<hidden>/<hidden>/<hidden>/<hidden>
                         net (fo=54, routed)          1.071    18.731    u_iface1/u_matmul/fadd_32ns_32ns_32_2_full_dsp_1_U12/matmul_4x4x4_fadd_32ns_32ns_32_2_full_dsp_1_ip_u/U0/<hidden>/<hidden>/<hidden>/<hidden>/<hidden>/<hidden>
    SLICE_X101Y102       LUT2 (Prop_lut2_I1_O)        0.124    18.855 r  u_iface1/u_matmul/fadd_32ns_32ns_32_2_full_dsp_1_U12/matmul_4x4x4_fadd_32ns_32ns_32_2_full_dsp_1_ip_u/U0/<hidden>/<hidden>/<hidden>/<hidden>/<hidden>/<hidden>/<hidden>
                         net (fo=3, routed)           1.119    19.974    u_iface1/u_matmul/fadd_32ns_32ns_32_2_full_dsp_1_U12/matmul_4x4x4_fadd_32ns_32ns_32_2_full_dsp_1_ip_u/U0/<hidden>/<hidden>/<hidden>/<hidden>/<hidden>/<hidden>
    SLICE_X101Y102       LUT4 (Prop_lut4_I0_O)        0.117    20.091 r  u_iface1/u_matmul/fadd_32ns_32ns_32_2_full_dsp_1_U12/matmul_4x4x4_fadd_32ns_32ns_32_2_full_dsp_1_ip_u/U0/<hidden>/<hidden>/<hidden>/<hidden>/<hidden>/<hidden>/<hidden>
                         net (fo=1, routed)           1.000    21.091    u_iface1/u_matmul/fadd_32ns_32ns_32_2_full_dsp_1_U12/matmul_4x4x4_fadd_32ns_32ns_32_2_full_dsp_1_ip_u/U0/<hidden>/<hidden>/<hidden>/<hidden>/<hidden>/<hidden>
    SLICE_X101Y102       LUT4 (Prop_lut4_I0_O)        0.332    21.423 r  u_iface1/u_matmul/fadd_32ns_32ns_32_2_full_dsp_1_U12/matmul_4x4x4_fadd_32ns_32ns_32_2_full_dsp_1_ip_u/U0/<hidden>/<hidden>/<hidden>/<hidden>/<hidden>/<hidden>/<hidden>
                         net (fo=1, routed)           0.680    22.103    u_iface1/u_matmul/fadd_32ns_32ns_32_2_full_dsp_1_U12/matmul_4x4x4_fadd_32ns_32ns_32_2_full_dsp_1_ip_u/U0/<hidden>/<hidden>/<hidden>/<hidden>/<hidden>/<hidden>
    SLICE_X102Y101       LUT6 (Prop_lut6_I1_O)        0.124    22.227 r  u_iface1/u_matmul/fadd_32ns_32ns_32_2_full_dsp_1_U12/matmul_4x4x4_fadd_32ns_32ns_32_2_full_dsp_1_ip_u/U0/<hidden>/<hidden>/<hidden>/<hidden>/<hidden>/<hidden>/<hidden>
                         net (fo=1, routed)           0.000    22.227    u_iface1/u_matmul/fadd_32ns_32ns_32_2_full_dsp_1_U12/matmul_4x4x4_fadd_32ns_32ns_32_2_full_dsp_1_ip_u/U0/<hidden>/<hidden>/<hidden>/<hidden>/<hidden>
    SLICE_X102Y101       CARRY4 (Prop_carry4_S[1]_CO[3])
                                                      0.533    22.760 r  u_iface1/u_matmul/fadd_32ns_32ns_32_2_full_dsp_1_U12/matmul_4x4x4_fadd_32ns_32ns_32_2_full_dsp_1_ip_u/U0/<hidden>/<hidden>/<hidden>/<hidden>/<hidden>/<hidden>
                         net (fo=1, routed)           0.000    22.760    u_iface1/u_matmul/fadd_32ns_32ns_32_2_full_dsp_1_U12/matmul_4x4x4_fadd_32ns_32ns_32_2_full_dsp_1_ip_u/U0/<hidden>/<hidden>/<hidden>/<hidden>/<hidden>
    SLICE_X102Y102       CARRY4 (Prop_carry4_CI_O[1])
                                                      0.323    23.083 r  u_iface1/u_matmul/fadd_32ns_32ns_32_2_full_dsp_1_U12/matmul_4x4x4_fadd_32ns_32ns_32_2_full_dsp_1_ip_u/U0/<hidden>/<hidden>/<hidden>/<hidden>/<hidden>/<hidden>
                         net (fo=3, routed)           0.578    23.661    u_iface1/u_matmul/fadd_32ns_32ns_32_2_full_dsp_1_U12/matmul_4x4x4_fadd_32ns_32ns_32_2_full_dsp_1_ip_u/U0/<hidden>/<hidden>/<hidden>/<hidden>/<hidden>/<hidden>
    DSP48_X6Y41          DSP48E1 (Prop_dsp48e1_C[32]_P[9])
                                                      2.002    25.663 r  u_iface1/u_matmul/fadd_32ns_32ns_32_2_full_dsp_1_U12/matmul_4x4x4_fadd_32ns_32ns_32_2_full_dsp_1_ip_u/U0/<hidden>/<hidden>/<hidden>/<hidden>/<hidden>/<hidden>/<hidden>
                         net (fo=1, routed)           1.152    26.815    u_iface1/u_matmul/fadd_32ns_32ns_32_2_full_dsp_1_U12/matmul_4x4x4_fadd_32ns_32ns_32_2_full_dsp_1_ip_u/U0/<hidden>/<hidden>/<hidden>/<hidden>/<hidden>/<hidden>
    SLICE_X110Y101       LUT6 (Prop_lut6_I0_O)        0.124    26.939 r  u_iface1/u_matmul/fadd_32ns_32ns_32_2_full_dsp_1_U12/matmul_4x4x4_fadd_32ns_32ns_32_2_full_dsp_1_ip_u/U0/<hidden>/<hidden>/<hidden>/<hidden>/<hidden>/<hidden>/<hidden>
                         net (fo=2, routed)           0.592    27.531    u_iface1/u_matmul/fadd_32ns_32ns_32_2_full_dsp_1_U12/dout[7]
    SLICE_X117Y100       LUT6 (Prop_lut6_I3_O)        0.124    27.655 r  u_iface1/u_matmul/fadd_32ns_32ns_32_2_full_dsp_1_U12/din0_buf1[7]_i_1__83/O
                         net (fo=2, routed)           0.531    28.186    u_iface1/u_matmul/fadd_32ns_32ns_32_2_full_dsp_1_U12/D[7]
    SLICE_X115Y100       FDRE                                         r  u_iface1/u_matmul/fadd_32ns_32ns_32_2_full_dsp_1_U12/din0_buf1_reg[7]/D
  -------------------------------------------------------------------    -------------------

                         (clock clk_kernel_explore rise edge)
                                                     22.000    22.000 r  <hidden>
    R4                                                0.000    22.000 r  clk_pin100
                         net (fo=0)                   0.000    22.000    clk_pin100
    R4                   IBUF (Prop_ibuf_I_O)         1.405    23.405 r  clk_pin100_IBUF_inst/O
                         net (fo=1, routed)           1.162    24.567    u_clk_gen/clk_in100
    MMCME2_ADV_X1Y2      MMCME2_ADV (Prop_mmcme2_adv_CLKIN1_CLKOUT0)
                                                      0.083    24.650 r  u_clk_gen/u_mmcm/CLKOUT0
                         net (fo=1, routed)           1.723    26.373    u_clk_gen/clk_out20_unbuf
    BUFGCTRL_X0Y0        BUFG (Prop_bufg_I_O)         0.091    26.464 r  u_clk_gen/u_bufg/O
                         net (fo=60898, routed)       1.567    28.031    u_iface1/u_matmul/fadd_32ns_32ns_32_2_full_dsp_1_U12/clk_out20
    SLICE_X115Y100       FDRE                                         r  u_iface1/u_matmul/fadd_32ns_32ns_32_2_full_dsp_1_U12/din0_buf1_reg[7]/C
                         clock pessimism              0.317    28.348    <hidden>
                         clock uncertainty           -0.094    28.254    <hidden>
    SLICE_X115Y100       FDRE (Setup_fdre_C_D)       -0.067    28.187    u_iface1/u_matmul/fadd_32ns_32ns_32_2_full_dsp_1_U12/din0_buf1_reg[7]
  -------------------------------------------------------------------
                         required time                         28.187    <hidden>
                         arrival time                         -28.186    <hidden>
  -------------------------------------------------------------------
                         slack                                  0.000    <hidden>

Slack (MET) :             0.002ns  (required time - arrival time)
  Source:                 u_iface0/u_matmul/fadd_32ns_32ns_32_2_full_dsp_1_U47/din0_buf1_reg[23]/C
                            (rising edge-triggered cell FDRE clocked by clk_kernel_explore  {rise@0.000ns fall@11.000ns period=22.000ns})
  Destination:            u_iface0/u_matmul/fadd_32ns_32ns_32_2_full_dsp_1_U47/din0_buf1_reg[1]/D
                            (rising edge-triggered cell FDRE clocked by clk_kernel_explore  {rise@0.000ns fall@11.000ns period=22.000ns})
  Path Group:             clk_kernel_explore
  Path Type:              Setup (Max at Slow Process Corner)
  Requirement:            22.000ns  (clk_kernel_explore rise@22.000ns - clk_kernel_explore rise@0.000ns)
  Data Path Delay:        21.939ns  (logic 13.165ns (60.007%)  route 8.774ns (39.993%))
  Logic Levels:           12  (CARRY4=4 DSP48E1=2 LUT2=1 LUT4=1 LUT5=2 LUT6=2)
  Clock Path Skew:        -0.041ns (DCD - SCD + CPR)
    Destination Clock Delay (DCD):    6.024ns = ( 28.024 - 22.000 ) 
    Source Clock Delay      (SCD):    6.381ns
    Clock Pessimism Removal (CPR):    0.315ns
  Clock Uncertainty:      0.094ns  ((TSJ^2 + DJ^2)^1/2) / 2 + PE
    Total System Jitter     (TSJ):    0.071ns
    Discrete Jitter          (DJ):    0.175ns
    Phase Error              (PE):    0.000ns

    Location             Delay type                Incr(ns)  Path(ns)    Netlist Resource(s)
  -------------------------------------------------------------------    -------------------
                         (clock clk_kernel_explore rise edge)
                                                      0.000     0.000 r  <hidden>
    R4                                                0.000     0.000 r  clk_pin100
                         net (fo=0)                   0.000     0.000    clk_pin100
    R4                   IBUF (Prop_ibuf_I_O)         1.475     1.475 r  clk_pin100_IBUF_inst/O
                         net (fo=1, routed)           1.233     2.708    u_clk_gen/clk_in100
    MMCME2_ADV_X1Y2      MMCME2_ADV (Prop_mmcme2_adv_CLKIN1_CLKOUT0)
                                                      0.088     2.796 r  u_clk_gen/u_mmcm/CLKOUT0
                         net (fo=1, routed)           1.808     4.605    u_clk_gen/clk_out20_unbuf
    BUFGCTRL_X0Y0        BUFG (Prop_bufg_I_O)         0.096     4.701 r  u_clk_gen/u_bufg/O
                         net (fo=60898, routed)       1.680     6.381    u_iface0/u_matmul/fadd_32ns_32ns_32_2_full_dsp_1_U47/clk_out20
    SLICE_X133Y199       FDRE                                         r  u_iface0/u_matmul/fadd_32ns_32ns_32_2_full_dsp_1_U47/din0_buf1_reg[23]/C
  -------------------------------------------------------------------    -------------------
    SLICE_X133Y199       FDRE (Prop_fdre_C_Q)         0.456     6.837 r  u_iface0/u_matmul/fadd_32ns_32ns_32_2_full_dsp_1_U47/din0_buf1_reg[23]/Q
                         net (fo=6, routed)           1.091     7.928    u_iface0/u_matmul/fadd_32ns_32ns_32_2_full_dsp_1_U47/matmul_4x4x4_fadd_32ns_32ns_32_2_full_dsp_1_ip_u/U0/<hidden>/<hidden>/<hidden>/<hidden>/<hidden>
    SLICE_X140Y197       LUT2 (Prop_lut2_I1_O)        0.148     8.076 r  u_iface0/u_matmul/fadd_32ns_32ns_32_2_full_dsp_1_U47/matmul_4x4x4_fadd_32ns_32ns_32_2_full_dsp_1_ip_u/U0/<hidden>/<hidden>/<hidden>/<hidden>/<hidden>/<hidden>
                         net (fo=1, routed)           0.625     8.701    u_iface0/u_matmul/fadd_32ns_32ns_32_2_full_dsp_1_U47/matmul_4x4x4_fadd_32ns_32ns_32_2_full_dsp_1_ip_u/U0/<hidden>/<hidden>/<hidden>/<hidden>/<hidden>/<hidden>
    SLICE_X141Y197       CARRY4 (Prop_carry4_S[0]_CO[3])
                                                      0.860     9.561 r  u_iface0/u_matmul/fadd_32ns_32ns_32_2_full_dsp_1_U47/matmul_4x4x4_fadd_32ns_32ns_32_2_full_dsp_1_ip_u/U0/<hidden>/<hidden>/<hidden>/<hidden>/<hidden>/<hidden>/<hidden>
                         net (fo=1, routed)           0.000     9.561    u_iface0/u_matmul/fadd_32ns_32ns_32_2_full_dsp_1_U47/matmul_4x4x4_fadd_32ns_32ns_32_2_full_dsp_1_ip_u/U0/<hidden>/<hidden>/<hidden>/<hidden>/<hidden>/<hidden>
    SLICE_X141Y198       CARRY4 (Prop_carry4_CI_O[0])
                                                      0.222     9.783 r  u_iface0/u_matmul/fadd_32ns_32ns_32_2_full_dsp_1_U47/matmul_4x4x4_fadd_32ns_32ns_32_2_full_dsp_1_ip_u/U0/<hidden>/<hidden>/<hidden>/<hidden>/<hidden>/<hidden>/<hidden>
                         net (fo=19, routed)          1.046    10.829    u_iface0/u_matmul/fadd_32ns_32ns_32_2_full_dsp_1_U47/matmul_4x4x4_fadd_32ns_32ns_32_2_full_dsp_1_ip_u/U0/<hidden>/<hidden>/<hidden>/<hidden>/<hidden>/<hidden>
    SLICE_X142Y196       LUT6 (Prop_lut6_I5_O)        0.299    11.128 r  u_iface0/u_matmul/fadd_32ns_32ns_32_2_full_dsp_1_U47/matmul_4x4x4_fadd_32ns_32ns_32_2_full_dsp_1_ip_u/U0/<hidden>/<hidden>/<hidden>/<hidden>/<hidden>/<hidden>/<hidden>
                         net (fo=2, routed)           0.742    11.870    u_iface0/u_matmul/fadd_32ns_32ns_32_2_full_dsp_1_U47/matmul_4x4x4_fadd_32ns_32ns_32_2_full_dsp_1_ip_u/U0/<hidden>/<hidden>/<hidden>/<hidden>/<hidden>/<hidden>
    DSP48_X7Y78          DSP48E1 (Prop_dsp48e1_INMODE[2]_PATTERNDETECT)
                                                      5.849    17.719 r  u_iface0/u_matmul/fadd_32ns_32ns_32_2_full_dsp_1_U47/matmul_4x4x4_fadd_32ns_32ns_32_2_full_dsp_1_ip_u/U0/<hidden>/<hidden>/<hidden>/<hidden>/<hidden>/<hidden>/<hidden>
                         net (fo=54, routed)          1.216    18.935    u_iface0/u_matmul/fadd_32ns_32ns_32_2_full_dsp_1_U47/matmul_4x4x4_fadd_32ns_32ns_32_2_full_dsp_1_ip_u/U0/<hidden>/<hidden>/<hidden>/<hidden>/<hidden>/<hidden>
    SLICE_X147Y198       LUT5 (Prop_lut5_I3_O)        0.124    19.059 r  u_iface0/u_matmul/fadd_32ns_32ns_32_2_full_dsp_1_U47/matmul_4x4x4_fadd_32ns_32ns_32_2_full_dsp_1_ip_u/U0/<hidden>/<hidden>/<hidden>/<hidden>/<hidden>/<hidden>/<hidden>
                         net (fo=1, routed)           0.000    19.059    u_iface0/u_matmul/fadd_32ns_32ns_32_2_full_dsp_1_U47/matmul_4x4x4_fadd_32ns_32ns_32_2_full_dsp_1_ip_u/U0/<hidden>/<hidden>/<hidden>/<hidden>/<hidden>/<hidden>
    SLICE_X147Y198       CARRY4 (Prop_carry4_S[0]_CO[3])
                                                      0.532    19.591 r  u_iface0/u_matmul/fadd_32ns_32ns_32_2_full_dsp_1_U47/matmul_4x4x4_fadd_32ns_32ns_32_2_full_dsp_1_ip_u/U0/<hidden>/<hidden>/<hidden>/<hidden>/<hidden>/<hidden>/<hidden>
                         net (fo=12, routed)          0.000    19.591    u_iface0/u_matmul/fadd_32ns_32ns_32_2_full_dsp_1_U47/matmul_4x4x4_fadd_32ns_32ns_32_2_full_dsp_1_ip_u/U0/<hidden>/<hidden>/<hidden>/<hidden>/<hidden>/<hidden>
    SLICE_X147Y199       CARRY4 (Prop_carry4_CI_CO[2])
                                                      0.228    19.819 r  u_iface0/u_matmul/fadd_32ns_32ns_32_2_full_dsp_1_U47/matmul_4x4x4_fadd_32ns_32ns_32_2_full_dsp_1_ip_u/U0/<hidden>/<hidden>/<hidden>/<hidden>/<hidden>/<hidden>/<hidden>
                         net (fo=4, routed)           1.074    20.893    u_iface0/u_matmul/fadd_32ns_32ns_32_2_full_dsp_1_U47/matmul_4x4x4_fadd_32ns_32ns_32_2_full_dsp_1_ip_u/U0/<hidden>/<hidden>/<hidden>/<hidden>/<hidden>/<hidden>
    SLICE_X148Y199       LUT4 (Prop_lut4_I1_O)        0.339    21.232 r  u_iface0/u_matmul/fadd_32ns_32ns_32_2_full_dsp_1_U47/matmul_4x4x4_fadd_32ns_32ns_32_2_full_dsp_1_ip_u/U0/<hidden>/<hidden>/<hidden>/<hidden>/<hidden>/<hidden>/<hidden>
                         net (fo=1, routed)           0.950    22.182    u_iface0/u_matmul/fadd_32ns_32ns_32_2_full_dsp_1_U47/matmul_4x4x4_fadd_32ns_32ns_32_2_full_dsp_1_ip_u/U0/<hidden>/<hidden>/<hidden>/<hidden>/<hidden>/<hidden>
    DSP48_X8Y80          DSP48E1 (Prop_dsp48e1_B[14]_P[3])
                                                      3.860    26.042 r  u_iface0/u_matmul/fadd_32ns_32ns_32_2_full_dsp_1_U47/matmul_4x4x4_fadd_32ns_32ns_32_2_full_dsp_1_ip_u/U0/<hidden>/<hidden>/<hidden>/<hidden>/<hidden>/<hidden>/<hidden>
                         net (fo=1, routed)           1.236    27.278    u_iface0/u_matmul/fadd_32ns_32ns_32_2_full_dsp_1_U47/matmul_4x4x4_fadd_32ns_32ns_32_2_full_dsp_1_ip_u/U0/<hidden>/<hidden>/<hidden>/<hidden>/<hidden>/<hidden>
    SLICE_X138Y199       LUT6 (Prop_lut6_I0_O)        0.124    27.402 r  u_iface0/u_matmul/fadd_32ns_32ns_32_2_full_dsp_1_U47/matmul_4x4x4_fadd_32ns_32ns_32_2_full_dsp_1_ip_u/U0/<hidden>/<hidden>/<hidden>/<hidden>/<hidden>/<hidden>/<hidden>
                         net (fo=3, routed)           0.794    28.196    u_iface0/u_matmul/fadd_32ns_32ns_32_2_full_dsp_1_U47/dout[1]
    SLICE_X136Y195       LUT5 (Prop_lut5_I1_O)        0.124    28.320 r  u_iface0/u_matmul/fadd_32ns_32ns_32_2_full_dsp_1_U47/din0_buf1[1]_i_1__63/O
                         net (fo=1, routed)           0.000    28.320    u_iface0/u_matmul/fadd_32ns_32ns_32_2_full_dsp_1_U47/ap_phi_mux_bitcast_ln62_17202_phi_fu_2891_p4[1]
    SLICE_X136Y195       FDRE                                         r  u_iface0/u_matmul/fadd_32ns_32ns_32_2_full_dsp_1_U47/din0_buf1_reg[1]/D
  -------------------------------------------------------------------    -------------------

                         (clock clk_kernel_explore rise edge)
                                                     22.000    22.000 r  <hidden>
    R4                                                0.000    22.000 r  clk_pin100
                         net (fo=0)                   0.000    22.000    clk_pin100
    R4                   IBUF (Prop_ibuf_I_O)         1.405    23.405 r  clk_pin100_IBUF_inst/O
                         net (fo=1, routed)           1.162    24.567    u_clk_gen/clk_in100
    MMCME2_ADV_X1Y2      MMCME2_ADV (Prop_mmcme2_adv_CLKIN1_CLKOUT0)
                                                      0.083    24.650 r  u_clk_gen/u_mmcm/CLKOUT0
                         net (fo=1, routed)           1.723    26.373    u_clk_gen/clk_out20_unbuf
    BUFGCTRL_X0Y0        BUFG (Prop_bufg_I_O)         0.091    26.464 r  u_clk_gen/u_bufg/O
                         net (fo=60898, routed)       1.561    28.024    u_iface0/u_matmul/fadd_32ns_32ns_32_2_full_dsp_1_U47/clk_out20
    SLICE_X136Y195       FDRE                                         r  u_iface0/u_matmul/fadd_32ns_32ns_32_2_full_dsp_1_U47/din0_buf1_reg[1]/C
                         clock pessimism              0.315    28.340    <hidden>
                         clock uncertainty           -0.094    28.245    <hidden>
    SLICE_X136Y195       FDRE (Setup_fdre_C_D)        0.077    28.322    u_iface0/u_matmul/fadd_32ns_32ns_32_2_full_dsp_1_U47/din0_buf1_reg[1]
  -------------------------------------------------------------------
                         required time                         28.322    <hidden>
                         arrival time                         -28.320    <hidden>
  -------------------------------------------------------------------
                         slack                                  0.002    <hidden>

Slack (MET) :             0.003ns  (required time - arrival time)
  Source:                 u_iface1/u_matmul/fadd_32ns_32ns_32_2_full_dsp_1_U48/din0_buf1_reg[2]/C
                            (rising edge-triggered cell FDRE clocked by clk_kernel_explore  {rise@0.000ns fall@11.000ns period=22.000ns})
  Destination:            u_iface1/u_matmul/fadd_32ns_32ns_32_2_full_dsp_1_U48/din0_buf1_reg[30]/D
                            (rising edge-triggered cell FDRE clocked by clk_kernel_explore  {rise@0.000ns fall@11.000ns period=22.000ns})
  Path Group:             clk_kernel_explore
  Path Type:              Setup (Max at Slow Process Corner)
  Requirement:            22.000ns  (clk_kernel_explore rise@22.000ns - clk_kernel_explore rise@0.000ns)
  Data Path Delay:        21.797ns  (logic 11.614ns (53.282%)  route 10.183ns (46.718%))
  Logic Levels:           16  (CARRY4=7 DSP48E1=2 LUT3=2 LUT4=1 LUT5=1 LUT6=3)
  Clock Path Skew:        -0.024ns (DCD - SCD + CPR)
    Destination Clock Delay (DCD):    6.021ns = ( 28.021 - 22.000 ) 
    Source Clock Delay      (SCD):    6.377ns
    Clock Pessimism Removal (CPR):    0.331ns
  Clock Uncertainty:      0.094ns  ((TSJ^2 + DJ^2)^1/2) / 2 + PE
    Total System Jitter     (TSJ):    0.071ns
    Discrete Jitter          (DJ):    0.175ns
    Phase Error              (PE):    0.000ns

    Location             Delay type                Incr(ns)  Path(ns)    Netlist Resource(s)
  -------------------------------------------------------------------    -------------------
                         (clock clk_kernel_explore rise edge)
                                                      0.000     0.000 r  <hidden>
    R4                                                0.000     0.000 r  clk_pin100
                         net (fo=0)                   0.000     0.000    clk_pin100
    R4                   IBUF (Prop_ibuf_I_O)         1.475     1.475 r  clk_pin100_IBUF_inst/O
                         net (fo=1, routed)           1.233     2.708    u_clk_gen/clk_in100
    MMCME2_ADV_X1Y2      MMCME2_ADV (Prop_mmcme2_adv_CLKIN1_CLKOUT0)
                                                      0.088     2.796 r  u_clk_gen/u_mmcm/CLKOUT0
                         net (fo=1, routed)           1.808     4.605    u_clk_gen/clk_out20_unbuf
    BUFGCTRL_X0Y0        BUFG (Prop_bufg_I_O)         0.096     4.701 r  u_clk_gen/u_bufg/O
                         net (fo=60898, routed)       1.676     6.377    u_iface1/u_matmul/fadd_32ns_32ns_32_2_full_dsp_1_U48/clk_out20
    SLICE_X125Y189       FDRE                                         r  u_iface1/u_matmul/fadd_32ns_32ns_32_2_full_dsp_1_U48/din0_buf1_reg[2]/C
  -------------------------------------------------------------------    -------------------
    SLICE_X125Y189       FDRE (Prop_fdre_C_Q)         0.419     6.796 r  u_iface1/u_matmul/fadd_32ns_32ns_32_2_full_dsp_1_U48/din0_buf1_reg[2]/Q
                         net (fo=6, routed)           1.181     7.977    u_iface1/u_matmul/fadd_32ns_32ns_32_2_full_dsp_1_U48/matmul_4x4x4_fadd_32ns_32ns_32_2_full_dsp_1_ip_u/U0/<hidden>/<hidden>/<hidden>/<hidden>/<hidden>/<hidden>/<hidden>/<hidden>
    SLICE_X110Y186       LUT4 (Prop_lut4_I1_O)        0.296     8.273 r  u_iface1/u_matmul/fadd_32ns_32ns_32_2_full_dsp_1_U48/matmul_4x4x4_fadd_32ns_32ns_32_2_full_dsp_1_ip_u/U0/<hidden>/<hidden>/<hidden>/<hidden>/<hidden>/<hidden>/<hidden>/<hidden>/<hidden>
                         net (fo=1, routed)           0.000     8.273    u_iface1/u_matmul/fadd_32ns_32ns_32_2_full_dsp_1_U48/matmul_4x4x4_fadd_32ns_32ns_32_2_full_dsp_1_ip_u/U0/<hidden>/<hidden>/<hidden>/<hidden>/<hidden>/<hidden>/<hidden>/<hidden>
    SLICE_X110Y186       CARRY4 (Prop_carry4_S[1]_CO[3])
                                                      0.550     8.823 r  u_iface1/u_matmul/fadd_32ns_32ns_32_2_full_dsp_1_U48/matmul_4x4x4_fadd_32ns_32ns_32_2_full_dsp_1_ip_u/U0/<hidden>/<hidden>/<hidden>/<hidden>/<hidden>/<hidden>/<hidden>/<hidden>/<hidden>
                         net (fo=1, routed)           0.000     8.823    u_iface1/u_matmul/fadd_32ns_32ns_32_2_full_dsp_1_U48/matmul_4x4x4_fadd_32ns_32ns_32_2_full_dsp_1_ip_u/U0/<hidden>/<hidden>/<hidden>/<hidden>/<hidden>/<hidden>/<hidden>/<hidden>
    SLICE_X110Y187       CARRY4 (Prop_carry4_CI_CO[3])
                                                      0.114     8.937 r  u_iface1/u_matmul/fadd_32ns_32ns_32_2_full_dsp_1_U48/matmul_4x4x4_fadd_32ns_32ns_32_2_full_dsp_1_ip_u/U0/<hidden>/<hidden>/<hidden>/<hidden>/<hidden>/<hidden>/<hidden>/<hidden>/<hidden>
                         net (fo=1, routed)           0.000     8.937    u_iface1/u_matmul/fadd_32ns_32ns_32_2_full_dsp_1_U48/matmul_4x4x4_fadd_32ns_32ns_32_2_full_dsp_1_ip_u/U0/<hidden>/<hidden>/<hidden>/<hidden>/<hidden>/<hidden>/<hidden>/<hidden>
    SLICE_X110Y188       CARRY4 (Prop_carry4_CI_CO[3])
                                                      0.114     9.051 r  u_iface1/u_matmul/fadd_32ns_32ns_32_2_full_dsp_1_U48/matmul_4x4x4_fadd_32ns_32ns_32_2_full_dsp_1_ip_u/U0/<hidden>/<hidden>/<hidden>/<hidden>/<hidden>/<hidden>/<hidden>/<hidden>/<hidden>
                         net (fo=1, routed)           0.000     9.051    u_iface1/u_matmul/fadd_32ns_32ns_32_2_full_dsp_1_U48/matmul_4x4x4_fadd_32ns_32ns_32_2_full_dsp_1_ip_u/U0/<hidden>/<hidden>/<hidden>/<hidden>/<hidden>/<hidden>/<hidden>/<hidden>
    SLICE_X110Y189       CARRY4 (Prop_carry4_CI_CO[3])
                                                      0.114     9.165 r  u_iface1/u_matmul/fadd_32ns_32ns_32_2_full_dsp_1_U48/matmul_4x4x4_fadd_32ns_32ns_32_2_full_dsp_1_ip_u/U0/<hidden>/<hidden>/<hidden>/<hidden>/<hidden>/<hidden>/<hidden>/<hidden>/<hidden>
                         net (fo=54, routed)          1.395    10.559    u_iface1/u_matmul/fadd_32ns_32ns_32_2_full_dsp_1_U48/matmul_4x4x4_fadd_32ns_32ns_32_2_full_dsp_1_ip_u/U0/<hidden>/<hidden>/<hidden>/<hidden>/<hidden>/<hidden>/<hidden>/<hidden>
    SLICE_X106Y188       LUT3 (Prop_lut3_I2_O)        0.152    10.711 r  u_iface1/u_matmul/fadd_32ns_32ns_32_2_full_dsp_1_U48/matmul_4x4x4_fadd_32ns_32ns_32_2_full_dsp_1_ip_u/U0/<hidden>/<hidden>/<hidden>/<hidden>/<hidden>/<hidden>/<hidden>/<hidden>/<hidden>
                         net (fo=2, routed)           0.952    11.663    u_iface1/u_matmul/fadd_32ns_32ns_32_2_full_dsp_1_U48/matmul_4x4x4_fadd_32ns_32ns_32_2_full_dsp_1_ip_u/U0/<hidden>/<hidden>/<hidden>/<hidden>/<hidden>/<hidden>
    DSP48_X6Y75          DSP48E1 (Prop_dsp48e1_D[5]_PATTERNDETECT)
                                                      5.838    17.501 r  u_iface1/u_matmul/fadd_32ns_32ns_32_2_full_dsp_1_U48/matmul_4x4x4_fadd_32ns_32ns_32_2_full_dsp_1_ip_u/U0/<hidden>/<hidden>/<hidden>/<hidden>/<hidden>/<hidden>/<hidden>
                         net (fo=54, routed)          1.115    18.616    u_iface1/u_matmul/fadd_32ns_32ns_32_2_full_dsp_1_U48/matmul_4x4x4_fadd_32ns_32ns_32_2_full_dsp_1_ip_u/U0/<hidden>/<hidden>/<hidden>/<hidden>/<hidden>/<hidden>
    SLICE_X106Y189       LUT5 (Prop_lut5_I3_O)        0.124    18.740 r  u_iface1/u_matmul/fadd_32ns_32ns_32_2_full_dsp_1_U48/matmul_4x4x4_fadd_32ns_32ns_32_2_full_dsp_1_ip_u/U0/<hidden>/<hidden>/<hidden>/<hidden>/<hidden>/<hidden>/<hidden>
                         net (fo=1, routed)           0.000    18.740    u_iface1/u_matmul/fadd_32ns_32ns_32_2_full_dsp_1_U48/matmul_4x4x4_fadd_32ns_32ns_32_2_full_dsp_1_ip_u/U0/<hidden>/<hidden>/<hidden>/<hidden>/<hidden>/<hidden>
    SLICE_X106Y189       CARRY4 (Prop_carry4_S[1]_CO[3])
                                                      0.550    19.290 r  u_iface1/u_matmul/fadd_32ns_32ns_32_2_full_dsp_1_U48/matmul_4x4x4_fadd_32ns_32ns_32_2_full_dsp_1_ip_u/U0/<hidden>/<hidden>/<hidden>/<hidden>/<hidden>/<hidden>/<hidden>
                         net (fo=12, routed)          1.257    20.547    u_iface1/u_matmul/fadd_32ns_32ns_32_2_full_dsp_1_U48/matmul_4x4x4_fadd_32ns_32ns_32_2_full_dsp_1_ip_u/U0/<hidden>/<hidden>/<hidden>/<hidden>/<hidden>/<hidden>
    SLICE_X113Y191       LUT3 (Prop_lut3_I1_O)        0.124    20.671 r  u_iface1/u_matmul/fadd_32ns_32ns_32_2_full_dsp_1_U48/matmul_4x4x4_fadd_32ns_32ns_32_2_full_dsp_1_ip_u/U0/<hidden>/<hidden>/<hidden>/<hidden>/<hidden>/<hidden>/<hidden>
                         net (fo=2, routed)           1.175    21.846    u_iface1/u_matmul/fadd_32ns_32ns_32_2_full_dsp_1_U48/matmul_4x4x4_fadd_32ns_32ns_32_2_full_dsp_1_ip_u/U0/<hidden>/<hidden>/<hidden>/<hidden>/<hidden>/<hidden>
    SLICE_X130Y190       LUT6 (Prop_lut6_I3_O)        0.124    21.970 r  u_iface1/u_matmul/fadd_32ns_32ns_32_2_full_dsp_1_U48/matmul_4x4x4_fadd_32ns_32ns_32_2_full_dsp_1_ip_u/U0/<hidden>/<hidden>/<hidden>/<hidden>/<hidden>/<hidden>/<hidden>
                         net (fo=1, routed)           0.000    21.970    u_iface1/u_matmul/fadd_32ns_32ns_32_2_full_dsp_1_U48/matmul_4x4x4_fadd_32ns_32ns_32_2_full_dsp_1_ip_u/U0/<hidden>/<hidden>/<hidden>/<hidden>/<hidden>
    SLICE_X130Y190       CARRY4 (Prop_carry4_S[0]_CO[3])
                                                      0.532    22.502 r  u_iface1/u_matmul/fadd_32ns_32ns_32_2_full_dsp_1_U48/matmul_4x4x4_fadd_32ns_32ns_32_2_full_dsp_1_ip_u/U0/<hidden>/<hidden>/<hidden>/<hidden>/<hidden>/<hidden>
                         net (fo=1, routed)           0.000    22.502    u_iface1/u_matmul/fadd_32ns_32ns_32_2_full_dsp_1_U48/matmul_4x4x4_fadd_32ns_32ns_32_2_full_dsp_1_ip_u/U0/<hidden>/<hidden>/<hidden>/<hidden>/<hidden>
    SLICE_X130Y191       CARRY4 (Prop_carry4_CI_O[3])
                                                      0.313    22.815 r  u_iface1/u_matmul/fadd_32ns_32ns_32_2_full_dsp_1_U48/matmul_4x4x4_fadd_32ns_32ns_32_2_full_dsp_1_ip_u/U0/<hidden>/<hidden>/<hidden>/<hidden>/<hidden>/<hidden>
                         net (fo=3, routed)           1.008    23.823    u_iface1/u_matmul/fadd_32ns_32ns_32_2_full_dsp_1_U48/matmul_4x4x4_fadd_32ns_32ns_32_2_full_dsp_1_ip_u/U0/<hidden>/<hidden>/<hidden>/<hidden>/<hidden>/<hidden>
    DSP48_X7Y77          DSP48E1 (Prop_dsp48e1_C[34]_P[34])
                                                      2.002    25.825 r  u_iface1/u_matmul/fadd_32ns_32ns_32_2_full_dsp_1_U48/matmul_4x4x4_fadd_32ns_32ns_32_2_full_dsp_1_ip_u/U0/<hidden>/<hidden>/<hidden>/<hidden>/<hidden>/<hidden>/<hidden>
                         net (fo=1, routed)           1.000    26.825    u_iface1/u_matmul/fadd_32ns_32ns_32_2_full_dsp_1_U48/matmul_4x4x4_fadd_32ns_32ns_32_2_full_dsp_1_ip_u/U0/<hidden>/<hidden>/<hidden>/<hidden>/<hidden>/<hidden>
    SLICE_X133Y193       LUT6 (Prop_lut6_I0_O)        0.124    26.949 r  u_iface1/u_matmul/fadd_32ns_32ns_32_2_full_dsp_1_U48/matmul_4x4x4_fadd_32ns_32ns_32_2_full_dsp_1_ip_u/U0/<hidden>/<hidden>/<hidden>/<hidden>/<hidden>/<hidden>/<hidden>
                         net (fo=2, routed)           0.559    27.508    u_iface1/bitcast_ln112_16_fu_7367_p1[30]
    SLICE_X129Y191       LUT6 (Prop_lut6_I3_O)        0.124    27.632 r  u_iface1/din0_buf1[30]_i_1__3/O
                         net (fo=2, routed)           0.542    28.174    u_iface1/u_matmul/fadd_32ns_32ns_32_2_full_dsp_1_U48/din0_buf1_reg[31]_0[30]
    SLICE_X126Y191       FDRE                                         r  u_iface1/u_matmul/fadd_32ns_32ns_32_2_full_dsp_1_U48/din0_buf1_reg[30]/D
  -------------------------------------------------------------------    -------------------

                         (clock clk_kernel_explore rise edge)
                                                     22.000    22.000 r  <hidden>
    R4                                                0.000    22.000 r  clk_pin100
                         net (fo=0)                   0.000    22.000    clk_pin100
    R4                   IBUF (Prop_ibuf_I_O)         1.405    23.405 r  clk_pin100_IBUF_inst/O
                         net (fo=1, routed)           1.162    24.567    u_clk_gen/clk_in100
    MMCME2_ADV_X1Y2      MMCME2_ADV (Prop_mmcme2_adv_CLKIN1_CLKOUT0)
                                                      0.083    24.650 r  u_clk_gen/u_mmcm/CLKOUT0
                         net (fo=1, routed)           1.723    26.373    u_clk_gen/clk_out20_unbuf
    BUFGCTRL_X0Y0        BUFG (Prop_bufg_I_O)         0.091    26.464 r  u_clk_gen/u_bufg/O
                         net (fo=60898, routed)       1.558    28.021    u_iface1/u_matmul/fadd_32ns_32ns_32_2_full_dsp_1_U48/clk_out20
    SLICE_X126Y191       FDRE                                         r  u_iface1/u_matmul/fadd_32ns_32ns_32_2_full_dsp_1_U48/din0_buf1_reg[30]/C
                         clock pessimism              0.331    28.353    <hidden>
                         clock uncertainty           -0.094    28.258    <hidden>
    SLICE_X126Y191       FDRE (Setup_fdre_C_D)       -0.081    28.177    u_iface1/u_matmul/fadd_32ns_32ns_32_2_full_dsp_1_U48/din0_buf1_reg[30]
  -------------------------------------------------------------------
                         required time                         28.177    <hidden>
                         arrival time                         -28.174    <hidden>
  -------------------------------------------------------------------
                         slack                                  0.003    <hidden>




