Copyright 1986-2022 Xilinx, Inc. All Rights Reserved. Copyright 2022-2026 Advanced Micro Devices, Inc. All Rights Reserved.
---------------------------------------------------------------------------------------------------------------------------------------------
| Tool Version : Vivado v.2026.1 (lin64) Build 6511674 Tue Jun 16 11:01:26 MDT 2026
| Date         : Thu Aug  6 02:09:28 2026
| Host         : steven-studio-System-Product-Name running 64-bit Ubuntu 24.04.3 LTS
| Command      : report_timing -max_paths 3 -file explore_40mhz_worst_paths.rpt
| Design       : matmul_top_dual
| Device       : 7a200t-sbg484
| Speed File   : -1  PRODUCTION 1.23 2018-06-13
| Design State : Physopt postRoute
---------------------------------------------------------------------------------------------------------------------------------------------

Timing Report

Slack (MET) :             0.606ns  (required time - arrival time)
  Source:                 u_iface0/u_matmul/ap_CS_fsm_reg[0]/C
                            (rising edge-triggered cell FDSE clocked by clk_kernel_explore  {rise@0.000ns fall@12.500ns period=25.000ns})
  Destination:            u_iface0/u_matmul/Cinout_5_4_read_reg_9306_reg[27]/CE
                            (rising edge-triggered cell FDRE clocked by clk_kernel_explore  {rise@0.000ns fall@12.500ns period=25.000ns})
  Path Group:             clk_kernel_explore
  Path Type:              Setup (Max at Slow Process Corner)
  Requirement:            25.000ns  (clk_kernel_explore rise@25.000ns - clk_kernel_explore rise@0.000ns)
  Data Path Delay:        24.220ns  (logic 0.518ns (2.139%)  route 23.702ns (97.861%))
  Logic Levels:           0  
  Clock Path Skew:        0.126ns (DCD - SCD + CPR)
    Destination Clock Delay (DCD):    6.271ns = ( 31.271 - 25.000 ) 
    Source Clock Delay      (SCD):    6.390ns
    Clock Pessimism Removal (CPR):    0.245ns
  Clock Uncertainty:      0.094ns  ((TSJ^2 + DJ^2)^1/2) / 2 + PE
    Total System Jitter     (TSJ):    0.071ns
    Discrete Jitter          (DJ):    0.175ns
    Phase Error              (PE):    0.000ns

    Location             Delay type                Incr(ns)  Path(ns)    Netlist Resource(s)
  -------------------------------------------------------------------    -------------------
                         (clock clk_kernel_explore rise edge)
                                                      0.000     0.000 r  <hidden>
    R4                                                0.000     0.000 r  clk_pin100
                         net (fo=0)                   0.000     0.000    clk_pin100
    R4                   IBUF (Prop_ibuf_I_O)         1.475     1.475 r  clk_pin100_IBUF_inst/O
                         net (fo=1, routed)           1.233     2.708    u_clk_gen/clk_in100
    MMCME2_ADV_X1Y2      MMCME2_ADV (Prop_mmcme2_adv_CLKIN1_CLKOUT0)
                                                      0.088     2.796 r  u_clk_gen/u_mmcm/CLKOUT0
                         net (fo=1, routed)           1.808     4.605    u_clk_gen/clk_out20_unbuf
    BUFGCTRL_X0Y0        BUFG (Prop_bufg_I_O)         0.096     4.701 r  u_clk_gen/u_bufg/O
                         net (fo=60898, routed)       1.689     6.390    u_iface0/u_matmul/clk_out20
    SLICE_X124Y108       FDSE                                         r  u_iface0/u_matmul/ap_CS_fsm_reg[0]/C
  -------------------------------------------------------------------    -------------------
    SLICE_X124Y108       FDSE (Prop_fdse_C_Q)         0.518     6.908 r  u_iface0/u_matmul/ap_CS_fsm_reg[0]/Q
                         net (fo=6148, routed)       23.702    30.610    u_iface0/u_matmul/ap_CS_fsm_state1
    SLICE_X21Y68         FDRE                                         r  u_iface0/u_matmul/Cinout_5_4_read_reg_9306_reg[27]/CE
  -------------------------------------------------------------------    -------------------

                         (clock clk_kernel_explore rise edge)
                                                     25.000    25.000 r  <hidden>
    R4                                                0.000    25.000 r  clk_pin100
                         net (fo=0)                   0.000    25.000    clk_pin100
    R4                   IBUF (Prop_ibuf_I_O)         1.405    26.405 r  clk_pin100_IBUF_inst/O
                         net (fo=1, routed)           1.162    27.567    u_clk_gen/clk_in100
    MMCME2_ADV_X1Y2      MMCME2_ADV (Prop_mmcme2_adv_CLKIN1_CLKOUT0)
                                                      0.083    27.650 r  u_clk_gen/u_mmcm/CLKOUT0
                         net (fo=1, routed)           1.723    29.373    u_clk_gen/clk_out20_unbuf
    BUFGCTRL_X0Y0        BUFG (Prop_bufg_I_O)         0.091    29.464 r  u_clk_gen/u_bufg/O
                         net (fo=60898, routed)       1.807    31.271    u_iface0/u_matmul/clk_out20
    SLICE_X21Y68         FDRE                                         r  u_iface0/u_matmul/Cinout_5_4_read_reg_9306_reg[27]/C
                         clock pessimism              0.245    31.516    <hidden>
                         clock uncertainty           -0.094    31.421    <hidden>
    SLICE_X21Y68         FDRE (Setup_fdre_C_CE)      -0.205    31.216    u_iface0/u_matmul/Cinout_5_4_read_reg_9306_reg[27]
  -------------------------------------------------------------------
                         required time                         31.216    <hidden>
                         arrival time                         -30.610    <hidden>
  -------------------------------------------------------------------
                         slack                                  0.606    <hidden>

Slack (MET) :             0.688ns  (required time - arrival time)
  Source:                 u_iface0/u_matmul/ap_CS_fsm_reg[0]/C
                            (rising edge-triggered cell FDSE clocked by clk_kernel_explore  {rise@0.000ns fall@12.500ns period=25.000ns})
  Destination:            u_iface0/u_matmul/Cinout_0_2_read_reg_9096_reg[2]/CE
                            (rising edge-triggered cell FDRE clocked by clk_kernel_explore  {rise@0.000ns fall@12.500ns period=25.000ns})
  Path Group:             clk_kernel_explore
  Path Type:              Setup (Max at Slow Process Corner)
  Requirement:            25.000ns  (clk_kernel_explore rise@25.000ns - clk_kernel_explore rise@0.000ns)
  Data Path Delay:        23.839ns  (logic 0.518ns (2.173%)  route 23.321ns (97.827%))
  Logic Levels:           0  
  Clock Path Skew:        -0.174ns (DCD - SCD + CPR)
    Destination Clock Delay (DCD):    5.979ns = ( 30.979 - 25.000 ) 
    Source Clock Delay      (SCD):    6.390ns
    Clock Pessimism Removal (CPR):    0.237ns
  Clock Uncertainty:      0.094ns  ((TSJ^2 + DJ^2)^1/2) / 2 + PE
    Total System Jitter     (TSJ):    0.071ns
    Discrete Jitter          (DJ):    0.175ns
    Phase Error              (PE):    0.000ns

    Location             Delay type                Incr(ns)  Path(ns)    Netlist Resource(s)
  -------------------------------------------------------------------    -------------------
                         (clock clk_kernel_explore rise edge)
                                                      0.000     0.000 r  <hidden>
    R4                                                0.000     0.000 r  clk_pin100
                         net (fo=0)                   0.000     0.000    clk_pin100
    R4                   IBUF (Prop_ibuf_I_O)         1.475     1.475 r  clk_pin100_IBUF_inst/O
                         net (fo=1, routed)           1.233     2.708    u_clk_gen/clk_in100
    MMCME2_ADV_X1Y2      MMCME2_ADV (Prop_mmcme2_adv_CLKIN1_CLKOUT0)
                                                      0.088     2.796 r  u_clk_gen/u_mmcm/CLKOUT0
                         net (fo=1, routed)           1.808     4.605    u_clk_gen/clk_out20_unbuf
    BUFGCTRL_X0Y0        BUFG (Prop_bufg_I_O)         0.096     4.701 r  u_clk_gen/u_bufg/O
                         net (fo=60898, routed)       1.689     6.390    u_iface0/u_matmul/clk_out20
    SLICE_X124Y108       FDSE                                         r  u_iface0/u_matmul/ap_CS_fsm_reg[0]/C
  -------------------------------------------------------------------    -------------------
    SLICE_X124Y108       FDSE (Prop_fdse_C_Q)         0.518     6.908 r  u_iface0/u_matmul/ap_CS_fsm_reg[0]/Q
                         net (fo=6148, routed)       23.321    30.229    u_iface0/u_matmul/ap_CS_fsm_state1
    SLICE_X85Y192        FDRE                                         r  u_iface0/u_matmul/Cinout_0_2_read_reg_9096_reg[2]/CE
  -------------------------------------------------------------------    -------------------

                         (clock clk_kernel_explore rise edge)
                                                     25.000    25.000 r  <hidden>
    R4                                                0.000    25.000 r  clk_pin100
                         net (fo=0)                   0.000    25.000    clk_pin100
    R4                   IBUF (Prop_ibuf_I_O)         1.405    26.405 r  clk_pin100_IBUF_inst/O
                         net (fo=1, routed)           1.162    27.567    u_clk_gen/clk_in100
    MMCME2_ADV_X1Y2      MMCME2_ADV (Prop_mmcme2_adv_CLKIN1_CLKOUT0)
                                                      0.083    27.650 r  u_clk_gen/u_mmcm/CLKOUT0
                         net (fo=1, routed)           1.723    29.373    u_clk_gen/clk_out20_unbuf
    BUFGCTRL_X0Y0        BUFG (Prop_bufg_I_O)         0.091    29.464 r  u_clk_gen/u_bufg/O
                         net (fo=60898, routed)       1.516    30.979    u_iface0/u_matmul/clk_out20
    SLICE_X85Y192        FDRE                                         r  u_iface0/u_matmul/Cinout_0_2_read_reg_9096_reg[2]/C
                         clock pessimism              0.237    31.216    <hidden>
                         clock uncertainty           -0.094    31.122    <hidden>
    SLICE_X85Y192        FDRE (Setup_fdre_C_CE)      -0.205    30.917    u_iface0/u_matmul/Cinout_0_2_read_reg_9096_reg[2]
  -------------------------------------------------------------------
                         required time                         30.917    <hidden>
                         arrival time                         -30.229    <hidden>
  -------------------------------------------------------------------
                         slack                                  0.688    <hidden>

Slack (MET) :             0.691ns  (required time - arrival time)
  Source:                 u_iface0/u_matmul/ap_CS_fsm_reg[0]/C
                            (rising edge-triggered cell FDSE clocked by clk_kernel_explore  {rise@0.000ns fall@12.500ns period=25.000ns})
  Destination:            u_iface0/u_matmul/Cinout_5_4_read_reg_9306_reg[14]/CE
                            (rising edge-triggered cell FDRE clocked by clk_kernel_explore  {rise@0.000ns fall@12.500ns period=25.000ns})
  Path Group:             clk_kernel_explore
  Path Type:              Setup (Max at Slow Process Corner)
  Requirement:            25.000ns  (clk_kernel_explore rise@25.000ns - clk_kernel_explore rise@0.000ns)
  Data Path Delay:        24.141ns  (logic 0.518ns (2.146%)  route 23.623ns (97.854%))
  Logic Levels:           0  
  Clock Path Skew:        0.132ns (DCD - SCD + CPR)
    Destination Clock Delay (DCD):    6.277ns = ( 31.277 - 25.000 ) 
    Source Clock Delay      (SCD):    6.390ns
    Clock Pessimism Removal (CPR):    0.245ns
  Clock Uncertainty:      0.094ns  ((TSJ^2 + DJ^2)^1/2) / 2 + PE
    Total System Jitter     (TSJ):    0.071ns
    Discrete Jitter          (DJ):    0.175ns
    Phase Error              (PE):    0.000ns

    Location             Delay type                Incr(ns)  Path(ns)    Netlist Resource(s)
  -------------------------------------------------------------------    -------------------
                         (clock clk_kernel_explore rise edge)
                                                      0.000     0.000 r  <hidden>
    R4                                                0.000     0.000 r  clk_pin100
                         net (fo=0)                   0.000     0.000    clk_pin100
    R4                   IBUF (Prop_ibuf_I_O)         1.475     1.475 r  clk_pin100_IBUF_inst/O
                         net (fo=1, routed)           1.233     2.708    u_clk_gen/clk_in100
    MMCME2_ADV_X1Y2      MMCME2_ADV (Prop_mmcme2_adv_CLKIN1_CLKOUT0)
                                                      0.088     2.796 r  u_clk_gen/u_mmcm/CLKOUT0
                         net (fo=1, routed)           1.808     4.605    u_clk_gen/clk_out20_unbuf
    BUFGCTRL_X0Y0        BUFG (Prop_bufg_I_O)         0.096     4.701 r  u_clk_gen/u_bufg/O
                         net (fo=60898, routed)       1.689     6.390    u_iface0/u_matmul/clk_out20
    SLICE_X124Y108       FDSE                                         r  u_iface0/u_matmul/ap_CS_fsm_reg[0]/C
  -------------------------------------------------------------------    -------------------
    SLICE_X124Y108       FDSE (Prop_fdse_C_Q)         0.518     6.908 r  u_iface0/u_matmul/ap_CS_fsm_reg[0]/Q
                         net (fo=6148, routed)       23.623    30.531    u_iface0/u_matmul/ap_CS_fsm_state1
    SLICE_X19Y63         FDRE                                         r  u_iface0/u_matmul/Cinout_5_4_read_reg_9306_reg[14]/CE
  -------------------------------------------------------------------    -------------------

                         (clock clk_kernel_explore rise edge)
                                                     25.000    25.000 r  <hidden>
    R4                                                0.000    25.000 r  clk_pin100
                         net (fo=0)                   0.000    25.000    clk_pin100
    R4                   IBUF (Prop_ibuf_I_O)         1.405    26.405 r  clk_pin100_IBUF_inst/O
                         net (fo=1, routed)           1.162    27.567    u_clk_gen/clk_in100
    MMCME2_ADV_X1Y2      MMCME2_ADV (Prop_mmcme2_adv_CLKIN1_CLKOUT0)
                                                      0.083    27.650 r  u_clk_gen/u_mmcm/CLKOUT0
                         net (fo=1, routed)           1.723    29.373    u_clk_gen/clk_out20_unbuf
    BUFGCTRL_X0Y0        BUFG (Prop_bufg_I_O)         0.091    29.464 r  u_clk_gen/u_bufg/O
                         net (fo=60898, routed)       1.813    31.277    u_iface0/u_matmul/clk_out20
    SLICE_X19Y63         FDRE                                         r  u_iface0/u_matmul/Cinout_5_4_read_reg_9306_reg[14]/C
                         clock pessimism              0.245    31.522    <hidden>
                         clock uncertainty           -0.094    31.427    <hidden>
    SLICE_X19Y63         FDRE (Setup_fdre_C_CE)      -0.205    31.222    u_iface0/u_matmul/Cinout_5_4_read_reg_9306_reg[14]
  -------------------------------------------------------------------
                         required time                         31.222    <hidden>
                         arrival time                         -30.531    <hidden>
  -------------------------------------------------------------------
                         slack                                  0.691    <hidden>




