Copyright 1986-2022 Xilinx, Inc. All Rights Reserved. Copyright 2022-2026 Advanced Micro Devices, Inc. All Rights Reserved.
---------------------------------------------------------------------------------------------------------------------------------------------
| Tool Version : Vivado v.2026.1 (lin64) Build 6511674 Tue Jun 16 11:01:26 MDT 2026
| Date         : Thu Aug  6 01:48:33 2026
| Host         : steven-studio-System-Product-Name running 64-bit Ubuntu 24.04.3 LTS
| Command      : report_timing_summary -file explore_50mhz_timing.rpt
| Design       : matmul_top_dual
| Device       : 7a200t-sbg484
| Speed File   : -1  PRODUCTION 1.23 2018-06-13
| Design State : Physopt postRoute
---------------------------------------------------------------------------------------------------------------------------------------------

Timing Summary Report

------------------------------------------------------------------------------------------------
| Timer Settings
| --------------
------------------------------------------------------------------------------------------------

  Enable Multi Corner Analysis               :  Yes
  Enable Pessimism Removal                   :  Yes
  Pessimism Removal Resolution               :  Nearest Common Node
  Enable Input Delay Default Clock           :  No
  Enable Preset / Clear Arcs                 :  No
  Disable Flight Delays                      :  No
  Ignore I/O Paths                           :  No
  Timing Early Launch at Borrowing Latches   :  No
  Borrow Time for Max Delay Exceptions       :  Yes
  Merge Timing Exceptions                    :  Yes
  Inter-SLR Compensation                     :  Conservative

  Corner  Analyze    Analyze    
  Name    Max Paths  Min Paths  
  ------  ---------  ---------  
  Slow    Yes        Yes        
  Fast    Yes        Yes        


------------------------------------------------------------------------------------------------
| Report Methodology
| ------------------
------------------------------------------------------------------------------------------------

No report available as report_methodology has not been run prior. Run report_methodology on the current design for the summary of methodology violations.



check_timing report

Table of Contents
-----------------
1. checking no_clock (0)
2. checking constant_clock (0)
3. checking pulse_width_clock (0)
4. checking unconstrained_internal_endpoints (0)
5. checking no_input_delay (2)
6. checking no_output_delay (2)
7. checking multiple_clock (0)
8. checking generated_clocks (0)
9. checking loops (0)
10. checking partial_input_delay (0)
11. checking partial_output_delay (0)
12. checking latch_loops (0)

1. checking no_clock (0)
------------------------
 There are 0 register/latch pins with no clock.


2. checking constant_clock (0)
------------------------------
 There are 0 register/latch pins with constant_clock.


3. checking pulse_width_clock (0)
---------------------------------
 There are 0 register/latch pins which need pulse_width check


4. checking unconstrained_internal_endpoints (0)
------------------------------------------------
 There are 0 pins that are not constrained for maximum delay.

 There are 0 pins that are not constrained for maximum delay due to constant clock.


5. checking no_input_delay (2)
------------------------------
 There are 2 input ports with no input delay specified. (HIGH)

 There are 0 input ports with no input delay but user has a false path constraint.


6. checking no_output_delay (2)
-------------------------------
 There are 2 ports with no output delay specified. (HIGH)

 There are 0 ports with no output delay but user has a false path constraint

 There are 0 ports with no output delay but with a timing clock defined on it or propagating through it


7. checking multiple_clock (0)
------------------------------
 There are 0 register/latch pins with multiple clocks.


8. checking generated_clocks (0)
--------------------------------
 There are 0 generated clocks that are not connected to a clock source.


9. checking loops (0)
---------------------
 There are 0 combinational loops in the design.


10. checking partial_input_delay (0)
------------------------------------
 There are 0 input ports with partial input delay specified.


11. checking partial_output_delay (0)
-------------------------------------
 There are 0 ports with partial output delay specified.


12. checking latch_loops (0)
----------------------------
 There are 0 combinational latch loops in the design through latch input



------------------------------------------------------------------------------------------------
| Design Timing Summary
| ---------------------
------------------------------------------------------------------------------------------------

    WNS(ns)      TNS(ns)  TNS Failing Endpoints  TNS Total Endpoints      WHS(ns)      THS(ns)  THS Failing Endpoints  THS Total Endpoints     WPWS(ns)     TPWS(ns)  TPWS Failing Endpoints  TPWS Total Endpoints  
    -------      -------  ---------------------  -------------------      -------      -------  ---------------------  -------------------     --------     --------  ----------------------  --------------------  
     -1.043    -2582.154                   7559               111731        0.012        0.000                      0               111731        3.000        0.000                       0                 60649  


Timing constraints are not met.


------------------------------------------------------------------------------------------------
| Clock Summary
| -------------
------------------------------------------------------------------------------------------------

Clock                 Waveform(ns)       Period(ns)      Frequency(MHz)
-----                 ------------       ----------      --------------
sys_clk_pin           {0.000 5.000}      10.000          100.000         
  clk_kernel_explore  {0.000 10.000}     20.000          50.000          
  clkfb               {0.000 5.000}      10.000          100.000         


------------------------------------------------------------------------------------------------
| Intra Clock Table
| -----------------
------------------------------------------------------------------------------------------------

Clock                     WNS(ns)      TNS(ns)  TNS Failing Endpoints  TNS Total Endpoints      WHS(ns)      THS(ns)  THS Failing Endpoints  THS Total Endpoints     WPWS(ns)     TPWS(ns)  TPWS Failing Endpoints  TPWS Total Endpoints  
-----                     -------      -------  ---------------------  -------------------      -------      -------  ---------------------  -------------------     --------     --------  ----------------------  --------------------  
sys_clk_pin                                                                                                                                                             3.000        0.000                       0                     1  
  clk_kernel_explore       -1.043    -2582.154                   7559               111731        0.012        0.000                      0               111731        9.020        0.000                       0                 60646  
  clkfb                                                                                                                                                                 8.751        0.000                       0                     2  


------------------------------------------------------------------------------------------------
| Inter Clock Table
| -----------------
------------------------------------------------------------------------------------------------

From Clock    To Clock          WNS(ns)      TNS(ns)  TNS Failing Endpoints  TNS Total Endpoints      WHS(ns)      THS(ns)  THS Failing Endpoints  THS Total Endpoints  
----------    --------          -------      -------  ---------------------  -------------------      -------      -------  ---------------------  -------------------  


------------------------------------------------------------------------------------------------
| Other Path Groups Table
| -----------------------
------------------------------------------------------------------------------------------------

Path Group    From Clock    To Clock          WNS(ns)      TNS(ns)  TNS Failing Endpoints  TNS Total Endpoints      WHS(ns)      THS(ns)  THS Failing Endpoints  THS Total Endpoints  
----------    ----------    --------          -------      -------  ---------------------  -------------------      -------      -------  ---------------------  -------------------  


------------------------------------------------------------------------------------------------
| Timing Details
| --------------
------------------------------------------------------------------------------------------------


---------------------------------------------------------------------------------------------------
From Clock:  sys_clk_pin
  To Clock:  sys_clk_pin

Setup :           NA  Failing Endpoints,  Worst Slack           NA  ,  Total Violation           NA
Hold  :           NA  Failing Endpoints,  Worst Slack           NA  ,  Total Violation           NA
PW    :            0  Failing Endpoints,  Worst Slack        3.000ns,  Total Violation        0.000ns
---------------------------------------------------------------------------------------------------


Pulse Width Checks
--------------------------------------------------------------------------------------
Clock Name:         sys_clk_pin
Waveform(ns):       { 0.000 5.000 }
Period(ns):         10.000
Sources:            { clk_pin100 }

Check Type        Corner  Lib Pin            Reference Pin  Required(ns)  Actual(ns)  Slack(ns)  Location         Pin
Min Period        n/a     MMCME2_ADV/CLKIN1  n/a            1.249         10.000      8.751      MMCME2_ADV_X1Y2  u_clk_gen/u_mmcm/CLKIN1
Max Period        n/a     MMCME2_ADV/CLKIN1  n/a            100.000       10.000      90.000     MMCME2_ADV_X1Y2  u_clk_gen/u_mmcm/CLKIN1
Low Pulse Width   Slow    MMCME2_ADV/CLKIN1  n/a            2.000         5.000       3.000      MMCME2_ADV_X1Y2  u_clk_gen/u_mmcm/CLKIN1
High Pulse Width  Slow    MMCME2_ADV/CLKIN1  n/a            2.000         5.000       3.000      MMCME2_ADV_X1Y2  u_clk_gen/u_mmcm/CLKIN1



---------------------------------------------------------------------------------------------------
From Clock:  clk_kernel_explore
  To Clock:  clk_kernel_explore

Setup :         7559  Failing Endpoints,  Worst Slack       -1.043ns,  Total Violation    -2582.154ns
Hold  :            0  Failing Endpoints,  Worst Slack        0.012ns,  Total Violation        0.000ns
PW    :            0  Failing Endpoints,  Worst Slack        9.020ns,  Total Violation        0.000ns
---------------------------------------------------------------------------------------------------


Max Delay Paths
--------------------------------------------------------------------------------------
Slack (VIOLATED) :        -1.043ns  (required time - arrival time)
  Source:                 u_iface1/u_matmul/fadd_32ns_32ns_32_2_full_dsp_1_U53/din0_buf1_reg[25]/C
                            (rising edge-triggered cell FDRE clocked by clk_kernel_explore  {rise@0.000ns fall@10.000ns period=20.000ns})
  Destination:            u_iface1/u_matmul/fadd_32ns_32ns_32_2_full_dsp_1_U53/din0_buf1_reg[30]/D
                            (rising edge-triggered cell FDRE clocked by clk_kernel_explore  {rise@0.000ns fall@10.000ns period=20.000ns})
  Path Group:             clk_kernel_explore
  Path Type:              Setup (Max at Slow Process Corner)
  Requirement:            20.000ns  (clk_kernel_explore rise@20.000ns - clk_kernel_explore rise@0.000ns)
  Data Path Delay:        20.842ns  (logic 11.722ns (56.241%)  route 9.120ns (43.759%))
  Logic Levels:           14  (CARRY4=5 DSP48E1=2 LUT2=1 LUT4=1 LUT5=1 LUT6=4)
  Clock Path Skew:        -0.044ns (DCD - SCD + CPR)
    Destination Clock Delay (DCD):    6.496ns = ( 26.496 - 20.000 ) 
    Source Clock Delay      (SCD):    6.876ns
    Clock Pessimism Removal (CPR):    0.336ns
  Clock Uncertainty:      0.094ns  ((TSJ^2 + DJ^2)^1/2) / 2 + PE
    Total System Jitter     (TSJ):    0.071ns
    Discrete Jitter          (DJ):    0.175ns
    Phase Error              (PE):    0.000ns

    Location             Delay type                Incr(ns)  Path(ns)    Netlist Resource(s)
  -------------------------------------------------------------------    -------------------
                         (clock clk_kernel_explore rise edge)
                                                      0.000     0.000 r  <hidden>
    R4                                                0.000     0.000 r  clk_pin100
                         net (fo=0)                   0.000     0.000    clk_pin100
    R4                   IBUF (Prop_ibuf_I_O)         1.475     1.475 r  clk_pin100_IBUF_inst/O
                         net (fo=1, routed)           1.233     2.708    u_clk_gen/clk_in100
    MMCME2_ADV_X1Y2      MMCME2_ADV (Prop_mmcme2_adv_CLKIN1_CLKOUT0)
                                                      0.088     2.796 r  u_clk_gen/u_mmcm/CLKOUT0
                         net (fo=1, routed)           1.808     4.605    u_clk_gen/clk_out20_unbuf
    BUFGCTRL_X0Y1        BUFG (Prop_bufg_I_O)         0.096     4.701 r  u_clk_gen/u_bufg_replica/O
                         net (fo=3, routed)           0.140     4.841    u_clk_gen/clk_out20_repN
    BUFGCTRL_X0Y0        BUFG (Prop_bufg_I_O)         0.096     4.937 r  u_clk_gen/u_bufg/O
                         net (fo=60897, routed)       1.939     6.876    u_iface1/u_matmul/fadd_32ns_32ns_32_2_full_dsp_1_U53/clk_out20
    SLICE_X25Y217        FDRE                                         r  u_iface1/u_matmul/fadd_32ns_32ns_32_2_full_dsp_1_U53/din0_buf1_reg[25]/C
  -------------------------------------------------------------------    -------------------
    SLICE_X25Y217        FDRE (Prop_fdre_C_Q)         0.456     7.332 r  u_iface1/u_matmul/fadd_32ns_32ns_32_2_full_dsp_1_U53/din0_buf1_reg[25]/Q
                         net (fo=6, routed)           0.798     8.130    u_iface1/u_matmul/fadd_32ns_32ns_32_2_full_dsp_1_U53/matmul_4x4x4_fadd_32ns_32ns_32_2_full_dsp_1_ip_u/U0/<hidden>/<hidden>/<hidden>/<hidden>/<hidden>
    SLICE_X27Y218        LUT2 (Prop_lut2_I1_O)        0.153     8.283 r  u_iface1/u_matmul/fadd_32ns_32ns_32_2_full_dsp_1_U53/matmul_4x4x4_fadd_32ns_32ns_32_2_full_dsp_1_ip_u/U0/<hidden>/<hidden>/<hidden>/<hidden>/<hidden>/<hidden>
                         net (fo=1, routed)           0.646     8.929    u_iface1/u_matmul/fadd_32ns_32ns_32_2_full_dsp_1_U53/matmul_4x4x4_fadd_32ns_32ns_32_2_full_dsp_1_ip_u/U0/<hidden>/<hidden>/<hidden>/<hidden>/<hidden>/<hidden>
    SLICE_X26Y218        CARRY4 (Prop_carry4_S[2]_CO[3])
                                                      0.725     9.654 r  u_iface1/u_matmul/fadd_32ns_32ns_32_2_full_dsp_1_U53/matmul_4x4x4_fadd_32ns_32ns_32_2_full_dsp_1_ip_u/U0/<hidden>/<hidden>/<hidden>/<hidden>/<hidden>/<hidden>/<hidden>
                         net (fo=1, routed)           0.000     9.654    u_iface1/u_matmul/fadd_32ns_32ns_32_2_full_dsp_1_U53/matmul_4x4x4_fadd_32ns_32ns_32_2_full_dsp_1_ip_u/U0/<hidden>/<hidden>/<hidden>/<hidden>/<hidden>/<hidden>
    SLICE_X26Y219        CARRY4 (Prop_carry4_CI_O[1])
                                                      0.334     9.988 r  u_iface1/u_matmul/fadd_32ns_32ns_32_2_full_dsp_1_U53/matmul_4x4x4_fadd_32ns_32ns_32_2_full_dsp_1_ip_u/U0/<hidden>/<hidden>/<hidden>/<hidden>/<hidden>/<hidden>/<hidden>
                         net (fo=18, routed)          0.946    10.934    u_iface1/u_matmul/fadd_32ns_32ns_32_2_full_dsp_1_U53/matmul_4x4x4_fadd_32ns_32ns_32_2_full_dsp_1_ip_u/U0/<hidden>/<hidden>/<hidden>/<hidden>/<hidden>/<hidden>
    SLICE_X25Y220        LUT6 (Prop_lut6_I0_O)        0.303    11.237 r  u_iface1/u_matmul/fadd_32ns_32ns_32_2_full_dsp_1_U53/matmul_4x4x4_fadd_32ns_32ns_32_2_full_dsp_1_ip_u/U0/<hidden>/<hidden>/<hidden>/<hidden>/<hidden>/<hidden>/<hidden>
                         net (fo=2, routed)           0.853    12.090    u_iface1/u_matmul/fadd_32ns_32ns_32_2_full_dsp_1_U53/matmul_4x4x4_fadd_32ns_32ns_32_2_full_dsp_1_ip_u/U0/<hidden>/<hidden>/<hidden>/<hidden>/<hidden>/<hidden>
    DSP48_X1Y87          DSP48E1 (Prop_dsp48e1_INMODE[1]_PATTERNDETECT)
                                                      5.849    17.939 r  u_iface1/u_matmul/fadd_32ns_32ns_32_2_full_dsp_1_U53/matmul_4x4x4_fadd_32ns_32ns_32_2_full_dsp_1_ip_u/U0/<hidden>/<hidden>/<hidden>/<hidden>/<hidden>/<hidden>/<hidden>
                         net (fo=56, routed)          1.234    19.173    u_iface1/u_matmul/fadd_32ns_32ns_32_2_full_dsp_1_U53/matmul_4x4x4_fadd_32ns_32ns_32_2_full_dsp_1_ip_u/U0/<hidden>/<hidden>/<hidden>/<hidden>/<hidden>/<hidden>
    SLICE_X20Y219        LUT5 (Prop_lut5_I3_O)        0.124    19.297 r  u_iface1/u_matmul/fadd_32ns_32ns_32_2_full_dsp_1_U53/matmul_4x4x4_fadd_32ns_32ns_32_2_full_dsp_1_ip_u/U0/<hidden>/<hidden>/<hidden>/<hidden>/<hidden>/<hidden>/<hidden>
                         net (fo=1, routed)           0.000    19.297    u_iface1/u_matmul/fadd_32ns_32ns_32_2_full_dsp_1_U53/matmul_4x4x4_fadd_32ns_32ns_32_2_full_dsp_1_ip_u/U0/<hidden>/<hidden>/<hidden>/<hidden>/<hidden>/<hidden>
    SLICE_X20Y219        CARRY4 (Prop_carry4_S[1]_CO[3])
                                                      0.533    19.830 r  u_iface1/u_matmul/fadd_32ns_32ns_32_2_full_dsp_1_U53/matmul_4x4x4_fadd_32ns_32ns_32_2_full_dsp_1_ip_u/U0/<hidden>/<hidden>/<hidden>/<hidden>/<hidden>/<hidden>/<hidden>
                         net (fo=12, routed)          1.321    21.152    u_iface1/u_matmul/fadd_32ns_32ns_32_2_full_dsp_1_U53/matmul_4x4x4_fadd_32ns_32ns_32_2_full_dsp_1_ip_u/U0/<hidden>/<hidden>/<hidden>/<hidden>/<hidden>/<hidden>
    SLICE_X21Y223        LUT4 (Prop_lut4_I1_O)        0.124    21.276 r  u_iface1/u_matmul/fadd_32ns_32ns_32_2_full_dsp_1_U53/matmul_4x4x4_fadd_32ns_32ns_32_2_full_dsp_1_ip_u/U0/<hidden>/<hidden>/<hidden>/<hidden>/<hidden>/<hidden>/<hidden>
                         net (fo=1, routed)           0.560    21.836    u_iface1/u_matmul/fadd_32ns_32ns_32_2_full_dsp_1_U53/matmul_4x4x4_fadd_32ns_32ns_32_2_full_dsp_1_ip_u/U0/<hidden>/<hidden>/<hidden>/<hidden>/<hidden>/<hidden>
    SLICE_X22Y221        LUT6 (Prop_lut6_I1_O)        0.124    21.960 r  u_iface1/u_matmul/fadd_32ns_32ns_32_2_full_dsp_1_U53/matmul_4x4x4_fadd_32ns_32ns_32_2_full_dsp_1_ip_u/U0/<hidden>/<hidden>/<hidden>/<hidden>/<hidden>/<hidden>/<hidden>
                         net (fo=1, routed)           0.000    21.960    u_iface1/u_matmul/fadd_32ns_32ns_32_2_full_dsp_1_U53/matmul_4x4x4_fadd_32ns_32ns_32_2_full_dsp_1_ip_u/U0/<hidden>/<hidden>/<hidden>/<hidden>/<hidden>
    SLICE_X22Y221        CARRY4 (Prop_carry4_S[0]_CO[3])
                                                      0.513    22.473 r  u_iface1/u_matmul/fadd_32ns_32ns_32_2_full_dsp_1_U53/matmul_4x4x4_fadd_32ns_32ns_32_2_full_dsp_1_ip_u/U0/<hidden>/<hidden>/<hidden>/<hidden>/<hidden>/<hidden>
                         net (fo=1, routed)           0.000    22.473    u_iface1/u_matmul/fadd_32ns_32ns_32_2_full_dsp_1_U53/matmul_4x4x4_fadd_32ns_32ns_32_2_full_dsp_1_ip_u/U0/<hidden>/<hidden>/<hidden>/<hidden>/<hidden>
    SLICE_X22Y222        CARRY4 (Prop_carry4_CI_O[2])
                                                      0.239    22.712 r  u_iface1/u_matmul/fadd_32ns_32ns_32_2_full_dsp_1_U53/matmul_4x4x4_fadd_32ns_32ns_32_2_full_dsp_1_ip_u/U0/<hidden>/<hidden>/<hidden>/<hidden>/<hidden>/<hidden>
                         net (fo=3, routed)           0.759    23.471    u_iface1/u_matmul/fadd_32ns_32ns_32_2_full_dsp_1_U53/matmul_4x4x4_fadd_32ns_32ns_32_2_full_dsp_1_ip_u/U0/<hidden>/<hidden>/<hidden>/<hidden>/<hidden>/<hidden>
    DSP48_X1Y88          DSP48E1 (Prop_dsp48e1_C[33]_P[34])
                                                      1.997    25.468 r  u_iface1/u_matmul/fadd_32ns_32ns_32_2_full_dsp_1_U53/matmul_4x4x4_fadd_32ns_32ns_32_2_full_dsp_1_ip_u/U0/<hidden>/<hidden>/<hidden>/<hidden>/<hidden>/<hidden>/<hidden>
                         net (fo=1, routed)           0.777    26.246    u_iface1/u_matmul/fadd_32ns_32ns_32_2_full_dsp_1_U53/matmul_4x4x4_fadd_32ns_32ns_32_2_full_dsp_1_ip_u/U0/<hidden>/<hidden>/<hidden>/<hidden>/<hidden>/<hidden>
    SLICE_X22Y224        LUT6 (Prop_lut6_I0_O)        0.124    26.370 r  u_iface1/u_matmul/fadd_32ns_32ns_32_2_full_dsp_1_U53/matmul_4x4x4_fadd_32ns_32ns_32_2_full_dsp_1_ip_u/U0/<hidden>/<hidden>/<hidden>/<hidden>/<hidden>/<hidden>/<hidden>
                         net (fo=2, routed)           0.833    27.203    u_iface1/u_matmul/fadd_32ns_32ns_32_2_full_dsp_1_U53/dout[30]
    SLICE_X29Y220        LUT6 (Prop_lut6_I3_O)        0.124    27.327 r  u_iface1/u_matmul/fadd_32ns_32ns_32_2_full_dsp_1_U53/din0_buf1[30]_i_1__71/O
                         net (fo=2, routed)           0.392    27.718    u_iface1/u_matmul/fadd_32ns_32ns_32_2_full_dsp_1_U53/D[30]
    SLICE_X29Y220        FDRE                                         r  u_iface1/u_matmul/fadd_32ns_32ns_32_2_full_dsp_1_U53/din0_buf1_reg[30]/D
  -------------------------------------------------------------------    -------------------

                         (clock clk_kernel_explore rise edge)
                                                     20.000    20.000 r  <hidden>
    R4                                                0.000    20.000 r  clk_pin100
                         net (fo=0)                   0.000    20.000    clk_pin100
    R4                   IBUF (Prop_ibuf_I_O)         1.405    21.405 r  clk_pin100_IBUF_inst/O
                         net (fo=1, routed)           1.162    22.567    u_clk_gen/clk_in100
    MMCME2_ADV_X1Y2      MMCME2_ADV (Prop_mmcme2_adv_CLKIN1_CLKOUT0)
                                                      0.083    22.650 r  u_clk_gen/u_mmcm/CLKOUT0
                         net (fo=1, routed)           1.723    24.373    u_clk_gen/clk_out20_unbuf
    BUFGCTRL_X0Y1        BUFG (Prop_bufg_I_O)         0.091    24.464 r  u_clk_gen/u_bufg_replica/O
                         net (fo=3, routed)           0.133    24.597    u_clk_gen/clk_out20_repN
    BUFGCTRL_X0Y0        BUFG (Prop_bufg_I_O)         0.091    24.688 r  u_clk_gen/u_bufg/O
                         net (fo=60897, routed)       1.808    26.496    u_iface1/u_matmul/fadd_32ns_32ns_32_2_full_dsp_1_U53/clk_out20
    SLICE_X29Y220        FDRE                                         r  u_iface1/u_matmul/fadd_32ns_32ns_32_2_full_dsp_1_U53/din0_buf1_reg[30]/C
                         clock pessimism              0.336    26.832    <hidden>
                         clock uncertainty           -0.094    26.738    <hidden>
    SLICE_X29Y220        FDRE (Setup_fdre_C_D)       -0.062    26.676    u_iface1/u_matmul/fadd_32ns_32ns_32_2_full_dsp_1_U53/din0_buf1_reg[30]
  -------------------------------------------------------------------
                         required time                         26.676    <hidden>
                         arrival time                         -27.718    <hidden>
  -------------------------------------------------------------------
                         slack                                 -1.043    <hidden>





Min Delay Paths
--------------------------------------------------------------------------------------
Slack (MET) :             0.012ns  (arrival time - required time)
  Source:                 u_iface0/u_matmul/b_in_28_fu_736_reg[9]/C
                            (rising edge-triggered cell FDRE clocked by clk_kernel_explore  {rise@0.000ns fall@10.000ns period=20.000ns})
  Destination:            u_iface0/u_matmul/fmul_32ns_32ns_32_4_max_dsp_1_U68/din1_buf1_reg[9]/D
                            (rising edge-triggered cell FDRE clocked by clk_kernel_explore  {rise@0.000ns fall@10.000ns period=20.000ns})
  Path Group:             clk_kernel_explore
  Path Type:              Hold (Min at Fast Process Corner)
  Requirement:            0.000ns  (clk_kernel_explore rise@0.000ns - clk_kernel_explore rise@0.000ns)
  Data Path Delay:        0.344ns  (logic 0.141ns (41.026%)  route 0.203ns (58.974%))
  Logic Levels:           0  
  Clock Path Skew:        0.266ns (DCD - SCD - CPR)
    Destination Clock Delay (DCD):    2.539ns
    Source Clock Delay      (SCD):    1.977ns
    Clock Pessimism Removal (CPR):    0.296ns

    Location             Delay type                Incr(ns)  Path(ns)    Netlist Resource(s)
  -------------------------------------------------------------------    -------------------
                         (clock clk_kernel_explore rise edge)
                                                      0.000     0.000 r  <hidden>
    R4                                                0.000     0.000 r  clk_pin100
                         net (fo=0)                   0.000     0.000    clk_pin100
    R4                   IBUF (Prop_ibuf_I_O)         0.243     0.243 r  clk_pin100_IBUF_inst/O
                         net (fo=1, routed)           0.440     0.683    u_clk_gen/clk_in100
    MMCME2_ADV_X1Y2      MMCME2_ADV (Prop_mmcme2_adv_CLKIN1_CLKOUT0)
                                                      0.050     0.733 r  u_clk_gen/u_mmcm/CLKOUT0
                         net (fo=1, routed)           0.531     1.264    u_clk_gen/clk_out20_unbuf
    BUFGCTRL_X0Y1        BUFG (Prop_bufg_I_O)         0.026     1.290 r  u_clk_gen/u_bufg_replica/O
                         net (fo=3, routed)           0.030     1.320    u_clk_gen/clk_out20_repN
    BUFGCTRL_X0Y0        BUFG (Prop_bufg_I_O)         0.026     1.346 r  u_clk_gen/u_bufg/O
                         net (fo=60897, routed)       0.631     1.977    u_iface0/u_matmul/clk_out20
    SLICE_X82Y54         FDRE                                         r  u_iface0/u_matmul/b_in_28_fu_736_reg[9]/C
  -------------------------------------------------------------------    -------------------
    SLICE_X82Y54         FDRE (Prop_fdre_C_Q)         0.141     2.118 r  u_iface0/u_matmul/b_in_28_fu_736_reg[9]/Q
                         net (fo=1, routed)           0.203     2.321    u_iface0/u_matmul/fmul_32ns_32ns_32_4_max_dsp_1_U68/din1_buf1_reg[31]_0[9]
    SLICE_X86Y54         FDRE                                         r  u_iface0/u_matmul/fmul_32ns_32ns_32_4_max_dsp_1_U68/din1_buf1_reg[9]/D
  -------------------------------------------------------------------    -------------------

                         (clock clk_kernel_explore rise edge)
                                                      0.000     0.000 r  <hidden>
    R4                                                0.000     0.000 r  clk_pin100
                         net (fo=0)                   0.000     0.000    clk_pin100
    R4                   IBUF (Prop_ibuf_I_O)         0.431     0.431 r  clk_pin100_IBUF_inst/O
                         net (fo=1, routed)           0.480     0.911    u_clk_gen/clk_in100
    MMCME2_ADV_X1Y2      MMCME2_ADV (Prop_mmcme2_adv_CLKIN1_CLKOUT0)
                                                      0.053     0.964 r  u_clk_gen/u_mmcm/CLKOUT0
                         net (fo=1, routed)           0.579     1.543    u_clk_gen/clk_out20_unbuf
    BUFGCTRL_X0Y1        BUFG (Prop_bufg_I_O)         0.029     1.572 r  u_clk_gen/u_bufg_replica/O
                         net (fo=3, routed)           0.033     1.605    u_clk_gen/clk_out20_repN
    BUFGCTRL_X0Y0        BUFG (Prop_bufg_I_O)         0.029     1.634 r  u_clk_gen/u_bufg/O
                         net (fo=60897, routed)       0.906     2.539    u_iface0/u_matmul/fmul_32ns_32ns_32_4_max_dsp_1_U68/clk_out20
    SLICE_X86Y54         FDRE                                         r  u_iface0/u_matmul/fmul_32ns_32ns_32_4_max_dsp_1_U68/din1_buf1_reg[9]/C
                         clock pessimism             -0.296     2.243    <hidden>
    SLICE_X86Y54         FDRE (Hold_fdre_C_D)         0.066     2.309    u_iface0/u_matmul/fmul_32ns_32ns_32_4_max_dsp_1_U68/din1_buf1_reg[9]
  -------------------------------------------------------------------
                         required time                         -2.309    <hidden>
                         arrival time                           2.321    <hidden>
  -------------------------------------------------------------------
                         slack                                  0.012    <hidden>





Pulse Width Checks
--------------------------------------------------------------------------------------
Clock Name:         clk_kernel_explore
Waveform(ns):       { 0.000 10.000 }
Period(ns):         20.000
Sources:            { u_clk_gen/u_mmcm/CLKOUT0 }

Check Type        Corner  Lib Pin             Reference Pin  Required(ns)  Actual(ns)  Slack(ns)  Location         Pin
Min Period        n/a     DSP48E1/CLK         n/a            2.545         20.000      17.455     DSP48_X8Y53      u_iface0/u_matmul/fmul_32ns_32ns_32_4_max_dsp_1_U100/matmul_4x4x4_fmul_32ns_32ns_32_4_max_dsp_1_ip_u/U0/<hidden>/<hidden>/<hidden>/<hidden>/<hidden>/<hidden>/<hidden>
Max Period        n/a     MMCME2_ADV/CLKOUT0  n/a            213.360       20.000      193.360    MMCME2_ADV_X1Y2  u_clk_gen/u_mmcm/CLKOUT0
Low Pulse Width   Slow    SRL16E/CLK          n/a            0.980         10.000      9.020      SLICE_X76Y110    u_iface0/u_matmul/ap_enable_reg_pp0_iter2_reg_srl2___u_iface1_u_matmul_ap_enable_reg_pp0_iter2_reg_r/CLK
High Pulse Width  Slow    SRL16E/CLK          n/a            0.980         10.000      9.020      SLICE_X76Y110    u_iface0/u_matmul/ap_enable_reg_pp0_iter2_reg_srl2___u_iface1_u_matmul_ap_enable_reg_pp0_iter2_reg_r/CLK



---------------------------------------------------------------------------------------------------
From Clock:  clkfb
  To Clock:  clkfb

Setup :           NA  Failing Endpoints,  Worst Slack           NA  ,  Total Violation           NA
Hold  :           NA  Failing Endpoints,  Worst Slack           NA  ,  Total Violation           NA
PW    :            0  Failing Endpoints,  Worst Slack        8.751ns,  Total Violation        0.000ns
---------------------------------------------------------------------------------------------------


Pulse Width Checks
--------------------------------------------------------------------------------------
Clock Name:         clkfb
Waveform(ns):       { 0.000 5.000 }
Period(ns):         10.000
Sources:            { u_clk_gen/u_mmcm/CLKFBOUT }

Check Type  Corner  Lib Pin              Reference Pin  Required(ns)  Actual(ns)  Slack(ns)  Location         Pin
Min Period  n/a     MMCME2_ADV/CLKFBOUT  n/a            1.249         10.000      8.751      MMCME2_ADV_X1Y2  u_clk_gen/u_mmcm/CLKFBOUT
Max Period  n/a     MMCME2_ADV/CLKFBIN   n/a            100.000       10.000      90.000     MMCME2_ADV_X1Y2  u_clk_gen/u_mmcm/CLKFBIN



