

================================================================
== Vitis HLS Report for 'matmul_4x4x4'
================================================================
* Date:           Thu Jul 23 00:51:07 2026

* Version:        2026.1 (Build 6493734 on Jun 16 2026)
* Project:        work_full_precision_auto
* Solution:       hls (Vivado IP Flow Target)
* Product family: zynq
* Target device:  xc7z020-clg400-1


================================================================
== Performance Estimates
================================================================
+ Timing: 
    * Summary: 
    +--------+----------+-----------+------------+
    |  Clock |  Target  | Estimated | Uncertainty|
    +--------+----------+-----------+------------+
    |ap_clk  |  10.00 ns|  46.744 ns|     2.70 ns|
    +--------+----------+-----------+------------+

+ Latency: 
    * Summary: 
    +---------+---------+----------+----------+-----+-----+---------+
    |  Latency (cycles) |  Latency (absolute) |  Interval | Pipeline|
    |   min   |   max   |    min   |    max   | min | max |   Type  |
    +---------+---------+----------+----------+-----+-----+---------+
    |       12|       12|  0.561 us|  0.561 us|   13|   13|       no|
    +---------+---------+----------+----------+-----+-----+---------+

    + Detail: 
        * Instance: 
        +----------------------------------------------------+-----------------------------------------+---------+---------+----------+----------+-----+-----+-------------------+
        |                                                    |                                         |  Latency (cycles) |  Latency (absolute) |  Interval |      Pipeline     |
        |                      Instance                      |                  Module                 |   min   |   max   |    min   |    max   | min | max |        Type       |
        +----------------------------------------------------+-----------------------------------------+---------+---------+----------+----------+-----+-----+-------------------+
        |grp_matmul_4x4x4_Pipeline_VITIS_LOOP_10_3_fu_614    |matmul_4x4x4_Pipeline_VITIS_LOOP_10_3    |       10|       10|  0.467 us|  0.467 us|    0|    0|  loop pipeline stp|
        |grp_matmul_4x4x4_Pipeline_VITIS_LOOP_10_31_fu_628   |matmul_4x4x4_Pipeline_VITIS_LOOP_10_31   |       10|       10|  0.467 us|  0.467 us|    0|    0|  loop pipeline stp|
        |grp_matmul_4x4x4_Pipeline_VITIS_LOOP_10_32_fu_642   |matmul_4x4x4_Pipeline_VITIS_LOOP_10_32   |       10|       10|  0.467 us|  0.467 us|    0|    0|  loop pipeline stp|
        |grp_matmul_4x4x4_Pipeline_VITIS_LOOP_10_33_fu_656   |matmul_4x4x4_Pipeline_VITIS_LOOP_10_33   |       10|       10|  0.467 us|  0.467 us|    0|    0|  loop pipeline stp|
        |grp_matmul_4x4x4_Pipeline_VITIS_LOOP_10_34_fu_670   |matmul_4x4x4_Pipeline_VITIS_LOOP_10_34   |       10|       10|  0.467 us|  0.467 us|    0|    0|  loop pipeline stp|
        |grp_matmul_4x4x4_Pipeline_VITIS_LOOP_10_35_fu_684   |matmul_4x4x4_Pipeline_VITIS_LOOP_10_35   |       10|       10|  0.467 us|  0.467 us|    0|    0|  loop pipeline stp|
        |grp_matmul_4x4x4_Pipeline_VITIS_LOOP_10_36_fu_698   |matmul_4x4x4_Pipeline_VITIS_LOOP_10_36   |       10|       10|  0.467 us|  0.467 us|    0|    0|  loop pipeline stp|
        |grp_matmul_4x4x4_Pipeline_VITIS_LOOP_10_37_fu_712   |matmul_4x4x4_Pipeline_VITIS_LOOP_10_37   |       10|       10|  0.467 us|  0.467 us|    0|    0|  loop pipeline stp|
        |grp_matmul_4x4x4_Pipeline_VITIS_LOOP_10_38_fu_726   |matmul_4x4x4_Pipeline_VITIS_LOOP_10_38   |       10|       10|  0.467 us|  0.467 us|    0|    0|  loop pipeline stp|
        |grp_matmul_4x4x4_Pipeline_VITIS_LOOP_10_39_fu_740   |matmul_4x4x4_Pipeline_VITIS_LOOP_10_39   |       10|       10|  0.467 us|  0.467 us|    0|    0|  loop pipeline stp|
        |grp_matmul_4x4x4_Pipeline_VITIS_LOOP_10_310_fu_754  |matmul_4x4x4_Pipeline_VITIS_LOOP_10_310  |       10|       10|  0.467 us|  0.467 us|    0|    0|  loop pipeline stp|
        |grp_matmul_4x4x4_Pipeline_VITIS_LOOP_10_311_fu_768  |matmul_4x4x4_Pipeline_VITIS_LOOP_10_311  |       10|       10|  0.467 us|  0.467 us|    0|    0|  loop pipeline stp|
        |grp_matmul_4x4x4_Pipeline_VITIS_LOOP_10_312_fu_782  |matmul_4x4x4_Pipeline_VITIS_LOOP_10_312  |       10|       10|  0.467 us|  0.467 us|    0|    0|  loop pipeline stp|
        |grp_matmul_4x4x4_Pipeline_VITIS_LOOP_10_313_fu_796  |matmul_4x4x4_Pipeline_VITIS_LOOP_10_313  |       10|       10|  0.467 us|  0.467 us|    0|    0|  loop pipeline stp|
        |grp_matmul_4x4x4_Pipeline_VITIS_LOOP_10_314_fu_810  |matmul_4x4x4_Pipeline_VITIS_LOOP_10_314  |       10|       10|  0.467 us|  0.467 us|    0|    0|  loop pipeline stp|
        |grp_matmul_4x4x4_Pipeline_VITIS_LOOP_10_315_fu_824  |matmul_4x4x4_Pipeline_VITIS_LOOP_10_315  |       10|       10|  0.467 us|  0.467 us|    0|    0|  loop pipeline stp|
        +----------------------------------------------------+-----------------------------------------+---------+---------+----------+----------+-----+-----+-------------------+

        * Loop: 
        N/A



================================================================
== Utilization Estimates
================================================================
* Summary: 
+-----------------+---------+-----+--------+-------+-----+
|       Name      | BRAM_18K| DSP |   FF   |  LUT  | URAM|
+-----------------+---------+-----+--------+-------+-----+
|DSP              |        -|    -|       -|      -|    -|
|Expression       |        -|    -|       0|      2|    -|
|FIFO             |        -|    -|       -|      -|    -|
|Instance         |        -|   80|    7408|  13728|    -|
|Memory           |        -|    -|       -|      -|    -|
|Multiplexer      |        -|    -|       0|     20|    -|
|Register         |        -|    -|    1555|      -|    -|
+-----------------+---------+-----+--------+-------+-----+
|Total            |        0|   80|    8963|  13750|    0|
+-----------------+---------+-----+--------+-------+-----+
|Available        |      280|  220|  106400|  53200|    0|
+-----------------+---------+-----+--------+-------+-----+
|Utilization (%)  |        0|   36|       8|     25|    0|
+-----------------+---------+-----+--------+-------+-----+

+ Detail: 
    * Instance: 
    +----------------------------------------------------+-----------------------------------------+---------+----+-----+-----+-----+
    |                      Instance                      |                  Module                 | BRAM_18K| DSP|  FF | LUT | URAM|
    +----------------------------------------------------+-----------------------------------------+---------+----+-----+-----+-----+
    |grp_matmul_4x4x4_Pipeline_VITIS_LOOP_10_3_fu_614    |matmul_4x4x4_Pipeline_VITIS_LOOP_10_3    |        0|   5|  463|  858|    0|
    |grp_matmul_4x4x4_Pipeline_VITIS_LOOP_10_31_fu_628   |matmul_4x4x4_Pipeline_VITIS_LOOP_10_31   |        0|   5|  463|  858|    0|
    |grp_matmul_4x4x4_Pipeline_VITIS_LOOP_10_310_fu_754  |matmul_4x4x4_Pipeline_VITIS_LOOP_10_310  |        0|   5|  463|  858|    0|
    |grp_matmul_4x4x4_Pipeline_VITIS_LOOP_10_311_fu_768  |matmul_4x4x4_Pipeline_VITIS_LOOP_10_311  |        0|   5|  463|  858|    0|
    |grp_matmul_4x4x4_Pipeline_VITIS_LOOP_10_312_fu_782  |matmul_4x4x4_Pipeline_VITIS_LOOP_10_312  |        0|   5|  463|  858|    0|
    |grp_matmul_4x4x4_Pipeline_VITIS_LOOP_10_313_fu_796  |matmul_4x4x4_Pipeline_VITIS_LOOP_10_313  |        0|   5|  463|  858|    0|
    |grp_matmul_4x4x4_Pipeline_VITIS_LOOP_10_314_fu_810  |matmul_4x4x4_Pipeline_VITIS_LOOP_10_314  |        0|   5|  463|  858|    0|
    |grp_matmul_4x4x4_Pipeline_VITIS_LOOP_10_315_fu_824  |matmul_4x4x4_Pipeline_VITIS_LOOP_10_315  |        0|   5|  463|  858|    0|
    |grp_matmul_4x4x4_Pipeline_VITIS_LOOP_10_32_fu_642   |matmul_4x4x4_Pipeline_VITIS_LOOP_10_32   |        0|   5|  463|  858|    0|
    |grp_matmul_4x4x4_Pipeline_VITIS_LOOP_10_33_fu_656   |matmul_4x4x4_Pipeline_VITIS_LOOP_10_33   |        0|   5|  463|  858|    0|
    |grp_matmul_4x4x4_Pipeline_VITIS_LOOP_10_34_fu_670   |matmul_4x4x4_Pipeline_VITIS_LOOP_10_34   |        0|   5|  463|  858|    0|
    |grp_matmul_4x4x4_Pipeline_VITIS_LOOP_10_35_fu_684   |matmul_4x4x4_Pipeline_VITIS_LOOP_10_35   |        0|   5|  463|  858|    0|
    |grp_matmul_4x4x4_Pipeline_VITIS_LOOP_10_36_fu_698   |matmul_4x4x4_Pipeline_VITIS_LOOP_10_36   |        0|   5|  463|  858|    0|
    |grp_matmul_4x4x4_Pipeline_VITIS_LOOP_10_37_fu_712   |matmul_4x4x4_Pipeline_VITIS_LOOP_10_37   |        0|   5|  463|  858|    0|
    |grp_matmul_4x4x4_Pipeline_VITIS_LOOP_10_38_fu_726   |matmul_4x4x4_Pipeline_VITIS_LOOP_10_38   |        0|   5|  463|  858|    0|
    |grp_matmul_4x4x4_Pipeline_VITIS_LOOP_10_39_fu_740   |matmul_4x4x4_Pipeline_VITIS_LOOP_10_39   |        0|   5|  463|  858|    0|
    +----------------------------------------------------+-----------------------------------------+---------+----+-----+-----+-----+
    |Total                                               |                                         |        0|  80| 7408|13728|    0|
    +----------------------------------------------------+-----------------------------------------+---------+----+-----+-----+-----+

    * DSP: 
    N/A

    * Memory: 
    N/A

    * FIFO: 
    N/A

    * Expression: 
    +---------------------------------+----------+----+---+----+------------+------------+
    |          Variable Name          | Operation| DSP| FF| LUT| Bitwidth P0| Bitwidth P1|
    +---------------------------------+----------+----+---+----+------------+------------+
    |ap_block_state2_on_subcall_done  |        or|   0|  0|   2|           1|           1|
    +---------------------------------+----------+----+---+----+------------+------------+
    |Total                            |          |   0|  0|   2|           1|           1|
    +---------------------------------+----------+----+---+----+------------+------------+

    * Multiplexer: 
    +-----------+----+-----------+-----+-----------+
    |    Name   | LUT| Input Size| Bits| Total Bits|
    +-----------+----+-----------+-----+-----------+
    |ap_NS_fsm  |  20|          4|    1|          4|
    +-----------+----+-----------+-----+-----------+
    |Total      |  20|          4|    1|          4|
    +-----------+----+-----------+-----+-----------+

    * Register: 
    +-----------------------------------------------------------------+----+----+-----+-----------+
    |                               Name                              | FF | LUT| Bits| Const Bits|
    +-----------------------------------------------------------------+----+----+-----+-----------+
    |acc_15_reg_1467                                                  |  32|   0|   32|          0|
    |acc_17_reg_1504                                                  |  32|   0|   32|          0|
    |acc_18_reg_1541                                                  |  32|   0|   32|          0|
    |acc_20_reg_1578                                                  |  32|   0|   32|          0|
    |acc_21_reg_1615                                                  |  32|   0|   32|          0|
    |acc_23_reg_1620                                                  |  32|   0|   32|          0|
    |acc_24_reg_1625                                                  |  32|   0|   32|          0|
    |acc_26_reg_1630                                                  |  32|   0|   32|          0|
    |acc_27_reg_1667                                                  |  32|   0|   32|          0|
    |acc_28_reg_1672                                                  |  32|   0|   32|          0|
    |acc_29_reg_1677                                                  |  32|   0|   32|          0|
    |acc_30_reg_1682                                                  |  32|   0|   32|          0|
    |acc_31_reg_1719                                                  |  32|   0|   32|          0|
    |acc_32_reg_1724                                                  |  32|   0|   32|          0|
    |acc_33_reg_1729                                                  |  32|   0|   32|          0|
    |acc_reg_1398                                                     |  32|   0|   32|          0|
    |ap_CS_fsm                                                        |   3|   0|    3|          0|
    |bitcast_ln12_10_reg_1488                                         |  32|   0|   32|          0|
    |bitcast_ln12_11_reg_1496                                         |  32|   0|   32|          0|
    |bitcast_ln12_12_reg_1509                                         |  32|   0|   32|          0|
    |bitcast_ln12_13_reg_1517                                         |  32|   0|   32|          0|
    |bitcast_ln12_14_reg_1525                                         |  32|   0|   32|          0|
    |bitcast_ln12_15_reg_1533                                         |  32|   0|   32|          0|
    |bitcast_ln12_16_reg_1546                                         |  32|   0|   32|          0|
    |bitcast_ln12_17_reg_1554                                         |  32|   0|   32|          0|
    |bitcast_ln12_18_reg_1562                                         |  32|   0|   32|          0|
    |bitcast_ln12_19_reg_1570                                         |  32|   0|   32|          0|
    |bitcast_ln12_1_reg_1411                                          |  32|   0|   32|          0|
    |bitcast_ln12_20_reg_1583                                         |  32|   0|   32|          0|
    |bitcast_ln12_21_reg_1591                                         |  32|   0|   32|          0|
    |bitcast_ln12_22_reg_1599                                         |  32|   0|   32|          0|
    |bitcast_ln12_23_reg_1607                                         |  32|   0|   32|          0|
    |bitcast_ln12_24_reg_1635                                         |  32|   0|   32|          0|
    |bitcast_ln12_25_reg_1643                                         |  32|   0|   32|          0|
    |bitcast_ln12_26_reg_1651                                         |  32|   0|   32|          0|
    |bitcast_ln12_27_reg_1659                                         |  32|   0|   32|          0|
    |bitcast_ln12_28_reg_1687                                         |  32|   0|   32|          0|
    |bitcast_ln12_29_reg_1695                                         |  32|   0|   32|          0|
    |bitcast_ln12_2_reg_1419                                          |  32|   0|   32|          0|
    |bitcast_ln12_30_reg_1703                                         |  32|   0|   32|          0|
    |bitcast_ln12_31_reg_1711                                         |  32|   0|   32|          0|
    |bitcast_ln12_3_reg_1427                                          |  32|   0|   32|          0|
    |bitcast_ln12_4_reg_1435                                          |  32|   0|   32|          0|
    |bitcast_ln12_5_reg_1443                                          |  32|   0|   32|          0|
    |bitcast_ln12_6_reg_1451                                          |  32|   0|   32|          0|
    |bitcast_ln12_7_reg_1459                                          |  32|   0|   32|          0|
    |bitcast_ln12_8_reg_1472                                          |  32|   0|   32|          0|
    |bitcast_ln12_9_reg_1480                                          |  32|   0|   32|          0|
    |bitcast_ln12_reg_1403                                            |  32|   0|   32|          0|
    |grp_matmul_4x4x4_Pipeline_VITIS_LOOP_10_310_fu_754_ap_start_reg  |   1|   0|    1|          0|
    |grp_matmul_4x4x4_Pipeline_VITIS_LOOP_10_311_fu_768_ap_start_reg  |   1|   0|    1|          0|
    |grp_matmul_4x4x4_Pipeline_VITIS_LOOP_10_312_fu_782_ap_start_reg  |   1|   0|    1|          0|
    |grp_matmul_4x4x4_Pipeline_VITIS_LOOP_10_313_fu_796_ap_start_reg  |   1|   0|    1|          0|
    |grp_matmul_4x4x4_Pipeline_VITIS_LOOP_10_314_fu_810_ap_start_reg  |   1|   0|    1|          0|
    |grp_matmul_4x4x4_Pipeline_VITIS_LOOP_10_315_fu_824_ap_start_reg  |   1|   0|    1|          0|
    |grp_matmul_4x4x4_Pipeline_VITIS_LOOP_10_31_fu_628_ap_start_reg   |   1|   0|    1|          0|
    |grp_matmul_4x4x4_Pipeline_VITIS_LOOP_10_32_fu_642_ap_start_reg   |   1|   0|    1|          0|
    |grp_matmul_4x4x4_Pipeline_VITIS_LOOP_10_33_fu_656_ap_start_reg   |   1|   0|    1|          0|
    |grp_matmul_4x4x4_Pipeline_VITIS_LOOP_10_34_fu_670_ap_start_reg   |   1|   0|    1|          0|
    |grp_matmul_4x4x4_Pipeline_VITIS_LOOP_10_35_fu_684_ap_start_reg   |   1|   0|    1|          0|
    |grp_matmul_4x4x4_Pipeline_VITIS_LOOP_10_36_fu_698_ap_start_reg   |   1|   0|    1|          0|
    |grp_matmul_4x4x4_Pipeline_VITIS_LOOP_10_37_fu_712_ap_start_reg   |   1|   0|    1|          0|
    |grp_matmul_4x4x4_Pipeline_VITIS_LOOP_10_38_fu_726_ap_start_reg   |   1|   0|    1|          0|
    |grp_matmul_4x4x4_Pipeline_VITIS_LOOP_10_39_fu_740_ap_start_reg   |   1|   0|    1|          0|
    |grp_matmul_4x4x4_Pipeline_VITIS_LOOP_10_3_fu_614_ap_start_reg    |   1|   0|    1|          0|
    +-----------------------------------------------------------------+----+----+-----+-----------+
    |Total                                                            |1555|   0| 1555|          0|
    +-----------------------------------------------------------------+----+----+-----+-----------+



================================================================
== Interface
================================================================
* Summary: 
+-------------------+-----+-----+------------+--------------+--------------+
|     RTL Ports     | Dir | Bits|  Protocol  | Source Object|    C Type    |
+-------------------+-----+-----+------------+--------------+--------------+
|ap_clk             |   in|    1|  ap_ctrl_hs|  matmul_4x4x4|  return value|
|ap_rst             |   in|    1|  ap_ctrl_hs|  matmul_4x4x4|  return value|
|ap_start           |   in|    1|  ap_ctrl_hs|  matmul_4x4x4|  return value|
|ap_done            |  out|    1|  ap_ctrl_hs|  matmul_4x4x4|  return value|
|ap_idle            |  out|    1|  ap_ctrl_hs|  matmul_4x4x4|  return value|
|ap_ready           |  out|    1|  ap_ctrl_hs|  matmul_4x4x4|  return value|
|arg0_0_0           |   in|   32|     ap_none|      arg0_0_0|       pointer|
|arg0_0_1           |   in|   32|     ap_none|      arg0_0_1|       pointer|
|arg0_0_2           |   in|   32|     ap_none|      arg0_0_2|       pointer|
|arg0_0_3           |   in|   32|     ap_none|      arg0_0_3|       pointer|
|arg0_1_0           |   in|   32|     ap_none|      arg0_1_0|       pointer|
|arg0_1_1           |   in|   32|     ap_none|      arg0_1_1|       pointer|
|arg0_1_2           |   in|   32|     ap_none|      arg0_1_2|       pointer|
|arg0_1_3           |   in|   32|     ap_none|      arg0_1_3|       pointer|
|arg0_2_0           |   in|   32|     ap_none|      arg0_2_0|       pointer|
|arg0_2_1           |   in|   32|     ap_none|      arg0_2_1|       pointer|
|arg0_2_2           |   in|   32|     ap_none|      arg0_2_2|       pointer|
|arg0_2_3           |   in|   32|     ap_none|      arg0_2_3|       pointer|
|arg0_3_0           |   in|   32|     ap_none|      arg0_3_0|       pointer|
|arg0_3_1           |   in|   32|     ap_none|      arg0_3_1|       pointer|
|arg0_3_2           |   in|   32|     ap_none|      arg0_3_2|       pointer|
|arg0_3_3           |   in|   32|     ap_none|      arg0_3_3|       pointer|
|arg1_0_0           |   in|   32|     ap_none|      arg1_0_0|       pointer|
|arg1_0_1           |   in|   32|     ap_none|      arg1_0_1|       pointer|
|arg1_0_2           |   in|   32|     ap_none|      arg1_0_2|       pointer|
|arg1_0_3           |   in|   32|     ap_none|      arg1_0_3|       pointer|
|arg1_1_0           |   in|   32|     ap_none|      arg1_1_0|       pointer|
|arg1_1_1           |   in|   32|     ap_none|      arg1_1_1|       pointer|
|arg1_1_2           |   in|   32|     ap_none|      arg1_1_2|       pointer|
|arg1_1_3           |   in|   32|     ap_none|      arg1_1_3|       pointer|
|arg1_2_0           |   in|   32|     ap_none|      arg1_2_0|       pointer|
|arg1_2_1           |   in|   32|     ap_none|      arg1_2_1|       pointer|
|arg1_2_2           |   in|   32|     ap_none|      arg1_2_2|       pointer|
|arg1_2_3           |   in|   32|     ap_none|      arg1_2_3|       pointer|
|arg1_3_0           |   in|   32|     ap_none|      arg1_3_0|       pointer|
|arg1_3_1           |   in|   32|     ap_none|      arg1_3_1|       pointer|
|arg1_3_2           |   in|   32|     ap_none|      arg1_3_2|       pointer|
|arg1_3_3           |   in|   32|     ap_none|      arg1_3_3|       pointer|
|arg2_0_0_i         |   in|   32|     ap_ovld|      arg2_0_0|       pointer|
|arg2_0_0_o         |  out|   32|     ap_ovld|      arg2_0_0|       pointer|
|arg2_0_0_o_ap_vld  |  out|    1|     ap_ovld|      arg2_0_0|       pointer|
|arg2_0_1_i         |   in|   32|     ap_ovld|      arg2_0_1|       pointer|
|arg2_0_1_o         |  out|   32|     ap_ovld|      arg2_0_1|       pointer|
|arg2_0_1_o_ap_vld  |  out|    1|     ap_ovld|      arg2_0_1|       pointer|
|arg2_0_2_i         |   in|   32|     ap_ovld|      arg2_0_2|       pointer|
|arg2_0_2_o         |  out|   32|     ap_ovld|      arg2_0_2|       pointer|
|arg2_0_2_o_ap_vld  |  out|    1|     ap_ovld|      arg2_0_2|       pointer|
|arg2_0_3_i         |   in|   32|     ap_ovld|      arg2_0_3|       pointer|
|arg2_0_3_o         |  out|   32|     ap_ovld|      arg2_0_3|       pointer|
|arg2_0_3_o_ap_vld  |  out|    1|     ap_ovld|      arg2_0_3|       pointer|
|arg2_1_0_i         |   in|   32|     ap_ovld|      arg2_1_0|       pointer|
|arg2_1_0_o         |  out|   32|     ap_ovld|      arg2_1_0|       pointer|
|arg2_1_0_o_ap_vld  |  out|    1|     ap_ovld|      arg2_1_0|       pointer|
|arg2_1_1_i         |   in|   32|     ap_ovld|      arg2_1_1|       pointer|
|arg2_1_1_o         |  out|   32|     ap_ovld|      arg2_1_1|       pointer|
|arg2_1_1_o_ap_vld  |  out|    1|     ap_ovld|      arg2_1_1|       pointer|
|arg2_1_2_i         |   in|   32|     ap_ovld|      arg2_1_2|       pointer|
|arg2_1_2_o         |  out|   32|     ap_ovld|      arg2_1_2|       pointer|
|arg2_1_2_o_ap_vld  |  out|    1|     ap_ovld|      arg2_1_2|       pointer|
|arg2_1_3_i         |   in|   32|     ap_ovld|      arg2_1_3|       pointer|
|arg2_1_3_o         |  out|   32|     ap_ovld|      arg2_1_3|       pointer|
|arg2_1_3_o_ap_vld  |  out|    1|     ap_ovld|      arg2_1_3|       pointer|
|arg2_2_0_i         |   in|   32|     ap_ovld|      arg2_2_0|       pointer|
|arg2_2_0_o         |  out|   32|     ap_ovld|      arg2_2_0|       pointer|
|arg2_2_0_o_ap_vld  |  out|    1|     ap_ovld|      arg2_2_0|       pointer|
|arg2_2_1_i         |   in|   32|     ap_ovld|      arg2_2_1|       pointer|
|arg2_2_1_o         |  out|   32|     ap_ovld|      arg2_2_1|       pointer|
|arg2_2_1_o_ap_vld  |  out|    1|     ap_ovld|      arg2_2_1|       pointer|
|arg2_2_2_i         |   in|   32|     ap_ovld|      arg2_2_2|       pointer|
|arg2_2_2_o         |  out|   32|     ap_ovld|      arg2_2_2|       pointer|
|arg2_2_2_o_ap_vld  |  out|    1|     ap_ovld|      arg2_2_2|       pointer|
|arg2_2_3_i         |   in|   32|     ap_ovld|      arg2_2_3|       pointer|
|arg2_2_3_o         |  out|   32|     ap_ovld|      arg2_2_3|       pointer|
|arg2_2_3_o_ap_vld  |  out|    1|     ap_ovld|      arg2_2_3|       pointer|
|arg2_3_0_i         |   in|   32|     ap_ovld|      arg2_3_0|       pointer|
|arg2_3_0_o         |  out|   32|     ap_ovld|      arg2_3_0|       pointer|
|arg2_3_0_o_ap_vld  |  out|    1|     ap_ovld|      arg2_3_0|       pointer|
|arg2_3_1_i         |   in|   32|     ap_ovld|      arg2_3_1|       pointer|
|arg2_3_1_o         |  out|   32|     ap_ovld|      arg2_3_1|       pointer|
|arg2_3_1_o_ap_vld  |  out|    1|     ap_ovld|      arg2_3_1|       pointer|
|arg2_3_2_i         |   in|   32|     ap_ovld|      arg2_3_2|       pointer|
|arg2_3_2_o         |  out|   32|     ap_ovld|      arg2_3_2|       pointer|
|arg2_3_2_o_ap_vld  |  out|    1|     ap_ovld|      arg2_3_2|       pointer|
|arg2_3_3_i         |   in|   32|     ap_ovld|      arg2_3_3|       pointer|
|arg2_3_3_o         |  out|   32|     ap_ovld|      arg2_3_3|       pointer|
|arg2_3_3_o_ap_vld  |  out|    1|     ap_ovld|      arg2_3_3|       pointer|
+-------------------+-----+-----+------------+--------------+--------------+

