

================================================================
== Vitis HLS Report for 'matmul_4x4x4_Pipeline_VITIS_LOOP_10_38'
================================================================
* Date:           Thu Jul 23 00:51:07 2026

* Version:        2026.1 (Build 6493734 on Jun 16 2026)
* Project:        work_full_precision_auto
* Solution:       hls (Vivado IP Flow Target)
* Product family: zynq
* Target device:  xc7z020-clg400-1


================================================================
== Performance Estimates
================================================================
+ Timing: 
    * Summary: 
    +--------+----------+-----------+------------+
    |  Clock |  Target  | Estimated | Uncertainty|
    +--------+----------+-----------+------------+
    |ap_clk  |  10.00 ns|  46.744 ns|     2.70 ns|
    +--------+----------+-----------+------------+

+ Latency: 
    * Summary: 
    +---------+---------+----------+----------+-----+-----+-------------------+
    |  Latency (cycles) |  Latency (absolute) |  Interval |      Pipeline     |
    |   min   |   max   |    min   |    max   | min | max |        Type       |
    +---------+---------+----------+----------+-----+-----+-------------------+
    |       10|       10|  0.467 us|  0.467 us|    0|    0|  loop pipeline stp|
    +---------+---------+----------+----------+-----+-----+-------------------+

    + Detail: 
        * Instance: 
        N/A

        * Loop: 
        +-------------------+---------+---------+----------+-----------+-----------+------+----------+
        |                   |  Latency (cycles) | Iteration|  Initiation Interval  | Trip |          |
        |     Loop Name     |   min   |   max   |  Latency |  achieved |   target  | Count| Pipelined|
        +-------------------+---------+---------+----------+-----------+-----------+------+----------+
        |- VITIS_LOOP_10_3  |        8|        8|         6|          1|          1|     4|       yes|
        +-------------------+---------+---------+----------+-----------+-----------+------+----------+



================================================================
== Utilization Estimates
================================================================
* Summary: 
+-----------------+---------+-----+--------+-------+-----+
|       Name      | BRAM_18K| DSP |   FF   |  LUT  | URAM|
+-----------------+---------+-----+--------+-------+-----+
|DSP              |        -|    -|       -|      -|    -|
|Expression       |        -|    -|       0|     26|    -|
|FIFO             |        -|    -|       -|      -|    -|
|Instance         |        -|    5|     320|    746|    -|
|Memory           |        -|    -|       -|      -|    -|
|Multiplexer      |        -|    -|       0|     54|    -|
|Register         |        -|    -|     143|     32|    -|
+-----------------+---------+-----+--------+-------+-----+
|Total            |        0|    5|     463|    858|    0|
+-----------------+---------+-----+--------+-------+-----+
|Available        |      280|  220|  106400|  53200|    0|
+-----------------+---------+-----+--------+-------+-----+
|Utilization (%)  |        0|    2|      ~0|      1|    0|
+-----------------+---------+-----+--------+-------+-----+

+ Detail: 
    * Instance: 
    +-------------------------------------+--------------------------------+---------+----+-----+-----+-----+
    |               Instance              |             Module             | BRAM_18K| DSP|  FF | LUT | URAM|
    +-------------------------------------+--------------------------------+---------+----+-----+-----+-----+
    |fadd_32ns_32ns_32_2_full_dsp_1_U116  |fadd_32ns_32ns_32_2_full_dsp_1  |        0|   2|  177|  385|    0|
    |fmul_32ns_32ns_32_4_max_dsp_1_U117   |fmul_32ns_32ns_32_4_max_dsp_1   |        0|   3|  143|  321|    0|
    |sparsemux_9_2_32_1_1_U118            |sparsemux_9_2_32_1_1            |        0|   0|    0|   20|    0|
    |sparsemux_9_2_32_1_1_U119            |sparsemux_9_2_32_1_1            |        0|   0|    0|   20|    0|
    +-------------------------------------+--------------------------------+---------+----+-----+-----+-----+
    |Total                                |                                |        0|   5|  320|  746|    0|
    +-------------------------------------+--------------------------------+---------+----+-----+-----+-----+

    * DSP: 
    N/A

    * Memory: 
    N/A

    * FIFO: 
    N/A

    * Expression: 
    +---------------------+----------+----+---+----+------------+------------+
    |    Variable Name    | Operation| DSP| FF| LUT| Bitwidth P0| Bitwidth P1|
    +---------------------+----------+----+---+----+------------+------------+
    |add_ln10_fu_156_p2   |         +|   0|  0|  11|           3|           1|
    |icmp_ln10_fu_150_p2  |      icmp|   0|  0|  13|           3|           4|
    |ap_enable_pp0        |       xor|   0|  0|   2|           1|           2|
    +---------------------+----------+----+---+----+------------+------------+
    |Total                |          |   0|  0|  26|           7|           7|
    +---------------------+----------+----+---+----+------------+------------+

    * Multiplexer: 
    +-----------------------------+----+-----------+-----+-----------+
    |             Name            | LUT| Input Size| Bits| Total Bits|
    +-----------------------------+----+-----------+-----+-----------+
    |acc_fu_60                    |   9|          2|   32|         64|
    |ap_done_int                  |   9|          2|    1|          2|
    |ap_enable_reg_pp0_iter1      |   9|          2|    1|          2|
    |ap_sig_allocacmp_acc_load_2  |   9|          2|   32|         64|
    |ap_sig_allocacmp_k_2         |   9|          2|    3|          6|
    |k_fu_64                      |   9|          2|    3|          6|
    +-----------------------------+----+-----------+-----+-----------+
    |Total                        |  54|         12|   72|        144|
    +-----------------------------+----+-----------+-----+-----------+

    * Register: 
    +----------------------------------+----+----+-----+-----------+
    |               Name               | FF | LUT| Bits| Const Bits|
    +----------------------------------+----+----+-----+-----------+
    |acc_fu_60                         |  32|   0|   32|          0|
    |ap_CS_fsm                         |   1|   0|    1|          0|
    |ap_done_reg                       |   1|   0|    1|          0|
    |ap_enable_reg_pp0_iter1           |   1|   0|    1|          0|
    |ap_enable_reg_pp0_iter2           |   1|   0|    1|          0|
    |ap_enable_reg_pp0_iter3           |   1|   0|    1|          0|
    |ap_enable_reg_pp0_iter4           |   1|   0|    1|          0|
    |ap_enable_reg_pp0_iter5           |   1|   0|    1|          0|
    |ap_loop_exit_ready_pp0_iter1_reg  |   1|   0|    1|          0|
    |ap_loop_exit_ready_pp0_iter2_reg  |   1|   0|    1|          0|
    |ap_loop_exit_ready_pp0_iter3_reg  |   1|   0|    1|          0|
    |ap_loop_exit_ready_pp0_iter4_reg  |   1|   0|    1|          0|
    |icmp_ln10_reg_249                 |   1|   0|    1|          0|
    |k_fu_64                           |   3|   0|    3|          0|
    |mul_2_reg_263                     |  32|   0|   32|          0|
    |icmp_ln10_reg_249                 |  64|  32|    1|          0|
    +----------------------------------+----+----+-----+-----------+
    |Total                             | 143|  32|   80|          0|
    +----------------------------------+----+----+-----+-----------+



================================================================
== Interface
================================================================
* Summary: 
+-------------------+-----+-----+------------+----------------------------------------+--------------+
|     RTL Ports     | Dir | Bits|  Protocol  |              Source Object             |    C Type    |
+-------------------+-----+-----+------------+----------------------------------------+--------------+
|ap_clk             |   in|    1|  ap_ctrl_hs|  matmul_4x4x4_Pipeline_VITIS_LOOP_10_38|  return value|
|ap_rst             |   in|    1|  ap_ctrl_hs|  matmul_4x4x4_Pipeline_VITIS_LOOP_10_38|  return value|
|ap_start           |   in|    1|  ap_ctrl_hs|  matmul_4x4x4_Pipeline_VITIS_LOOP_10_38|  return value|
|ap_done            |  out|    1|  ap_ctrl_hs|  matmul_4x4x4_Pipeline_VITIS_LOOP_10_38|  return value|
|ap_idle            |  out|    1|  ap_ctrl_hs|  matmul_4x4x4_Pipeline_VITIS_LOOP_10_38|  return value|
|ap_ready           |  out|    1|  ap_ctrl_hs|  matmul_4x4x4_Pipeline_VITIS_LOOP_10_38|  return value|
|acc_22             |   in|   32|     ap_none|                                  acc_22|        scalar|
|bitcast_ln12_24    |   in|   32|     ap_none|                         bitcast_ln12_24|        scalar|
|bitcast_ln12_25    |   in|   32|     ap_none|                         bitcast_ln12_25|        scalar|
|bitcast_ln12_26    |   in|   32|     ap_none|                         bitcast_ln12_26|        scalar|
|bitcast_ln12_27    |   in|   32|     ap_none|                         bitcast_ln12_27|        scalar|
|bitcast_ln12_4     |   in|   32|     ap_none|                          bitcast_ln12_4|        scalar|
|bitcast_ln12_5     |   in|   32|     ap_none|                          bitcast_ln12_5|        scalar|
|bitcast_ln12_6     |   in|   32|     ap_none|                          bitcast_ln12_6|        scalar|
|bitcast_ln12_7     |   in|   32|     ap_none|                          bitcast_ln12_7|        scalar|
|acc_26_out         |  out|   32|      ap_vld|                              acc_26_out|       pointer|
|acc_26_out_ap_vld  |  out|    1|      ap_vld|                              acc_26_out|       pointer|
+-------------------+-----+-----+------------+----------------------------------------+--------------+

